
Discarded input sections

 .data          0x0000000000000000        0x0 build/obj/crt0_v7m.o
 .bss           0x0000000000000000        0x0 build/obj/crt0_v7m.o
 .data          0x0000000000000000        0x0 build/obj/chcoreasm_v7m.o
 .bss           0x0000000000000000        0x0 build/obj/chcoreasm_v7m.o
 .text          0x0000000000000000        0x0 build/obj/crt1.o
 .data          0x0000000000000000        0x0 build/obj/crt1.o
 .bss           0x0000000000000000        0x0 build/obj/crt1.o
 .text.__early_init
                0x0000000000000000        0x4 build/obj/crt1.o
 .text          0x0000000000000000        0x0 build/obj/vectors.o
 .data          0x0000000000000000        0x0 build/obj/vectors.o
 .bss           0x0000000000000000        0x0 build/obj/vectors.o
 .text          0x0000000000000000        0x0 build/obj/chsys.o
 .data          0x0000000000000000        0x0 build/obj/chsys.o
 .bss           0x0000000000000000        0x0 build/obj/chsys.o
 .text.chSysIntegrityCheckI
                0x0000000000000000       0xc0 build/obj/chsys.o
 .text.chSysGetStatusAndLockX
                0x0000000000000000       0x38 build/obj/chsys.o
 .text.chSysRestoreStatusX
                0x0000000000000000       0x58 build/obj/chsys.o
 .text.chSysIsCounterWithinX
                0x0000000000000000       0x10 build/obj/chsys.o
 .text.chSysPolledDelayX
                0x0000000000000000       0x14 build/obj/chsys.o
 .rodata.__func__.5969
                0x0000000000000000        0xc build/obj/chsys.o
 .text          0x0000000000000000        0x0 build/obj/chdebug.o
 .data          0x0000000000000000        0x0 build/obj/chdebug.o
 .bss           0x0000000000000000        0x0 build/obj/chdebug.o
 .text._dbg_check_disable
                0x0000000000000000       0x1c build/obj/chdebug.o
 .text._dbg_check_suspend
                0x0000000000000000       0x1c build/obj/chdebug.o
 .text          0x0000000000000000        0x0 build/obj/chvt.o
 .data          0x0000000000000000        0x0 build/obj/chvt.o
 .bss           0x0000000000000000        0x0 build/obj/chvt.o
 .text          0x0000000000000000        0x0 build/obj/chschd.o
 .data          0x0000000000000000        0x0 build/obj/chschd.o
 .bss           0x0000000000000000        0x0 build/obj/chschd.o
 .text.chSchDoRescheduleBehind
                0x0000000000000000       0x50 build/obj/chschd.o
 .text.chSchRescheduleS
                0x0000000000000000       0x28 build/obj/chschd.o
 .text          0x0000000000000000        0x0 build/obj/chthreads.o
 .data          0x0000000000000000        0x0 build/obj/chthreads.o
 .bss           0x0000000000000000        0x0 build/obj/chthreads.o
 .text._thread_memfill
                0x0000000000000000       0x10 build/obj/chthreads.o
 .text.chThdStart
                0x0000000000000000       0x60 build/obj/chthreads.o
 .text.chThdSetPriority
                0x0000000000000000       0x6c build/obj/chthreads.o
 .text.chThdTerminate
                0x0000000000000000       0x50 build/obj/chthreads.o
 .text.chThdSleepUntil
                0x0000000000000000       0x54 build/obj/chthreads.o
 .text.chThdSleepUntilWindowed
                0x0000000000000000       0x6c build/obj/chthreads.o
 .text.chThdYield
                0x0000000000000000       0x5c build/obj/chthreads.o
 .text.chThdWait
                0x0000000000000000       0x90 build/obj/chthreads.o
 .text.chThdSuspendTimeoutS
                0x0000000000000000       0x34 build/obj/chthreads.o
 .text.chThdResume
                0x0000000000000000       0x4c build/obj/chthreads.o
 .text.chThdEnqueueTimeoutS
                0x0000000000000000       0x28 build/obj/chthreads.o
 .text.chThdDequeueNextI
                0x0000000000000000       0x30 build/obj/chthreads.o
 .text.chThdDequeueAllI
                0x0000000000000000       0x34 build/obj/chthreads.o
 .rodata.__func__.6734
                0x0000000000000000       0x15 build/obj/chthreads.o
 .rodata.__func__.6690
                0x0000000000000000       0x11 build/obj/chthreads.o
 .rodata.__func__.6723
                0x0000000000000000        0xa build/obj/chthreads.o
 .rodata.__func__.6136
                0x0000000000000000        0xc build/obj/chthreads.o
 .rodata.__func__.6152
                0x0000000000000000       0x14 build/obj/chthreads.o
 .text          0x0000000000000000        0x0 build/obj/chtm.o
 .data          0x0000000000000000        0x0 build/obj/chtm.o
 .bss           0x0000000000000000        0x0 build/obj/chtm.o
 .text          0x0000000000000000        0x0 build/obj/chstats.o
 .data          0x0000000000000000        0x0 build/obj/chstats.o
 .bss           0x0000000000000000        0x0 build/obj/chstats.o
 .text          0x0000000000000000        0x0 build/obj/chdynamic.o
 .data          0x0000000000000000        0x0 build/obj/chdynamic.o
 .bss           0x0000000000000000        0x0 build/obj/chdynamic.o
 .text.chThdAddRef
                0x0000000000000000       0x64 build/obj/chdynamic.o
[...]
Memory Configuration

Name             Origin             Length             Attributes
flash            0x0000000008000000 0x0000000000100000
ram0             0x0000000020000000 0x0000000000020000
ram1             0x0000000020000000 0x000000000001c000
ram2             0x000000002001c000 0x0000000000004000
ram3             0x0000000000000000 0x0000000000000000
ram4             0x0000000010000000 0x0000000000010000
ram5             0x0000000040024000 0x0000000000001000
ram6             0x0000000000000000 0x0000000000000000
ram7             0x0000000000000000 0x0000000000000000
*default*        0x0000000000000000 0xffffffffffffffff

Linker script and memory map

LOAD build/obj/crt0_v7m.o
LOAD build/obj/chcoreasm_v7m.o
LOAD build/obj/crt1.o
LOAD build/obj/vectors.o
LOAD build/obj/chsys.o
LOAD build/obj/chdebug.o
LOAD build/obj/chvt.o
LOAD build/obj/chschd.o
LOAD build/obj/chthreads.o
LOAD build/obj/chtm.o
LOAD build/obj/chstats.o
LOAD build/obj/chdynamic.o
LOAD build/obj/chregistry.o
LOAD build/obj/chsem.o
LOAD build/obj/chmtx.o
LOAD build/obj/chcond.o
LOAD build/obj/chevents.o
LOAD build/obj/chmsg.o
LOAD build/obj/chmboxes.o
LOAD build/obj/chqueues.o
LOAD build/obj/chmemcore.o
LOAD build/obj/chheap.o
LOAD build/obj/chmempools.o
LOAD build/obj/chcore.o
LOAD build/obj/chcore_v7m.o
LOAD build/obj/osal.o
LOAD build/obj/hal.o
LOAD build/obj/st.o
LOAD build/obj/hal_queues.o
LOAD build/obj/hal_mmcsd.o
LOAD build/obj/adc.o
LOAD build/obj/pal.o
LOAD build/obj/nvic.o
LOAD build/obj/stm32_dma.o
LOAD build/obj/hal_lld.o
LOAD build/obj/st_lld.o
LOAD build/obj/adc_lld.o
LOAD build/obj/pal_lld.o
LOAD build/obj/board.o
LOAD build/obj/main.o
                0x0000000020000000                __ram0_start__ = ORIGIN (ram0)
                0x0000000000020000                __ram0_size__ = LENGTH (ram0)
                0x0000000020020000                __ram0_end__ = (__ram0_start__ + __ram0_size__)
                0x0000000020000000                __ram1_start__ = ORIGIN (ram1)
                0x000000000001c000                __ram1_size__ = LENGTH (ram1)
                0x000000002001c000                __ram1_end__ = (__ram1_start__ + __ram1_size__)
                0x000000002001c000                __ram2_start__ = ORIGIN (ram2)
                0x0000000000004000                __ram2_size__ = LENGTH (ram2)
                0x0000000020020000                __ram2_end__ = (__ram2_start__ + __ram2_size__)
                0x0000000000000000                __ram3_start__ = ORIGIN (ram3)
                0x0000000000000000                __ram3_size__ = LENGTH (ram3)
                0x0000000000000000                __ram3_end__ = (__ram3_start__ + __ram3_size__)
                0x0000000010000000                __ram4_start__ = ORIGIN (ram4)
                0x0000000000010000                __ram4_size__ = LENGTH (ram4)
                0x0000000010010000                __ram4_end__ = (__ram4_start__ + __ram4_size__)
                0x0000000040024000                __ram5_start__ = ORIGIN (ram5)
                0x0000000000001000                __ram5_size__ = LENGTH (ram5)
                0x0000000040025000                __ram5_end__ = (__ram5_start__ + __ram5_size__)
                0x0000000000000000                __ram6_start__ = ORIGIN (ram6)
                0x0000000000000000                __ram6_size__ = LENGTH (ram6)
                0x0000000000000000                __ram6_end__ = (__ram6_start__ + __ram6_size__)
                0x0000000000000000                __ram7_start__ = ORIGIN (ram7)
                0x0000000000000000                __ram7_size__ = LENGTH (ram7)
                0x0000000000000000                __ram7_end__ = (__ram7_start__ + __ram7_size__)
                0x0000000000000000                . = 0x0
                0x0000000000000000                _text = .

startup         0x0000000008000000      0x1c0
 *(.vectors)
 .vectors       0x0000000008000000      0x1c0 build/obj/vectors.o
                0x0000000008000000                _vectors

constructors    0x00000000080001c0        0x0
                0x00000000080001c0                PROVIDE (__init_array_start, .)
 *(SORT(.init_array.*))
 *(.init_array)
                0x00000000080001c0                PROVIDE (__init_array_end, .)

destructors     0x00000000080001c0        0x0
                0x00000000080001c0                PROVIDE (__fini_array_start, .)
 *(.fini_array)
 *(SORT(.fini_array.*))
                0x00000000080001c0                PROVIDE (__fini_array_end, .)

.text           0x00000000080001c0     0x25a8
 *(.text)
 .text          0x00000000080001c0       0xbc build/obj/crt0_v7m.o
                0x00000000080001c0                Reset_Handler
 *fill*         0x000000000800027c        0x4 
 .text          0x0000000008000280       0x40 build/obj/chcoreasm_v7m.o
                0x0000000008000280                _port_switch
                0x0000000008000290                _port_thread_start
                0x00000000080002a8                _port_switch_from_isr
                0x00000000080002bc                _port_exit_from_isr
 *(.text.*)
 .text.__late_init
                0x00000000080002c0        0x4 build/obj/crt1.o
                0x00000000080002c0                __late_init
 *fill*         0x00000000080002c4        0xc 
 .text.__default_exit
                0x00000000080002d0        0x4 build/obj/crt1.o
                0x00000000080002d0                __default_exit
 *fill*         0x00000000080002d4        0xc 
 .text._unhandled_exception
                0x00000000080002e0        0x4 build/obj/vectors.o
                0x00000000080002e0                Vector58
                0x00000000080002e0                Vector9C
                0x00000000080002e0                VectorE8
                0x00000000080002e0                VectorAC
                0x00000000080002e0                DebugMon_Handler
                0x00000000080002e0                Vector1A0
                0x00000000080002e0                Vector5C
                0x00000000080002e0                Vector11C
                0x00000000080002e0                HardFault_Handler
                0x00000000080002e0                Vector1B8
                0x00000000080002e0                Vector19C
                0x00000000080002e0                SysTick_Handler
                0x00000000080002e0                Vector8C
                0x00000000080002e0                VectorDC
                0x00000000080002e0                PendSV_Handler
                0x00000000080002e0                Vector168
                0x00000000080002e0                NMI_Handler
                0x00000000080002e0                Vector110
                0x00000000080002e0                VectorC8
                0x00000000080002e0                Vector94
                0x00000000080002e0                VectorA8
                0x00000000080002e0                VectorB4
                0x00000000080002e0                Vector160
                0x00000000080002e0                Vector1B0
                0x00000000080002e0                UsageFault_Handler
                0x00000000080002e0                VectorEC
                0x00000000080002e0                Vector40
                0x00000000080002e0                VectorF8
                0x00000000080002e0                Vector108
                0x00000000080002e0                VectorBC
                0x00000000080002e0                Vector190
                0x00000000080002e0                Vector148
                0x00000000080002e0                Vector188
                0x00000000080002e0                Vector198
                0x00000000080002e0                Vector118
                0x00000000080002e0                Vector64
                0x00000000080002e0                VectorCC
                0x00000000080002e0                Vector54
                0x00000000080002e0                Vector98
                0x00000000080002e0                VectorD8
                0x00000000080002e0                Vector138
                0x00000000080002e0                Vector24
                0x00000000080002e0                Vector1AC
                0x00000000080002e0                Vector178
                0x00000000080002e0                Vector1A4
                0x00000000080002e0                VectorD0
                0x00000000080002e0                Vector1B4
                0x00000000080002e0                Vector140
                0x00000000080002e0                VectorE4
                0x00000000080002e0                VectorC0
                0x00000000080002e0                Vector134
                0x00000000080002e0                VectorF0
                0x00000000080002e0                Vector13C
                0x00000000080002e0                Vector100
                0x00000000080002e0                VectorE0
                0x00000000080002e0                VectorF4
                0x00000000080002e0                MemManage_Handler
                0x00000000080002e0                VectorA0
                0x00000000080002e0                VectorC4
                0x00000000080002e0                Vector180
                0x00000000080002e0                Vector90
                0x00000000080002e0                Vector114
                0x00000000080002e0                Vector60
                0x00000000080002e0                Vector164
                0x00000000080002e0                Vector1C
                0x00000000080002e0                Vector1BC
                0x00000000080002e0                Vector17C
                0x00000000080002e0                Vector48
                0x00000000080002e0                Vector1A8
                0x00000000080002e0                Vector16C
                0x00000000080002e0                VectorD4
                0x00000000080002e0                Vector4C
                0x00000000080002e0                Vector144
                0x00000000080002e0                Vector15C
                0x00000000080002e0                Vector68
                0x00000000080002e0                _unhandled_exception
                0x00000000080002e0                Vector170
                0x00000000080002e0                Vector104
                0x00000000080002e0                Vector184
                0x00000000080002e0                Vector10C
                0x00000000080002e0                Vector14C
                0x00000000080002e0                BusFault_Handler
                0x00000000080002e0                Vector50
                0x00000000080002e0                Vector194
                0x00000000080002e0                Vector44
                0x00000000080002e0                Vector28
                0x00000000080002e0                VectorB8
                0x00000000080002e0                Vector34
                0x00000000080002e0                VectorA4
                0x00000000080002e0                Vector20
                0x00000000080002e0                Vector18C
                0x00000000080002e0                Vector174
 *fill*         0x00000000080002e4        0xc 
 .text._idle_thread
                0x00000000080002f0       0x14 build/obj/chsys.o
 *fill*         0x0000000008000304        0xc 
 .text.chSysInit
                0x0000000008000310       0xb0 build/obj/chsys.o
                0x0000000008000310                chSysInit
 .text.chSysHalt
                0x00000000080003c0        0xc build/obj/chsys.o
                0x00000000080003c0                chSysHalt
 *fill*         0x00000000080003cc        0x4 
 .text.chSysTimerHandlerI
                0x00000000080003d0       0xac build/obj/chsys.o
                0x00000000080003d0                chSysTimerHandlerI
 *fill*         0x000000000800047c        0x4 
 .text._dbg_check_enable
                0x0000000008000480       0x1c build/obj/chdebug.o
                0x0000000008000480                _dbg_check_enable
 *fill*         0x000000000800049c        0x4 
 .text._dbg_check_lock
                0x00000000080004a0       0x20 build/obj/chdebug.o
                0x00000000080004a0                _dbg_check_lock
 .text._dbg_check_unlock
                0x00000000080004c0       0x28 build/obj/chdebug.o
                0x00000000080004c0                _dbg_check_unlock
 *fill*         0x00000000080004e8        0x8 
 .text._dbg_check_lock_from_isr
                0x00000000080004f0       0x24 build/obj/chdebug.o
                0x00000000080004f0                _dbg_check_lock_from_isr
 *fill*         0x0000000008000514        0xc 
 .text._dbg_check_unlock_from_isr
                0x0000000008000520       0x2c build/obj/chdebug.o
                0x0000000008000520                _dbg_check_unlock_from_isr
 *fill*         0x000000000800054c        0x4 
 .text._dbg_check_enter_isr
                0x0000000008000550       0x30 build/obj/chdebug.o
                0x0000000008000550                _dbg_check_enter_isr
 .text._dbg_check_leave_isr
                0x0000000008000580       0x30 build/obj/chdebug.o
                0x0000000008000580                _dbg_check_leave_isr
 .text.chDbgCheckClassI
                0x00000000080005b0       0x20 build/obj/chdebug.o
                0x00000000080005b0                chDbgCheckClassI
 .text.chDbgCheckClassS
                0x00000000080005d0       0x1c build/obj/chdebug.o
                0x00000000080005d0                chDbgCheckClassS
 *fill*         0x00000000080005ec        0x4 
 .text._dbg_trace_init
                0x00000000080005f0       0x10 build/obj/chdebug.o
                0x00000000080005f0                _dbg_trace_init
 .text._dbg_trace
                0x0000000008000600       0x34 build/obj/chdebug.o
                0x0000000008000600                _dbg_trace
 *fill*         0x0000000008000634        0xc 
 .text._vt_init
                0x0000000008000640       0x1c build/obj/chvt.o
                0x0000000008000640                _vt_init
 *fill*         0x000000000800065c        0x4 
 .text.chVTDoSetI
                0x0000000008000660       0x9c build/obj/chvt.o
                0x0000000008000660                chVTDoSetI
 *fill*         0x00000000080006fc        0x4 
 .text.chVTDoResetI
                0x0000000008000700       0x94 build/obj/chvt.o
                0x0000000008000700                chVTDoResetI
 *fill*         0x0000000008000794        0xc 
 .text._scheduler_init
                0x00000000080007a0       0x14 build/obj/chschd.o
                0x00000000080007a0                _scheduler_init
 *fill*         0x00000000080007b4        0xc 
 .text.chSchReadyI
                0x00000000080007c0       0x4c build/obj/chschd.o
                0x00000000080007c0                chSchReadyI
 *fill*         0x000000000800080c        0x4 
 .text.wakeup   0x0000000008000810       0x6c build/obj/chschd.o
 *fill*         0x000000000800087c        0x4 
 .text.chSchGoSleepS
                0x0000000008000880       0x54 build/obj/chschd.o
                0x0000000008000880                chSchGoSleepS
 *fill*         0x00000000080008d4        0xc 
 .text.chSchGoSleepTimeoutS
                0x00000000080008e0       0x54 build/obj/chschd.o
                0x00000000080008e0                chSchGoSleepTimeoutS
 *fill*         0x0000000008000934        0xc 
 .text.chSchWakeupS
                0x0000000008000940       0x70 build/obj/chschd.o
                0x0000000008000940                chSchWakeupS
 .text.chSchIsPreemptionRequired
                0x00000000080009b0       0x18 build/obj/chschd.o
                0x00000000080009b0                chSchIsPreemptionRequired
 *fill*         0x00000000080009c8        0x8 
 .text.chSchDoRescheduleAhead
                0x00000000080009d0       0x68 build/obj/chschd.o
                0x00000000080009d0                chSchDoRescheduleAhead
 *fill*         0x0000000008000a38        0x8 
 .text.chSchDoReschedule
                0x0000000008000a40        0x4 build/obj/chschd.o
                0x0000000008000a40                chSchDoReschedule
 *fill*         0x0000000008000a44        0xc 
 .text._thread_init
                0x0000000008000a50       0x5c build/obj/chthreads.o
                0x0000000008000a50                _thread_init
 *fill*         0x0000000008000aac        0x4 
 .text.chThdCreateI
                0x0000000008000ab0       0x50 build/obj/chthreads.o
                0x0000000008000ab0                chThdCreateI
 .text.chThdCreateStatic
                0x0000000008000b00       0x90 build/obj/chthreads.o
                0x0000000008000b00                chThdCreateStatic
 .text.chThdSleep
                0x0000000008000b90       0x58 build/obj/chthreads.o
                0x0000000008000b90                chThdSleep
 *fill*         0x0000000008000be8        0x8 
 .text.chThdExitS
                0x0000000008000bf0       0x4c build/obj/chthreads.o
                0x0000000008000bf0                chThdExitS
 *fill*         0x0000000008000c3c        0x4 
 .text.chThdExit
                0x0000000008000c40       0x1c build/obj/chthreads.o
                0x0000000008000c40                chThdExit
 *fill*         0x0000000008000c5c        0x4 
 .text.chThdSuspendS
                0x0000000008000c60       0x2c build/obj/chthreads.o
                0x0000000008000c60                chThdSuspendS
 *fill*         0x0000000008000c8c        0x4 
 .text.chThdResumeI
                0x0000000008000c90       0x30 build/obj/chthreads.o
                0x0000000008000c90                chThdResumeI
 .text.chThdResumeS
                0x0000000008000cc0       0x30 build/obj/chthreads.o
                0x0000000008000cc0                chThdResumeS
 .text.chTMObjectInit
                0x0000000008000cf0       0x18 build/obj/chtm.o
                0x0000000008000cf0                chTMObjectInit
 *fill*         0x0000000008000d08        0x8 
 .text.chTMStartMeasurementX
                0x0000000008000d10        0xc build/obj/chtm.o
                0x0000000008000d10                chTMStartMeasurementX
 *fill*         0x0000000008000d1c        0x4 
 .text.chTMStopMeasurementX
                0x0000000008000d20       0x48 build/obj/chtm.o
                0x0000000008000d20                chTMStopMeasurementX
 *fill*         0x0000000008000d68        0x8 
 .text._tm_init
                0x0000000008000d70       0x3c build/obj/chtm.o
                0x0000000008000d70                _tm_init
 *fill*         0x0000000008000dac        0x4 
 .text.chTMChainMeasurementToX
                0x0000000008000db0       0x40 build/obj/chtm.o
                0x0000000008000db0                chTMChainMeasurementToX
 .text._stats_init
                0x0000000008000df0       0x28 build/obj/chstats.o
                0x0000000008000df0                _stats_init
 *fill*         0x0000000008000e18        0x8 
 .text._stats_increase_irq
                0x0000000008000e20       0x14 build/obj/chstats.o
                0x0000000008000e20                _stats_increase_irq
 *fill*         0x0000000008000e34        0xc 
 .text._stats_ctxswc
                0x0000000008000e40       0x24 build/obj/chstats.o
                0x0000000008000e40                _stats_ctxswc
 *fill*         0x0000000008000e64        0xc 
 .text._stats_start_measure_crit_thd
                0x0000000008000e70        0xc build/obj/chstats.o
                0x0000000008000e70                _stats_start_measure_crit_thd
 *fill*         0x0000000008000e7c        0x4 
 .text._stats_stop_measure_crit_thd
                0x0000000008000e80        0xc build/obj/chstats.o
                0x0000000008000e80                _stats_stop_measure_crit_thd
 *fill*         0x0000000008000e8c        0x4 
 .text._stats_start_measure_crit_isr
                0x0000000008000e90        0xc build/obj/chstats.o
                0x0000000008000e90                _stats_start_measure_crit_isr
 *fill*         0x0000000008000e9c        0x4 
 .text._stats_stop_measure_crit_isr
                0x0000000008000ea0        0xc build/obj/chstats.o
                0x0000000008000ea0                _stats_stop_measure_crit_isr
 *fill*         0x0000000008000eac        0x4 
 .text.chMtxObjectInit
                0x0000000008000eb0       0x1c build/obj/chmtx.o
                0x0000000008000eb0                chMtxObjectInit
 *fill*         0x0000000008000ecc        0x4 
 .text._core_init
                0x0000000008000ed0       0x28 build/obj/chmemcore.o
                0x0000000008000ed0                _core_init
 *fill*         0x0000000008000ef8        0x8 
 .text.chCoreAlloc
                0x0000000008000f00       0x6c build/obj/chmemcore.o
                0x0000000008000f00                chCoreAlloc
 *fill*         0x0000000008000f6c        0x4 
 .text._heap_init
                0x0000000008000f70       0x1c build/obj/chheap.o
                0x0000000008000f70                _heap_init
 *fill*         0x0000000008000f8c        0x4 
 .text.SVC_Handler
                0x0000000008000f90       0x14 build/obj/chcore_v7m.o
                0x0000000008000f90                SVC_Handler
 *fill*         0x0000000008000fa4        0xc 
 .text._port_irq_epilogue
                0x0000000008000fb0       0x50 build/obj/chcore_v7m.o
                0x0000000008000fb0                _port_irq_epilogue
 .text.halInit  0x0000000008001000       0x20 build/obj/hal.o
                0x0000000008001000                halInit
 .text.stInit   0x0000000008001020        0x4 build/obj/st.o
                0x0000000008001020                stInit
 *fill*         0x0000000008001024        0xc 
 .text.stStartAlarm
                0x0000000008001030       0x28 build/obj/st.o
                0x0000000008001030                stStartAlarm
 *fill*         0x0000000008001058        0x8 
 .text.stStopAlarm
                0x0000000008001060        0xc build/obj/st.o
                0x0000000008001060                stStopAlarm
 *fill*         0x000000000800106c        0x4 
 .text.stSetAlarm
                0x0000000008001070       0x20 build/obj/st.o
                0x0000000008001070                stSetAlarm
 .text.adcInit  0x0000000008001090        0x4 build/obj/adc.o
                0x0000000008001090                adcInit
 *fill*         0x0000000008001094        0xc 
 .text.adcObjectInit
                0x00000000080010a0       0x18 build/obj/adc.o
                0x00000000080010a0                adcObjectInit
 *fill*         0x00000000080010b8        0x8 
 .text.adcStart
                0x00000000080010c0       0x6c build/obj/adc.o
                0x00000000080010c0                adcStart
 *fill*         0x000000000800112c        0x4 
 .text.adcStartConversionI
                0x0000000008001130       0x50 build/obj/adc.o
                0x0000000008001130                adcStartConversionI
 .text.adcStartConversion
                0x0000000008001180       0x54 build/obj/adc.o
                0x0000000008001180                adcStartConversion
 *fill*         0x00000000080011d4        0xc 
 .text.adcStopConversion
                0x00000000080011e0       0x80 build/obj/adc.o
                0x00000000080011e0                adcStopConversion
 .text.adcConvert
                0x0000000008001260       0x70 build/obj/adc.o
                0x0000000008001260                adcConvert
 .text.nvicEnableVector
                0x00000000080012d0       0x34 build/obj/nvic.o
                0x00000000080012d0                nvicEnableVector
 *fill*         0x0000000008001304        0xc 
 .text.Vector6C
                0x0000000008001310       0x34 build/obj/stm32_dma.o
                0x0000000008001310                Vector6C
 *fill*         0x0000000008001344        0xc 
 .text.Vector70
                0x0000000008001350       0x38 build/obj/stm32_dma.o
                0x0000000008001350                Vector70
 *fill*         0x0000000008001388        0x8 
 .text.Vector74
                0x0000000008001390       0x38 build/obj/stm32_dma.o
                0x0000000008001390                Vector74
 *fill*         0x00000000080013c8        0x8 
 .text.Vector78
                0x00000000080013d0       0x38 build/obj/stm32_dma.o
                0x00000000080013d0                Vector78
 *fill*         0x0000000008001408        0x8 
 .text.Vector7C
                0x0000000008001410       0x34 build/obj/stm32_dma.o
                0x0000000008001410                Vector7C
 *fill*         0x0000000008001444        0xc 
 .text.Vector80
                0x0000000008001450       0x38 build/obj/stm32_dma.o
                0x0000000008001450                Vector80
 *fill*         0x0000000008001488        0x8 
 .text.Vector84
                0x0000000008001490       0x38 build/obj/stm32_dma.o
                0x0000000008001490                Vector84
 *fill*         0x00000000080014c8        0x8 
 .text.VectorFC
                0x00000000080014d0       0x38 build/obj/stm32_dma.o
                0x00000000080014d0                VectorFC
 *fill*         0x0000000008001508        0x8 
 .text.Vector120
                0x0000000008001510       0x34 build/obj/stm32_dma.o
                0x0000000008001510                Vector120
 *fill*         0x0000000008001544        0xc 
 .text.Vector124
                0x0000000008001550       0x38 build/obj/stm32_dma.o
                0x0000000008001550                Vector124
 *fill*         0x0000000008001588        0x8 
 .text.Vector128
                0x0000000008001590       0x38 build/obj/stm32_dma.o
                0x0000000008001590                Vector128
 *fill*         0x00000000080015c8        0x8 
 .text.Vector12C
                0x00000000080015d0       0x38 build/obj/stm32_dma.o
                0x00000000080015d0                Vector12C
 *fill*         0x0000000008001608        0x8 
 .text.Vector130
                0x0000000008001610       0x34 build/obj/stm32_dma.o
                0x0000000008001610                Vector130
 *fill*         0x0000000008001644        0xc 
 .text.Vector150
                0x0000000008001650       0x38 build/obj/stm32_dma.o
                0x0000000008001650                Vector150
 *fill*         0x0000000008001688        0x8 
 .text.Vector154
                0x0000000008001690       0x38 build/obj/stm32_dma.o
                0x0000000008001690                Vector154
 *fill*         0x00000000080016c8        0x8 
 .text.Vector158
                0x00000000080016d0       0x38 build/obj/stm32_dma.o
                0x00000000080016d0                Vector158
 *fill*         0x0000000008001708        0x8 
 .text.dmaInit  0x0000000008001710       0x54 build/obj/stm32_dma.o
                0x0000000008001710                dmaInit
 *fill*         0x0000000008001764        0xc 
 .text.dmaStreamAllocate
                0x0000000008001770       0xac build/obj/stm32_dma.o
                0x0000000008001770                dmaStreamAllocate
 *fill*         0x000000000800181c        0x4 
 .text.hal_lld_init
                0x0000000008001820       0x64 build/obj/hal_lld.o
                0x0000000008001820                hal_lld_init
 *fill*         0x0000000008001884        0xc 
 .text.stm32_clock_init
                0x0000000008001890       0xc8 build/obj/hal_lld.o
                0x0000000008001890                stm32_clock_init
 *fill*         0x0000000008001958        0x8 
 .text.VectorB0
                0x0000000008001960       0x44 build/obj/st_lld.o
                0x0000000008001960                VectorB0
 *fill*         0x00000000080019a4        0xc 
 .text.st_lld_init
                0x00000000080019b0       0x48 build/obj/st_lld.o
                0x00000000080019b0                st_lld_init
 *fill*         0x00000000080019f8        0x8 
 .text.adc_lld_serve_rx_interrupt
                0x0000000008001a00      0x138 build/obj/adc_lld.o
 *fill*         0x0000000008001b38        0x8 
 .text.Vector88
                0x0000000008001b40      0x1c8 build/obj/adc_lld.o
                0x0000000008001b40                Vector88
 *fill*         0x0000000008001d08        0x8 
 .text.adc_lld_init
                0x0000000008001d10       0x74 build/obj/adc_lld.o
                0x0000000008001d10                adc_lld_init
 *fill*         0x0000000008001d84        0xc 
 .text.adc_lld_start
                0x0000000008001d90       0xe4 build/obj/adc_lld.o
                0x0000000008001d90                adc_lld_start
 *fill*         0x0000000008001e74        0xc 
 .text.adc_lld_start_conversion
                0x0000000008001e80       0x94 build/obj/adc_lld.o
                0x0000000008001e80                adc_lld_start_conversion
 *fill*         0x0000000008001f14        0xc 
 .text.adc_lld_stop_conversion
                0x0000000008001f20       0x30 build/obj/adc_lld.o
                0x0000000008001f20                adc_lld_stop_conversion
 .text.adcSTM32EnableTSVREFE
                0x0000000008001f50       0x10 build/obj/adc_lld.o
                0x0000000008001f50                adcSTM32EnableTSVREFE
 .text.adcSTM32DisableTSVREFE
                0x0000000008001f60       0x10 build/obj/adc_lld.o
                0x0000000008001f60                adcSTM32DisableTSVREFE
 .text._pal_lld_init
                0x0000000008001f70      0x1ac build/obj/pal_lld.o
                0x0000000008001f70                _pal_lld_init
 *fill*         0x000000000800211c        0x4 
 .text._pal_lld_setgroupmode
                0x0000000008002120       0xb8 build/obj/pal_lld.o
                0x0000000008002120                _pal_lld_setgroupmode
 *fill*         0x00000000080021d8        0x8 
 .text.__early_init
                0x00000000080021e0        0x4 build/obj/board.o
                0x00000000080021e0                __early_init
 *fill*         0x00000000080021e4        0xc 
 .text.boardInit
                0x00000000080021f0        0x4 build/obj/board.o
                0x00000000080021f0                boardInit
 *fill*         0x00000000080021f4        0xc 
 .text.adccallback
                0x0000000008002200       0x20 build/obj/main.o
 .text.adcerrorcallback
                0x0000000008002220        0x4 build/obj/main.o
 *fill*         0x0000000008002224        0xc 
 .text.Thread1  0x0000000008002230       0x34 build/obj/main.o
 *fill*         0x0000000008002264        0xc 
 .text.startup.main
                0x0000000008002270       0x98 build/obj/main.o
                0x0000000008002270                main
 *(.rodata)
 *(.rodata.*)
 *fill*         0x0000000008002308        0x8 
 .rodata.__func__.6055
                0x0000000008002310        0xc build/obj/chsys.o
 *fill*         0x000000000800231c        0x4 
 .rodata.str1.4
                0x0000000008002320        0x5 build/obj/chsys.o
 *fill*         0x0000000008002325        0xb 
 .rodata.str1.4
                0x0000000008002330       0x56 build/obj/chdebug.o
 *fill*         0x0000000008002386        0xa 
 .rodata.__func__.6665
                0x0000000008002390        0xb build/obj/chvt.o
 *fill*         0x000000000800239b        0x5 
 .rodata.__func__.6673
                0x00000000080023a0        0xd build/obj/chvt.o
 *fill*         0x00000000080023ad        0x3 
 .rodata.__func__.6662
                0x00000000080023b0        0xc build/obj/chschd.o
 *fill*         0x00000000080023bc        0x4 
 .rodata.str1.4
                0x00000000080023c0        0xf build/obj/chschd.o
 *fill*         0x00000000080023cf        0x1 
 .rodata.__func__.6718
                0x00000000080023d0        0xb build/obj/chthreads.o
 *fill*         0x00000000080023db        0x5 
 .rodata.__func__.6674
                0x00000000080023e0        0xd build/obj/chthreads.o
 *fill*         0x00000000080023ed        0x3 
 .rodata.__func__.6740
                0x00000000080023f0        0xd build/obj/chthreads.o
 *fill*         0x00000000080023fd        0x3 
 .rodata.__func__.6728
                0x0000000008002400        0xe build/obj/chthreads.o
 *fill*         0x000000000800240e        0x2 
 .rodata.__func__.6140
                0x0000000008002410        0xc build/obj/chthreads.o
 *fill*         0x000000000800241c        0x4 
 .rodata.__func__.5969
                0x0000000008002420        0xc build/obj/chthreads.o
 *fill*         0x000000000800242c        0x4 
 .rodata.__func__.6746
                0x0000000008002430        0xd build/obj/chthreads.o
 *fill*         0x000000000800243d        0x3 
 .rodata.ch_debug
                0x0000000008002440       0x16 build/obj/chregistry.o
                0x0000000008002440                ch_debug
 *fill*         0x0000000008002456        0xa 
 .rodata.__func__.6657
                0x0000000008002460       0x10 build/obj/chmtx.o
 .rodata.__func__.5969
                0x0000000008002470        0xc build/obj/chmemcore.o
 *fill*         0x000000000800247c        0x4 
 .rodata.__func__.7104
                0x0000000008002480        0xd build/obj/st.o
 *fill*         0x000000000800248d        0x3 
 .rodata.__func__.7111
                0x0000000008002490        0xb build/obj/st.o
 *fill*         0x000000000800249b        0x5 
 .rodata.__func__.7108
                0x00000000080024a0        0x9 build/obj/adc.o
 *fill*         0x00000000080024a9        0x7 
 .rodata.__func__.7125
                0x00000000080024b0       0x14 build/obj/adc.o
 *fill*         0x00000000080024c4        0xc 
 .rodata.__func__.7129
                0x00000000080024d0       0x12 build/obj/adc.o
 *fill*         0x00000000080024e2        0xe 
 .rodata.__func__.5969
                0x00000000080024f0        0xc build/obj/adc.o
 *fill*         0x00000000080024fc        0x4 
 .rodata.__func__.7141
                0x0000000008002500        0xb build/obj/adc.o
 *fill*         0x000000000800250b        0x5 
 .rodata.__func__.7182
                0x0000000008002510       0x12 build/obj/stm32_dma.o
 *fill*         0x0000000008002522        0xe 
 .rodata._stm32_dma_streams
                0x0000000008002530       0xc0 build/obj/stm32_dma.o
                0x0000000008002530                _stm32_dma_streams
 .rodata.__func__.7118
                0x00000000080025f0        0xe build/obj/adc_lld.o
 *fill*         0x00000000080025fe        0x2 
 .rodata.pal_default_config
                0x0000000008002600       0xfc build/obj/board.o
                0x0000000008002600                pal_default_config
 *fill*         0x00000000080026fc        0x4 
 .rodata.adcgrpcfg1
                0x0000000008002700       0x28 build/obj/main.o
 *fill*         0x0000000008002728        0x8 
 .rodata.adcgrpcfg2
                0x0000000008002730       0x28 build/obj/main.o
 *fill*         0x0000000008002758        0x8 
 .rodata.str1.4
                0x0000000008002760        0x8 build/obj/main.o
 *(.glue_7t)
 .glue_7t       0x0000000008002768        0x0 linker stubs
 *(.glue_7)
 .glue_7        0x0000000008002768        0x0 linker stubs
 *(.gcc*)

.vfp11_veneer   0x0000000008002768        0x0
 .vfp11_veneer  0x0000000008002768        0x0 linker stubs

.v4_bx          0x0000000008002768        0x0
 .v4_bx         0x0000000008002768        0x0 linker stubs

.iplt           0x0000000008002768        0x0
 .iplt          0x0000000008002768        0x0 build/obj/crt0_v7m.o

.rel.dyn        0x0000000008002768        0x0
 .rel.iplt      0x0000000008002768        0x0 build/obj/crt0_v7m.o

.ARM.extab
 *(.ARM.extab* .gnu.linkonce.armextab.*)

.ARM.exidx      0x0000000008002768        0x0
                [!provide]                        PROVIDE (__exidx_start, .)
 *(.ARM.exidx* .gnu.linkonce.armexidx.*)
                [!provide]                        PROVIDE (__exidx_end, .)

.eh_frame_hdr
 *(.eh_frame_hdr)

.eh_frame
 *(.eh_frame)

.textalign      0x0000000008002768        0x0
                0x0000000008002768                . = ALIGN (0x8)
                0x0000000008002768                . = ALIGN (0x4)
                0x0000000008002768                _etext = .
                0x0000000008002768                _textdata = _etext

.mstack         0x0000000020000000      0x400
                0x0000000020000000                . = ALIGN (0x8)
                0x0000000020000000                __main_stack_base__ = .
                0x0000000020000400                . = (. + __main_stack_size__)
 *fill*         0x0000000020000000      0x400 
                0x0000000020000400                . = ALIGN (0x8)
                0x0000000020000400                __main_stack_end__ = .

.pstack         0x0000000020000400      0x400
                0x0000000020000400                __process_stack_base__ = .
                0x0000000020000400                __main_thread_stack_base__ = .
                0x0000000020000800                . = (. + __process_stack_size__)
 *fill*         0x0000000020000400      0x400 
                0x0000000020000800                . = ALIGN (0x8)
                0x0000000020000800                __process_stack_end__ = .
                0x0000000020000800                __main_thread_stack_end__ = .

.data           0x0000000020000800        0x0 load address 0x0000000008002768
                0x0000000020000800                . = ALIGN (0x4)
                0x0000000020000800                PROVIDE (_data, .)
 *(.data)
 *(.data.*)
 *(.ramtext)
                0x0000000020000800                . = ALIGN (0x4)
                0x0000000020000800                PROVIDE (_edata, .)

.igot.plt       0x0000000020000800        0x0 load address 0x0000000008002768
 .igot.plt      0x0000000020000800        0x0 build/obj/crt0_v7m.o

.bss            0x0000000020000800      0x9a0 load address 0x0000000008002768
                0x0000000020000800                . = ALIGN (0x4)
                0x0000000020000800                PROVIDE (_bss_start, .)
 *(.bss)
 *(.bss.*)
 .bss.ch        0x0000000020000800      0x5d8 build/obj/chschd.o
                0x0000000020000800                ch
 .bss.endmem    0x0000000020000dd8        0x4 build/obj/chmemcore.o
 .bss.nextmem   0x0000000020000ddc        0x4 build/obj/chmemcore.o
 .bss.default_heap
                0x0000000020000de0       0x20 build/obj/chheap.o
 .bss.dma_isr_redir
                0x0000000020000e00       0x80 build/obj/stm32_dma.o
 .bss.dma_streams_mask
                0x0000000020000e80        0x4 build/obj/stm32_dma.o
 .bss.ADCD1     0x0000000020000e84       0x34 build/obj/adc_lld.o
                0x0000000020000e84                ADCD1
 .bss.ADCD2     0x0000000020000eb8       0x34 build/obj/adc_lld.o
                0x0000000020000eb8                ADCD2
 .bss.ADCD3     0x0000000020000eec       0x34 build/obj/adc_lld.o
                0x0000000020000eec                ADCD3
 .bss.waThread1
                0x0000000020000f20      0x168 build/obj/main.o
 .bss.nx        0x0000000020001088        0x4 build/obj/main.o
                0x0000000020001088                nx
 .bss.ny        0x000000002000108c        0x4 build/obj/main.o
                0x000000002000108c                ny
 .bss.samples1  0x0000000020001090       0x10 build/obj/main.o
 .bss.samples2  0x00000000200010a0      0x100 build/obj/main.o
 *(COMMON)
                0x00000000200011a0                . = ALIGN (0x4)
                0x00000000200011a0                PROVIDE (_bss_end, .)
                [!provide]                        PROVIDE (end, .)

.ram0           0x00000000200011a0        0x0 load address 0x0000000008002768
                0x00000000200011a0                . = ALIGN (0x4)
 *(.ram0)
 *(.ram0.*)
                0x00000000200011a0                . = ALIGN (0x4)
                0x00000000200011a0                __ram0_free__ = .

.ram1           0x0000000020000000        0x0
                0x0000000020000000                . = ALIGN (0x4)
 *(.ram1)
 *(.ram1.*)
                0x0000000020000000                . = ALIGN (0x4)
                0x0000000020000000                __ram1_free__ = .

.ram2           0x000000002001c000        0x0
                0x000000002001c000                . = ALIGN (0x4)
 *(.ram2)
 *(.ram2.*)
                0x000000002001c000                . = ALIGN (0x4)
                0x000000002001c000                __ram2_free__ = .

.ram3           0x0000000000000000        0x0
                0x0000000000000000                . = ALIGN (0x4)
 *(.ram3)
 *(.ram3.*)
                0x0000000000000000                . = ALIGN (0x4)
                0x0000000000000000                __ram3_free__ = .

.ram4           0x0000000010000000        0x0
                0x0000000010000000                . = ALIGN (0x4)
 *(.ram4)
 *(.ram4.*)
                0x0000000010000000                . = ALIGN (0x4)
                0x0000000010000000                __ram4_free__ = .

.ram5           0x0000000040024000        0x0
                0x0000000040024000                . = ALIGN (0x4)
 *(.ram5)
 *(.ram5.*)
                0x0000000040024000                . = ALIGN (0x4)
                0x0000000040024000                __ram5_free__ = .

.ram6           0x0000000000000000        0x0
                0x0000000000000000                . = ALIGN (0x4)
 *(.ram6)
 *(.ram6.*)
                0x0000000000000000                . = ALIGN (0x4)
                0x0000000000000000                __ram6_free__ = .

.ram7           0x0000000000000000        0x0
                0x0000000000000000                . = ALIGN (0x4)
 *(.ram7)
 *(.ram7.*)
                0x0000000000000000                . = ALIGN (0x4)
                0x0000000000000000                __ram7_free__ = .
                0x00000000200011a0                __heap_base__ = __ram0_free__
                0x0000000020020000                __heap_end__ = __ram0_end__
                0x0000000000000400                __process_stack_size__ = 0x400
                0x0000000000000400                __main_stack_size__ = 0x400
START GROUP
LOAD /usr/bin/../lib/gcc/arm-none-eabi/5.3.1/armv7e-m/libgcc.a
LOAD /usr/bin/../lib/gcc/arm-none-eabi/5.3.1/../../../../arm-none-eabi/lib/armv7e-m/libg.a
LOAD /usr/bin/../lib/gcc/arm-none-eabi/5.3.1/../../../../arm-none-eabi/lib/armv7e-m/libc.a
END GROUP
OUTPUT(build/ch.elf elf32-littlearm)

.ARM.attributes
                0x0000000000000000       0x2f
 .ARM.attributes
                0x0000000000000000       0x21 build/obj/crt0_v7m.o
 .ARM.attributes
                0x0000000000000021       0x21 build/obj/chcoreasm_v7m.o
 .ARM.attributes
                0x0000000000000042       0x33 build/obj/crt1.o
 .ARM.attributes
                0x0000000000000075       0x33 build/obj/vectors.o
 .ARM.attributes
                0x00000000000000a8       0x33 build/obj/chsys.o
 .ARM.attributes
                0x00000000000000db       0x33 build/obj/chdebug.o
 .ARM.attributes
                0x000000000000010e       0x33 build/obj/chvt.o
 .ARM.attributes
                0x0000000000000141       0x33 build/obj/chschd.o
 .ARM.attributes
                0x0000000000000174       0x33 build/obj/chthreads.o
 .ARM.attributes
                0x00000000000001a7       0x33 build/obj/chtm.o
 .ARM.attributes
                0x00000000000001da       0x33 build/obj/chstats.o
 .ARM.attributes
                0x000000000000020d       0x33 build/obj/chregistry.o
 .ARM.attributes
                0x0000000000000240       0x33 build/obj/chmtx.o
 .ARM.attributes
                0x0000000000000273       0x33 build/obj/chmemcore.o
 .ARM.attributes
                0x00000000000002a6       0x33 build/obj/chheap.o
 .ARM.attributes
                0x00000000000002d9       0x33 build/obj/chcore_v7m.o
 .ARM.attributes
                0x000000000000030c       0x33 build/obj/hal.o
 .ARM.attributes
                0x000000000000033f       0x33 build/obj/st.o
 .ARM.attributes
                0x0000000000000372       0x33 build/obj/adc.o
 .ARM.attributes
                0x00000000000003a5       0x33 build/obj/nvic.o
 .ARM.attributes
                0x00000000000003d8       0x33 build/obj/stm32_dma.o
 .ARM.attributes
                0x000000000000040b       0x33 build/obj/hal_lld.o
 .ARM.attributes
                0x000000000000043e       0x33 build/obj/st_lld.o
 .ARM.attributes
                0x0000000000000471       0x33 build/obj/adc_lld.o
 .ARM.attributes
                0x00000000000004a4       0x33 build/obj/pal_lld.o
 .ARM.attributes
                0x00000000000004d7       0x33 build/obj/board.o
 .ARM.attributes
                0x000000000000050a       0x33 build/obj/main.o

.comment        0x0000000000000000       0x6e
 .comment       0x0000000000000000       0x6e build/obj/crt1.o
                                         0x6f (size before relaxing)
 .comment       0x000000000000006e       0x6f build/obj/vectors.o
 .comment       0x000000000000006e       0x6f build/obj/chsys.o
 .comment       0x000000000000006e       0x6f build/obj/chdebug.o
 .comment       0x000000000000006e       0x6f build/obj/chvt.o
 .comment       0x000000000000006e       0x6f build/obj/chschd.o
 .comment       0x000000000000006e       0x6f build/obj/chthreads.o
 .comment       0x000000000000006e       0x6f build/obj/chtm.o
 .comment       0x000000000000006e       0x6f build/obj/chstats.o
 .comment       0x000000000000006e       0x6f build/obj/chregistry.o
 .comment       0x000000000000006e       0x6f build/obj/chmtx.o
 .comment       0x000000000000006e       0x6f build/obj/chmemcore.o
 .comment       0x000000000000006e       0x6f build/obj/chheap.o
 .comment       0x000000000000006e       0x6f build/obj/chcore_v7m.o
 .comment       0x000000000000006e       0x6f build/obj/hal.o
 .comment       0x000000000000006e       0x6f build/obj/st.o
 .comment       0x000000000000006e       0x6f build/obj/adc.o
 .comment       0x000000000000006e       0x6f build/obj/nvic.o
 .comment       0x000000000000006e       0x6f build/obj/stm32_dma.o
 .comment       0x000000000000006e       0x6f build/obj/hal_lld.o
 .comment       0x000000000000006e       0x6f build/obj/st_lld.o
 .comment       0x000000000000006e       0x6f build/obj/adc_lld.o
 .comment       0x000000000000006e       0x6f build/obj/pal_lld.o
 .comment       0x000000000000006e       0x6f build/obj/board.o
 .comment       0x000000000000006e       0x6f build/obj/main.o

.debug_info     0x0000000000000000    0x1693d
 .debug_info    0x0000000000000000       0x4a build/obj/crt1.o
 .debug_info    0x000000000000004a      0x1e3 build/obj/vectors.o
 .debug_info    0x000000000000022d     0x1cf1 build/obj/chsys.o
 .debug_info    0x0000000000001f1e      0xca4 build/obj/chdebug.o
 .debug_info    0x0000000000002bc2      0xc03 build/obj/chvt.o
 .debug_info    0x00000000000037c5     0x1115 build/obj/chschd.o
 .debug_info    0x00000000000048da     0x2219 build/obj/chthreads.o
 .debug_info    0x0000000000006af3      0xaf3 build/obj/chtm.o
 .debug_info    0x00000000000075e6      0x906 build/obj/chstats.o
 .debug_info    0x0000000000007eec      0xbee build/obj/chregistry.o
 .debug_info    0x0000000000008ada     0x1457 build/obj/chmtx.o
 .debug_info    0x0000000000009f31      0xa93 build/obj/chmemcore.o
 .debug_info    0x000000000000a9c4      0xb9e build/obj/chheap.o
 .debug_info    0x000000000000b562      0xbf8 build/obj/chcore_v7m.o
 .debug_info    0x000000000000c15a      0x94f build/obj/hal.o
 .debug_info    0x000000000000caa9      0xb31 build/obj/st.o
 .debug_info    0x000000000000d5da     0x1943 build/obj/adc.o
 .debug_info    0x000000000000ef1d      0xb9f build/obj/nvic.o
 .debug_info    0x000000000000fabc     0x1394 build/obj/stm32_dma.o
 .debug_info    0x0000000000010e50      0xa8d build/obj/hal_lld.o
 .debug_info    0x00000000000118dd      0xd55 build/obj/st_lld.o
 .debug_info    0x0000000000012632     0x1bef build/obj/adc_lld.o
 .debug_info    0x0000000000014221      0xdff build/obj/pal_lld.o
 .debug_info    0x0000000000015020      0x915 build/obj/board.o
 .debug_info    0x0000000000015935     0x1008 build/obj/main.o

.debug_abbrev   0x0000000000000000     0x41ef
 .debug_abbrev  0x0000000000000000       0x4e build/obj/crt1.o
 .debug_abbrev  0x000000000000004e       0xc8 build/obj/vectors.o
 .debug_abbrev  0x0000000000000116      0x511 build/obj/chsys.o
 .debug_abbrev  0x0000000000000627      0x291 build/obj/chdebug.o
 .debug_abbrev  0x00000000000008b8      0x2e3 build/obj/chvt.o
 .debug_abbrev  0x0000000000000b9b      0x3d6 build/obj/chschd.o
 .debug_abbrev  0x0000000000000f71      0x478 build/obj/chthreads.o
 .debug_abbrev  0x00000000000013e9      0x29e build/obj/chtm.o
 .debug_abbrev  0x0000000000001687      0x1d9 build/obj/chstats.o
 .debug_abbrev  0x0000000000001860      0x2c1 build/obj/chregistry.o
 .debug_abbrev  0x0000000000001b21      0x3ce build/obj/chmtx.o
 .debug_abbrev  0x0000000000001eef      0x32a build/obj/chmemcore.o
 .debug_abbrev  0x0000000000002219      0x2bb build/obj/chheap.o
 .debug_abbrev  0x00000000000024d4      0x246 build/obj/chcore_v7m.o
 .debug_abbrev  0x000000000000271a      0x1b6 build/obj/hal.o
 .debug_abbrev  0x00000000000028d0      0x27b build/obj/st.o
 .debug_abbrev  0x0000000000002b4b      0x36f build/obj/adc.o
 .debug_abbrev  0x0000000000002eba      0x1ef build/obj/nvic.o
 .debug_abbrev  0x00000000000030a9      0x2bf build/obj/stm32_dma.o
 .debug_abbrev  0x0000000000003368      0x1ec build/obj/hal_lld.o
 .debug_abbrev  0x0000000000003554      0x242 build/obj/st_lld.o
 .debug_abbrev  0x0000000000003796      0x3c7 build/obj/adc_lld.o
 .debug_abbrev  0x0000000000003b5d      0x23d build/obj/pal_lld.o
 .debug_abbrev  0x0000000000003d9a      0x1b4 build/obj/board.o
 .debug_abbrev  0x0000000000003f4e      0x2a1 build/obj/main.o

.debug_aranges  0x0000000000000000      0x740
 .debug_aranges
                0x0000000000000000       0x28 build/obj/crt1.o
 .debug_aranges
                0x0000000000000028       0x20 build/obj/vectors.o
 .debug_aranges
                0x0000000000000048       0x60 build/obj/chsys.o
 .debug_aranges
                0x00000000000000a8       0x80 build/obj/chdebug.o
 .debug_aranges
                0x0000000000000128       0x30 build/obj/chvt.o
 .debug_aranges
                0x0000000000000158       0x70 build/obj/chschd.o
 .debug_aranges
                0x00000000000001c8       0xc8 build/obj/chthreads.o
 .debug_aranges
                0x0000000000000290       0x40 build/obj/chtm.o
 .debug_aranges
                0x00000000000002d0       0x50 build/obj/chstats.o
 .debug_aranges
                0x0000000000000320       0x28 build/obj/chregistry.o
 .debug_aranges
                0x0000000000000348       0x58 build/obj/chmtx.o
 .debug_aranges
                0x00000000000003a0       0x38 build/obj/chmemcore.o
 .debug_aranges
                0x00000000000003d8       0x40 build/obj/chheap.o
 .debug_aranges
                0x0000000000000418       0x28 build/obj/chcore_v7m.o
 .debug_aranges
                0x0000000000000440       0x20 build/obj/hal.o
 .debug_aranges
                0x0000000000000460       0x40 build/obj/st.o
 .debug_aranges
                0x00000000000004a0       0x70 build/obj/adc.o
 .debug_aranges
                0x0000000000000510       0x38 build/obj/nvic.o
 .debug_aranges
                0x0000000000000548       0xb0 build/obj/stm32_dma.o
 .debug_aranges
                0x00000000000005f8       0x28 build/obj/hal_lld.o
 .debug_aranges
                0x0000000000000620       0x28 build/obj/st_lld.o
 .debug_aranges
                0x0000000000000648       0x70 build/obj/adc_lld.o
 .debug_aranges
                0x00000000000006b8       0x28 build/obj/pal_lld.o
 .debug_aranges
                0x00000000000006e0       0x28 build/obj/board.o
 .debug_aranges
                0x0000000000000708       0x38 build/obj/main.o

.debug_ranges   0x0000000000000000      0xfc0
 .debug_ranges  0x0000000000000000       0x18 build/obj/crt1.o
 .debug_ranges  0x0000000000000018       0x10 build/obj/vectors.o
 .debug_ranges  0x0000000000000028      0x188 build/obj/chsys.o
 .debug_ranges  0x00000000000001b0       0x88 build/obj/chdebug.o
 .debug_ranges  0x0000000000000238       0xb0 build/obj/chvt.o
 .debug_ranges  0x00000000000002e8      0x170 build/obj/chschd.o
 .debug_ranges  0x0000000000000458      0x310 build/obj/chthreads.o
 .debug_ranges  0x0000000000000768       0xc0 build/obj/chtm.o
 .debug_ranges  0x0000000000000828       0x40 build/obj/chstats.o
 .debug_ranges  0x0000000000000868       0x68 build/obj/chregistry.o
 .debug_ranges  0x00000000000008d0      0x1c0 build/obj/chmtx.o
 .debug_ranges  0x0000000000000a90       0x58 build/obj/chmemcore.o
 .debug_ranges  0x0000000000000ae8       0x30 build/obj/chheap.o
 .debug_ranges  0x0000000000000b18       0x18 build/obj/chcore_v7m.o
 .debug_ranges  0x0000000000000b30       0x10 build/obj/hal.o
 .debug_ranges  0x0000000000000b40       0x60 build/obj/st.o
 .debug_ranges  0x0000000000000ba0       0xe0 build/obj/adc.o
 .debug_ranges  0x0000000000000c80       0x28 build/obj/nvic.o
 .debug_ranges  0x0000000000000ca8       0xa0 build/obj/stm32_dma.o
 .debug_ranges  0x0000000000000d48       0x38 build/obj/hal_lld.o
 .debug_ranges  0x0000000000000d80       0x18 build/obj/st_lld.o
 .debug_ranges  0x0000000000000d98      0x140 build/obj/adc_lld.o
 .debug_ranges  0x0000000000000ed8       0xa8 build/obj/pal_lld.o
 .debug_ranges  0x0000000000000f80       0x18 build/obj/board.o
 .debug_ranges  0x0000000000000f98       0x28 build/obj/main.o

.debug_line     0x0000000000000000     0x5f5b
 .debug_line    0x0000000000000000       0x87 build/obj/crt1.o
 .debug_line    0x0000000000000087      0x11d build/obj/vectors.o
 .debug_line    0x00000000000001a4      0x5df build/obj/chsys.o
 .debug_line    0x0000000000000783      0x414 build/obj/chdebug.o
 .debug_line    0x0000000000000b97      0x3c4 build/obj/chvt.o
 .debug_line    0x0000000000000f5b      0x509 build/obj/chschd.o
 .debug_line    0x0000000000001464      0x803 build/obj/chthreads.o
 .debug_line    0x0000000000001c67      0x2f0 build/obj/chtm.o
 .debug_line    0x0000000000001f57      0x28b build/obj/chstats.o
 .debug_line    0x00000000000021e2      0x316 build/obj/chregistry.o
 .debug_line    0x00000000000024f8      0x576 build/obj/chmtx.o
 .debug_line    0x0000000000002a6e      0x2e5 build/obj/chmemcore.o
 .debug_line    0x0000000000002d53      0x35d build/obj/chheap.o
 .debug_line    0x00000000000030b0      0x253 build/obj/chcore_v7m.o
 .debug_line    0x0000000000003303      0x365 build/obj/hal.o
 .debug_line    0x0000000000003668      0x327 build/obj/st.o
 .debug_line    0x000000000000398f      0x60b build/obj/adc.o
 .debug_line    0x0000000000003f9a      0x27b build/obj/nvic.o
 .debug_line    0x0000000000004215      0x553 build/obj/stm32_dma.o
 .debug_line    0x0000000000004768      0x324 build/obj/hal_lld.o
 .debug_line    0x0000000000004a8c      0x36b build/obj/st_lld.o
 .debug_line    0x0000000000004df7      0x799 build/obj/adc_lld.o
 .debug_line    0x0000000000005590      0x30f build/obj/pal_lld.o
 .debug_line    0x000000000000589f      0x301 build/obj/board.o
 .debug_line    0x0000000000005ba0      0x3bb build/obj/main.o

.debug_str      0x0000000000000000     0x2881
 .debug_str     0x0000000000000000      0x13d build/obj/crt1.o
 .debug_str     0x000000000000013d      0x1e8 build/obj/vectors.o
                                        0x30f (size before relaxing)
 .debug_str     0x0000000000000325     0x10b5 build/obj/chsys.o
                                       0x12af (size before relaxing)
 .debug_str     0x00000000000013da       0x9c build/obj/chdebug.o
                                        0x800 (size before relaxing)
 .debug_str     0x0000000000001476       0x7f build/obj/chvt.o
                                        0x778 (size before relaxing)
 .debug_str     0x00000000000014f5      0x16c build/obj/chschd.o
                                        0x8e5 (size before relaxing)
 .debug_str     0x0000000000001661      0x263 build/obj/chthreads.o
                                        0xa89 (size before relaxing)
 .debug_str     0x00000000000018c4       0x6c build/obj/chtm.o
                                        0x773 (size before relaxing)
 .debug_str     0x0000000000001930       0x44 build/obj/chstats.o
                                        0x72f (size before relaxing)
 .debug_str     0x0000000000001974       0x54 build/obj/chregistry.o
                                        0x824 (size before relaxing)
 .debug_str     0x00000000000019c8       0xbc build/obj/chmtx.o
                                        0x806 (size before relaxing)
 .debug_str     0x0000000000001a84       0x86 build/obj/chmemcore.o
                                        0x767 (size before relaxing)
 .debug_str     0x0000000000001b0a       0xce build/obj/chheap.o
                                        0x731 (size before relaxing)
 .debug_str     0x0000000000001bd8       0x91 build/obj/chcore_v7m.o
                                        0x775 (size before relaxing)
 .debug_str     0x0000000000001c69      0x106 build/obj/hal.o
                                        0x715 (size before relaxing)
 .debug_str     0x0000000000001d6f       0xa9 build/obj/st.o
                                        0x737 (size before relaxing)
 .debug_str     0x0000000000001e18      0x39b build/obj/adc.o
                                        0xaf6 (size before relaxing)
 .debug_str     0x00000000000021b3       0x8f build/obj/nvic.o
                                        0x775 (size before relaxing)
 .debug_str     0x0000000000002242      0x249 build/obj/stm32_dma.o
                                        0xe94 (size before relaxing)
 .debug_str     0x000000000000248b       0xae build/obj/hal_lld.o
                                        0x7da (size before relaxing)
 .debug_str     0x0000000000002539       0xab build/obj/st_lld.o
                                        0x958 (size before relaxing)
 .debug_str     0x00000000000025e4       0xf2 build/obj/adc_lld.o
                                       0x117d (size before relaxing)
 .debug_str     0x00000000000026d6       0xdf build/obj/pal_lld.o
                                        0x89e (size before relaxing)
 .debug_str     0x00000000000027b5       0x54 build/obj/board.o
                                        0x719 (size before relaxing)
 .debug_str     0x0000000000002809       0x78 build/obj/main.o
                                        0x9cb (size before relaxing)

.debug_frame    0x0000000000000000     0x14b4
 .debug_frame   0x0000000000000000       0x40 build/obj/crt1.o
 .debug_frame   0x0000000000000040       0x20 build/obj/vectors.o
 .debug_frame   0x0000000000000060      0x108 build/obj/chsys.o
 .debug_frame   0x0000000000000168      0x134 build/obj/chdebug.o
 .debug_frame   0x000000000000029c       0x84 build/obj/chvt.o
 .debug_frame   0x0000000000000320      0x194 build/obj/chschd.o
 .debug_frame   0x00000000000004b4      0x328 build/obj/chthreads.o
 .debug_frame   0x00000000000007dc       0xc8 build/obj/chtm.o
 .debug_frame   0x00000000000008a4       0x9c build/obj/chstats.o
 .debug_frame   0x0000000000000940       0x50 build/obj/chregistry.o
 .debug_frame   0x0000000000000990      0x138 build/obj/chmtx.o
 .debug_frame   0x0000000000000ac8       0x68 build/obj/chmemcore.o
 .debug_frame   0x0000000000000b30       0xe0 build/obj/chheap.o
 .debug_frame   0x0000000000000c10       0x3c build/obj/chcore_v7m.o
 .debug_frame   0x0000000000000c4c       0x30 build/obj/hal.o
 .debug_frame   0x0000000000000c7c       0x84 build/obj/st.o
 .debug_frame   0x0000000000000d00      0x18c build/obj/adc.o
 .debug_frame   0x0000000000000e8c       0x78 build/obj/nvic.o
 .debug_frame   0x0000000000000f04      0x280 build/obj/stm32_dma.o
 .debug_frame   0x0000000000001184       0x3c build/obj/hal_lld.o
 .debug_frame   0x00000000000011c0       0x58 build/obj/st_lld.o
 .debug_frame   0x0000000000001218      0x198 build/obj/adc_lld.o
 .debug_frame   0x00000000000013b0       0x6c build/obj/pal_lld.o
 .debug_frame   0x000000000000141c       0x30 build/obj/board.o
 .debug_frame   0x000000000000144c       0x68 build/obj/main.o

.debug_loc      0x0000000000000000     0x3698
 .debug_loc     0x0000000000000000      0x3ab build/obj/chsys.o
 .debug_loc     0x00000000000003ab       0x52 build/obj/chdebug.o
 .debug_loc     0x00000000000003fd      0x248 build/obj/chvt.o
 .debug_loc     0x0000000000000645      0x353 build/obj/chschd.o
 .debug_loc     0x0000000000000998      0xc5b build/obj/chthreads.o
 .debug_loc     0x00000000000015f3       0xd0 build/obj/chtm.o
 .debug_loc     0x00000000000016c3       0x6c build/obj/chstats.o
 .debug_loc     0x000000000000172f       0xad build/obj/chregistry.o
 .debug_loc     0x00000000000017dc      0x50b build/obj/chmtx.o
 .debug_loc     0x0000000000001ce7      0x117 build/obj/chmemcore.o
 .debug_loc     0x0000000000001dfe      0x3ce build/obj/chheap.o
 .debug_loc     0x00000000000021cc       0xca build/obj/chcore_v7m.o
 .debug_loc     0x0000000000002296       0x7c build/obj/st.o
 .debug_loc     0x0000000000002312      0x6ca build/obj/adc.o
 .debug_loc     0x00000000000029dc       0xf3 build/obj/nvic.o
 .debug_loc     0x0000000000002acf      0x277 build/obj/stm32_dma.o
 .debug_loc     0x0000000000002d46       0x29 build/obj/st_lld.o
 .debug_loc     0x0000000000002d6f      0x604 build/obj/adc_lld.o
 .debug_loc     0x0000000000003373      0x2c2 build/obj/pal_lld.o
 .debug_loc     0x0000000000003635       0x63 build/obj/main.o

Cross Reference Table

Symbol                                            File
ADCD1                                             build/obj/adc_lld.o
                                                  build/obj/main.o
ADCD2                                             build/obj/adc_lld.o
ADCD3                                             build/obj/adc_lld.o
BusFault_Handler                                  build/obj/vectors.o
DebugMon_Handler                                  build/obj/vectors.o
HardFault_Handler                                 build/obj/vectors.o
MemManage_Handler                                 build/obj/vectors.o
NMI_Handler                                       build/obj/vectors.o
PendSV_Handler                                    build/obj/vectors.o
Reset_Handler                                     build/obj/crt0_v7m.o
SVC_Handler                                       build/obj/chcore_v7m.o
                                                  build/obj/vectors.o
SysTick_Handler                                   build/obj/vectors.o
SystemCoreClock                                   build/obj/hal_lld.o
UsageFault_Handler                                build/obj/vectors.o
Vector100                                         build/obj/vectors.o
Vector104                                         build/obj/vectors.o
Vector108                                         build/obj/vectors.o
Vector10C                                         build/obj/vectors.o
Vector110                                         build/obj/vectors.o
Vector114                                         build/obj/vectors.o
Vector118                                         build/obj/vectors.o
Vector11C                                         build/obj/vectors.o
Vector120                                         build/obj/stm32_dma.o
                                                  build/obj/vectors.o
Vector124                                         build/obj/stm32_dma.o
                                                  build/obj/vectors.o
Vector128                                         build/obj/stm32_dma.o
                                                  build/obj/vectors.o
Vector12C                                         build/obj/stm32_dma.o
                                                  build/obj/vectors.o
Vector130                                         build/obj/stm32_dma.o
                                                  build/obj/vectors.o
Vector134                                         build/obj/vectors.o
Vector138                                         build/obj/vectors.o
Vector13C                                         build/obj/vectors.o
Vector140                                         build/obj/vectors.o
Vector144                                         build/obj/vectors.o
Vector148                                         build/obj/vectors.o
Vector14C                                         build/obj/vectors.o
Vector150                                         build/obj/stm32_dma.o
                                                  build/obj/vectors.o
Vector154                                         build/obj/stm32_dma.o
                                                  build/obj/vectors.o
Vector158                                         build/obj/stm32_dma.o
                                                  build/obj/vectors.o
Vector15C                                         build/obj/vectors.o
Vector160                                         build/obj/vectors.o
Vector164                                         build/obj/vectors.o
Vector168                                         build/obj/vectors.o
Vector16C                                         build/obj/vectors.o
Vector170                                         build/obj/vectors.o
Vector174                                         build/obj/vectors.o
Vector178                                         build/obj/vectors.o
Vector17C                                         build/obj/vectors.o
Vector180                                         build/obj/vectors.o
Vector184                                         build/obj/vectors.o
Vector188                                         build/obj/vectors.o
Vector18C                                         build/obj/vectors.o
Vector190                                         build/obj/vectors.o
Vector194                                         build/obj/vectors.o
Vector198                                         build/obj/vectors.o
Vector19C                                         build/obj/vectors.o
Vector1A0                                         build/obj/vectors.o
Vector1A4                                         build/obj/vectors.o
Vector1A8                                         build/obj/vectors.o
Vector1AC                                         build/obj/vectors.o
Vector1B0                                         build/obj/vectors.o
Vector1B4                                         build/obj/vectors.o
Vector1B8                                         build/obj/vectors.o
Vector1BC                                         build/obj/vectors.o
Vector1C                                          build/obj/vectors.o
Vector20                                          build/obj/vectors.o
Vector24                                          build/obj/vectors.o
Vector28                                          build/obj/vectors.o
Vector34                                          build/obj/vectors.o
Vector40                                          build/obj/vectors.o
Vector44                                          build/obj/vectors.o
Vector48                                          build/obj/vectors.o
Vector4C                                          build/obj/vectors.o
Vector50                                          build/obj/vectors.o
Vector54                                          build/obj/vectors.o
Vector58                                          build/obj/vectors.o
Vector5C                                          build/obj/vectors.o
Vector60                                          build/obj/vectors.o
Vector64                                          build/obj/vectors.o
Vector68                                          build/obj/vectors.o
Vector6C                                          build/obj/stm32_dma.o
                                                  build/obj/vectors.o
Vector70                                          build/obj/stm32_dma.o
                                                  build/obj/vectors.o
Vector74                                          build/obj/stm32_dma.o
                                                  build/obj/vectors.o
Vector78                                          build/obj/stm32_dma.o
                                                  build/obj/vectors.o
Vector7C                                          build/obj/stm32_dma.o
                                                  build/obj/vectors.o
Vector80                                          build/obj/stm32_dma.o
                                                  build/obj/vectors.o
Vector84                                          build/obj/stm32_dma.o
                                                  build/obj/vectors.o
Vector88                                          build/obj/adc_lld.o
                                                  build/obj/vectors.o
Vector8C                                          build/obj/vectors.o
Vector90                                          build/obj/vectors.o
Vector94                                          build/obj/vectors.o
Vector98                                          build/obj/vectors.o
Vector9C                                          build/obj/vectors.o
VectorA0                                          build/obj/vectors.o
VectorA4                                          build/obj/vectors.o
VectorA8                                          build/obj/vectors.o
VectorAC                                          build/obj/vectors.o
VectorB0                                          build/obj/st_lld.o
                                                  build/obj/vectors.o
VectorB4                                          build/obj/vectors.o
VectorB8                                          build/obj/vectors.o
VectorBC                                          build/obj/vectors.o
VectorC0                                          build/obj/vectors.o
VectorC4                                          build/obj/vectors.o
VectorC8                                          build/obj/vectors.o
VectorCC                                          build/obj/vectors.o
VectorD0                                          build/obj/vectors.o
VectorD4                                          build/obj/vectors.o
VectorD8                                          build/obj/vectors.o
VectorDC                                          build/obj/vectors.o
VectorE0                                          build/obj/vectors.o
VectorE4                                          build/obj/vectors.o
VectorE8                                          build/obj/vectors.o
VectorEC                                          build/obj/vectors.o
VectorF0                                          build/obj/vectors.o
VectorF4                                          build/obj/vectors.o
VectorF8                                          build/obj/vectors.o
VectorFC                                          build/obj/stm32_dma.o
                                                  build/obj/vectors.o
__default_exit                                    build/obj/crt1.o
                                                  build/obj/crt0_v7m.o
__early_init                                      build/obj/board.o
                                                  build/obj/crt1.o
                                                  build/obj/crt0_v7m.o
__fini_array_end                                  build/obj/crt0_v7m.o
__fini_array_start                                build/obj/crt0_v7m.o
__heap_base__                                     build/obj/chmemcore.o
__heap_end__                                      build/obj/chmemcore.o
__init_array_end                                  build/obj/crt0_v7m.o
__init_array_start                                build/obj/crt0_v7m.o
__late_init                                       build/obj/crt1.o
                                                  build/obj/crt0_v7m.o
__main_stack_base__                               build/obj/crt0_v7m.o
__main_stack_end__                                build/obj/vectors.o
                                                  build/obj/crt0_v7m.o
__main_thread_stack_base__                        build/obj/chsys.o
__process_stack_base__                            build/obj/crt0_v7m.o
__process_stack_end__                             build/obj/crt0_v7m.o
_bss_end                                          build/obj/crt0_v7m.o
_bss_start                                        build/obj/crt0_v7m.o
_core_init                                        build/obj/chmemcore.o
                                                  build/obj/chsys.o
_data                                             build/obj/crt0_v7m.o
_dbg_check_disable                                build/obj/chdebug.o
_dbg_check_enable                                 build/obj/chdebug.o
                                                  build/obj/chsys.o
_dbg_check_enter_isr                              build/obj/chdebug.o
                                                  build/obj/adc_lld.o
                                                  build/obj/st_lld.o
                                                  build/obj/stm32_dma.o
_dbg_check_leave_isr                              build/obj/chdebug.o
                                                  build/obj/adc_lld.o
                                                  build/obj/st_lld.o
                                                  build/obj/stm32_dma.o
_dbg_check_lock                                   build/obj/chdebug.o
                                                  build/obj/adc.o
                                                  build/obj/chmempools.o
                                                  build/obj/chmemcore.o
                                                  build/obj/chqueues.o
                                                  build/obj/chmboxes.o
                                                  build/obj/chmsg.o
                                                  build/obj/chevents.o
                                                  build/obj/chcond.o
                                                  build/obj/chmtx.o
                                                  build/obj/chsem.o
                                                  build/obj/chregistry.o
                                                  build/obj/chdynamic.o
                                                  build/obj/chthreads.o
                                                  build/obj/chsys.o
                                                  build/obj/chcoreasm_v7m.o
_dbg_check_lock_from_isr                          build/obj/chdebug.o
                                                  build/obj/adc_lld.o
                                                  build/obj/st_lld.o
                                                  build/obj/chschd.o
                                                  build/obj/chsys.o
_dbg_check_suspend                                build/obj/chdebug.o
_dbg_check_unlock                                 build/obj/chdebug.o
                                                  build/obj/adc.o
                                                  build/obj/chmempools.o
                                                  build/obj/chmemcore.o
                                                  build/obj/chqueues.o
                                                  build/obj/chmboxes.o
                                                  build/obj/chmsg.o
                                                  build/obj/chevents.o
                                                  build/obj/chcond.o
                                                  build/obj/chmtx.o
                                                  build/obj/chsem.o
                                                  build/obj/chregistry.o
                                                  build/obj/chdynamic.o
                                                  build/obj/chthreads.o
                                                  build/obj/chsys.o
                                                  build/obj/chcoreasm_v7m.o
_dbg_check_unlock_from_isr                        build/obj/chdebug.o
                                                  build/obj/adc_lld.o
                                                  build/obj/st_lld.o
                                                  build/obj/chschd.o
                                                  build/obj/chsys.o
_dbg_trace                                        build/obj/chdebug.o
                                                  build/obj/chschd.o
_dbg_trace_init                                   build/obj/chdebug.o
                                                  build/obj/chsys.o
_edata                                            build/obj/crt0_v7m.o
_heap_init                                        build/obj/chheap.o
                                                  build/obj/chsys.o
_pal_lld_init                                     build/obj/pal_lld.o
                                                  build/obj/hal.o
_pal_lld_setgroupmode                             build/obj/pal_lld.o
                                                  build/obj/main.o
                                                  build/obj/pal.o
_port_exit_from_isr                               build/obj/chcoreasm_v7m.o
                                                  build/obj/chcore_v7m.o
_port_irq_epilogue                                build/obj/chcore_v7m.o
                                                  build/obj/adc_lld.o
                                                  build/obj/st_lld.o
                                                  build/obj/stm32_dma.o
_port_switch                                      build/obj/chcoreasm_v7m.o
                                                  build/obj/chschd.o
_port_switch_from_isr                             build/obj/chcoreasm_v7m.o
                                                  build/obj/chcore_v7m.o
_port_thread_start                                build/obj/chcoreasm_v7m.o
                                                  build/obj/chthreads.o
_scheduler_init                                   build/obj/chschd.o
                                                  build/obj/chsys.o
_stats_ctxswc                                     build/obj/chstats.o
                                                  build/obj/chschd.o
_stats_increase_irq                               build/obj/chstats.o
                                                  build/obj/adc_lld.o
                                                  build/obj/st_lld.o
                                                  build/obj/stm32_dma.o
_stats_init                                       build/obj/chstats.o
                                                  build/obj/chsys.o
_stats_start_measure_crit_isr                     build/obj/chstats.o
                                                  build/obj/adc_lld.o
                                                  build/obj/st_lld.o
                                                  build/obj/chschd.o
                                                  build/obj/chsys.o
_stats_start_measure_crit_thd                     build/obj/chstats.o
                                                  build/obj/adc.o
                                                  build/obj/chmempools.o
                                                  build/obj/chmemcore.o
                                                  build/obj/chqueues.o
                                                  build/obj/chmboxes.o
                                                  build/obj/chmsg.o
                                                  build/obj/chevents.o
                                                  build/obj/chcond.o
                                                  build/obj/chmtx.o
                                                  build/obj/chsem.o
                                                  build/obj/chregistry.o
                                                  build/obj/chdynamic.o
                                                  build/obj/chthreads.o
                                                  build/obj/chsys.o
                                                  build/obj/chcoreasm_v7m.o
_stats_stop_measure_crit_isr                      build/obj/chstats.o
                                                  build/obj/adc_lld.o
                                                  build/obj/st_lld.o
                                                  build/obj/chschd.o
                                                  build/obj/chsys.o
_stats_stop_measure_crit_thd                      build/obj/chstats.o
                                                  build/obj/adc.o
                                                  build/obj/chmempools.o
                                                  build/obj/chmemcore.o
                                                  build/obj/chqueues.o
                                                  build/obj/chmboxes.o
                                                  build/obj/chmsg.o
                                                  build/obj/chevents.o
                                                  build/obj/chcond.o
                                                  build/obj/chmtx.o
                                                  build/obj/chsem.o
                                                  build/obj/chregistry.o
                                                  build/obj/chdynamic.o
                                                  build/obj/chthreads.o
                                                  build/obj/chsys.o
                                                  build/obj/chcoreasm_v7m.o
_stm32_dma_streams                                build/obj/stm32_dma.o
                                                  build/obj/adc_lld.o
_textdata                                         build/obj/crt0_v7m.o
_thread_init                                      build/obj/chthreads.o
                                                  build/obj/chsys.o
_thread_memfill                                   build/obj/chthreads.o
                                                  build/obj/chdynamic.o
_tm_init                                          build/obj/chtm.o
                                                  build/obj/chsys.o
_unhandled_exception                              build/obj/vectors.o
_vectors                                          build/obj/vectors.o
_vt_init                                          build/obj/chvt.o
                                                  build/obj/chsys.o
adcAcquireBus                                     build/obj/adc.o
adcConvert                                        build/obj/adc.o
                                                  build/obj/main.o
adcInit                                           build/obj/adc.o
                                                  build/obj/hal.o
adcObjectInit                                     build/obj/adc.o
                                                  build/obj/adc_lld.o
adcReleaseBus                                     build/obj/adc.o
adcSTM32DisableTSVREFE                            build/obj/adc_lld.o
                                                  build/obj/main.o
adcSTM32DisableVBATE                              build/obj/adc_lld.o
adcSTM32EnableTSVREFE                             build/obj/adc_lld.o
                                                  build/obj/main.o
adcSTM32EnableVBATE                               build/obj/adc_lld.o
adcStart                                          build/obj/adc.o
                                                  build/obj/main.o
adcStartConversion                                build/obj/adc.o
                                                  build/obj/main.o
adcStartConversionI                               build/obj/adc.o
adcStop                                           build/obj/adc.o
adcStopConversion                                 build/obj/adc.o
                                                  build/obj/main.o
adcStopConversionI                                build/obj/adc.o
adc_lld_init                                      build/obj/adc_lld.o
                                                  build/obj/adc.o
adc_lld_start                                     build/obj/adc_lld.o
                                                  build/obj/adc.o
adc_lld_start_conversion                          build/obj/adc_lld.o
                                                  build/obj/adc.o
adc_lld_stop                                      build/obj/adc_lld.o
                                                  build/obj/adc.o
adc_lld_stop_conversion                           build/obj/adc_lld.o
                                                  build/obj/adc.o
boardInit                                         build/obj/board.o
                                                  build/obj/hal.o
ch                                                build/obj/chschd.o
                                                  build/obj/main.o
                                                  build/obj/adc.o
                                                  build/obj/chmempools.o
                                                  build/obj/chmemcore.o
                                                  build/obj/chqueues.o
                                                  build/obj/chmboxes.o
                                                  build/obj/chmsg.o
                                                  build/obj/chevents.o
                                                  build/obj/chcond.o
                                                  build/obj/chmtx.o
                                                  build/obj/chsem.o
                                                  build/obj/chregistry.o
                                                  build/obj/chdynamic.o
                                                  build/obj/chstats.o
                                                  build/obj/chtm.o
                                                  build/obj/chthreads.o
                                                  build/obj/chvt.o
                                                  build/obj/chdebug.o
                                                  build/obj/chsys.o
chCondBroadcast                                   build/obj/chcond.o
chCondBroadcastI                                  build/obj/chcond.o
chCondObjectInit                                  build/obj/chcond.o
chCondSignal                                      build/obj/chcond.o
chCondSignalI                                     build/obj/chcond.o
chCondWait                                        build/obj/chcond.o
chCondWaitS                                       build/obj/chcond.o
chCondWaitTimeout                                 build/obj/chcond.o
chCondWaitTimeoutS                                build/obj/chcond.o
chCoreAlloc                                       build/obj/chmemcore.o
                                                  build/obj/chheap.o
chCoreAllocI                                      build/obj/chmemcore.o
chCoreGetStatusX                                  build/obj/chmemcore.o
chDbgCheckClassI                                  build/obj/chdebug.o
                                                  build/obj/adc.o
                                                  build/obj/chmempools.o
                                                  build/obj/chmemcore.o
                                                  build/obj/chqueues.o
                                                  build/obj/chmboxes.o
                                                  build/obj/chmsg.o
                                                  build/obj/chevents.o
                                                  build/obj/chcond.o
                                                  build/obj/chsem.o
                                                  build/obj/chthreads.o
                                                  build/obj/chschd.o
                                                  build/obj/chvt.o
                                                  build/obj/chsys.o
chDbgCheckClassS                                  build/obj/chdebug.o
                                                  build/obj/chmboxes.o
                                                  build/obj/chmsg.o
                                                  build/obj/chcond.o
                                                  build/obj/chmtx.o
                                                  build/obj/chsem.o
                                                  build/obj/chthreads.o
                                                  build/obj/chschd.o
chEvtAddEvents                                    build/obj/chevents.o
chEvtBroadcastFlags                               build/obj/chevents.o
chEvtBroadcastFlagsI                              build/obj/chevents.o
chEvtDispatch                                     build/obj/chevents.o
chEvtGetAndClearEvents                            build/obj/chevents.o
chEvtGetAndClearFlags                             build/obj/chevents.o
chEvtGetAndClearFlagsI                            build/obj/chevents.o
chEvtRegisterMaskWithFlags                        build/obj/chevents.o
chEvtSignal                                       build/obj/chevents.o
chEvtSignalI                                      build/obj/chevents.o
chEvtUnregister                                   build/obj/chevents.o
chEvtWaitAll                                      build/obj/chevents.o
chEvtWaitAllTimeout                               build/obj/chevents.o
chEvtWaitAny                                      build/obj/chevents.o
chEvtWaitAnyTimeout                               build/obj/chevents.o
chEvtWaitOne                                      build/obj/chevents.o
chEvtWaitOneTimeout                               build/obj/chevents.o
chHeapAlloc                                       build/obj/chheap.o
                                                  build/obj/chdynamic.o
chHeapFree                                        build/obj/chheap.o
                                                  build/obj/chdynamic.o
chHeapObjectInit                                  build/obj/chheap.o
chHeapStatus                                      build/obj/chheap.o
chIQGetTimeout                                    build/obj/chqueues.o
chIQObjectInit                                    build/obj/chqueues.o
chIQPutI                                          build/obj/chqueues.o
chIQReadTimeout                                   build/obj/chqueues.o
chIQResetI                                        build/obj/chqueues.o
chMBFetch                                         build/obj/chmboxes.o
chMBFetchI                                        build/obj/chmboxes.o
chMBFetchS                                        build/obj/chmboxes.o
chMBObjectInit                                    build/obj/chmboxes.o
chMBPost                                          build/obj/chmboxes.o
chMBPostAhead                                     build/obj/chmboxes.o
chMBPostAheadI                                    build/obj/chmboxes.o
chMBPostAheadS                                    build/obj/chmboxes.o
chMBPostI                                         build/obj/chmboxes.o
chMBPostS                                         build/obj/chmboxes.o
chMBReset                                         build/obj/chmboxes.o
chMBResetI                                        build/obj/chmboxes.o
chMsgRelease                                      build/obj/chmsg.o
chMsgSend                                         build/obj/chmsg.o
chMsgWait                                         build/obj/chmsg.o
chMtxLock                                         build/obj/chmtx.o
                                                  build/obj/adc.o
                                                  build/obj/chheap.o
chMtxLockS                                        build/obj/chmtx.o
                                                  build/obj/chcond.o
chMtxObjectInit                                   build/obj/chmtx.o
                                                  build/obj/adc.o
                                                  build/obj/chheap.o
chMtxTryLock                                      build/obj/chmtx.o
chMtxTryLockS                                     build/obj/chmtx.o
chMtxUnlock                                       build/obj/chmtx.o
                                                  build/obj/adc.o
                                                  build/obj/chheap.o
chMtxUnlockAll                                    build/obj/chmtx.o
chMtxUnlockS                                      build/obj/chmtx.o
                                                  build/obj/chcond.o
chOQGetI                                          build/obj/chqueues.o
chOQObjectInit                                    build/obj/chqueues.o
chOQPutTimeout                                    build/obj/chqueues.o
chOQResetI                                        build/obj/chqueues.o
chOQWriteTimeout                                  build/obj/chqueues.o
chPoolAlloc                                       build/obj/chmempools.o
                                                  build/obj/chdynamic.o
chPoolAllocI                                      build/obj/chmempools.o
chPoolFree                                        build/obj/chmempools.o
                                                  build/obj/chdynamic.o
chPoolFreeI                                       build/obj/chmempools.o
chPoolLoadArray                                   build/obj/chmempools.o
chPoolObjectInit                                  build/obj/chmempools.o
chRegFirstThread                                  build/obj/chregistry.o
chRegNextThread                                   build/obj/chregistry.o
chSchDoReschedule                                 build/obj/chschd.o
                                                  build/obj/chcoreasm_v7m.o
chSchDoRescheduleAhead                            build/obj/chschd.o
chSchDoRescheduleBehind                           build/obj/chschd.o
                                                  build/obj/chthreads.o
chSchGoSleepS                                     build/obj/chschd.o
                                                  build/obj/chmsg.o
                                                  build/obj/chevents.o
                                                  build/obj/chcond.o
                                                  build/obj/chmtx.o
                                                  build/obj/chsem.o
                                                  build/obj/chthreads.o
chSchGoSleepTimeoutS                              build/obj/chschd.o
                                                  build/obj/chevents.o