Archive member included to satisfy reference by file (symbol)

/usr/bin/../lib/gcc/arm-none-eabi/5.3.1/../../../../arm-none-eabi/lib/armv7e-m/libg.a(lib_a-memcpy.o)
                              build/obj/memstreams.o (memcpy)
/usr/bin/../lib/gcc/arm-none-eabi/5.3.1/../../../../arm-none-eabi/lib/armv7e-m/libg.a(lib_a-strcasecmp.o)
                              build/obj/shell.o (strcasecmp)
/usr/bin/../lib/gcc/arm-none-eabi/5.3.1/../../../../arm-none-eabi/lib/armv7e-m/libg.a(lib_a-strpbrk.o)
                              build/obj/shell.o (strpbrk)
/usr/bin/../lib/gcc/arm-none-eabi/5.3.1/../../../../arm-none-eabi/lib/armv7e-m/libg.a(lib_a-strspn.o)
                              build/obj/shell.o (strspn)
/usr/bin/../lib/gcc/arm-none-eabi/5.3.1/../../../../arm-none-eabi/lib/armv7e-m/libg.a(lib_a-strtol.o)
                              build/obj/main.o (strtol)
/usr/bin/../lib/gcc/arm-none-eabi/5.3.1/../../../../arm-none-eabi/lib/armv7e-m/libg.a(lib_a-ctype_.o)
                              /usr/bin/../lib/gcc/arm-none-eabi/5.3.1/../../../../arm-none-eabi/lib/armv7e-m/libg.a(lib_a-strcasecmp.o) (__ctype_ptr__)
/usr/bin/../lib/gcc/arm-none-eabi/5.3.1/../../../../arm-none-eabi/lib/armv7e-m/libg.a(lib_a-impure.o)
                              /usr/bin/../lib/gcc/arm-none-eabi/5.3.1/../../../../arm-none-eabi/lib/armv7e-m/libg.a(lib_a-strtol.o) (_impure_ptr)

Discarded input sections

 .data          0x0000000000000000        0x0 build/obj/crt0_v7m.o
 .bss           0x0000000000000000        0x0 build/obj/crt0_v7m.o
 .data          0x0000000000000000        0x0 build/obj/chcoreasm_v7m.o
 .bss           0x0000000000000000        0x0 build/obj/chcoreasm_v7m.o
 .text          0x0000000000000000        0x0 build/obj/crt1.o
 .data          0x0000000000000000        0x0 build/obj/crt1.o
 .bss           0x0000000000000000        0x0 build/obj/crt1.o
 .text.__early_init
                0x0000000000000000        0x4 build/obj/crt1.o
 .text          0x0000000000000000        0x0 build/obj/vectors.o
 .data          0x0000000000000000        0x0 build/obj/vectors.o
 .bss           0x0000000000000000        0x0 build/obj/vectors.o
 .text          0x0000000000000000        0x0 build/obj/chsys.o
 .data          0x0000000000000000        0x0 build/obj/chsys.o
 .bss           0x0000000000000000        0x0 build/obj/chsys.o
 .text.chSysIsCounterWithinX
                0x0000000000000000       0x10 build/obj/chsys.o
 .text          0x0000000000000000        0x0 build/obj/chdebug.o
 .data          0x0000000000000000        0x0 build/obj/chdebug.o
 .bss           0x0000000000000000        0x0 build/obj/chdebug.o
 .debug_info    0x0000000000000000      0x62e build/obj/chdebug.o
 .debug_abbrev  0x0000000000000000      0x123 build/obj/chdebug.o
 .debug_aranges
                0x0000000000000000       0x18 build/obj/chdebug.o
 .debug_line    0x0000000000000000      0x1ba build/obj/chdebug.o
 .debug_str     0x0000000000000000      0x52e build/obj/chdebug.o
 .comment       0x0000000000000000       0x6f build/obj/chdebug.o
 .ARM.attributes
                0x0000000000000000       0x33 build/obj/chdebug.o
 .text          0x0000000000000000        0x0 build/obj/chvt.o
 .data          0x0000000000000000        0x0 build/obj/chvt.o
 .bss           0x0000000000000000        0x0 build/obj/chvt.o
 .text          0x0000000000000000        0x0 build/obj/chschd.o
 .data          0x0000000000000000        0x0 build/obj/chschd.o
 .bss           0x0000000000000000        0x0 build/obj/chschd.o
 .text          0x0000000000000000        0x0 build/obj/chthreads.o
 .data          0x0000000000000000        0x0 build/obj/chthreads.o
 .bss           0x0000000000000000        0x0 build/obj/chthreads.o
 .text.chThdSleepUntilWindowed
                0x0000000000000000       0x2c build/obj/chthreads.o
 .text.chThdSuspendTimeoutS
                0x0000000000000000       0x1c build/obj/chthreads.o
 .text.chThdResumeS
                0x0000000000000000       0x10 build/obj/chthreads.o
 .text.chThdResume
                0x0000000000000000       0x28 build/obj/chthreads.o
 .text          0x0000000000000000        0x0 build/obj/chtm.o
 .data          0x0000000000000000        0x0 build/obj/chtm.o
 .bss           0x0000000000000000        0x0 build/obj/chtm.o
 .text.chTMObjectInit
                0x0000000000000000       0x18 build/obj/chtm.o
 .text.chTMChainMeasurementToX
                0x0000000000000000       0x40 build/obj/chtm.o
 .text          0x0000000000000000        0x0 build/obj/chdynamic.o
 .data          0x0000000000000000        0x0 build/obj/chdynamic.o
 .bss           0x0000000000000000        0x0 build/obj/chdynamic.o
 .text          0x0000000000000000        0x0 build/obj/chregistry.o
 .data          0x0000000000000000        0x0 build/obj/chregistry.o
 .bss           0x0000000000000000        0x0 build/obj/chregistry.o
 .text          0x0000000000000000        0x0 build/obj/chsem.o
 .data          0x0000000000000000        0x0 build/obj/chsem.o
[...]
Memory Configuration

Name             Origin             Length             Attributes
flash            0x0000000008000000 0x0000000000100000
ram0             0x0000000020000000 0x0000000000020000
ram1             0x0000000020000000 0x000000000001c000
ram2             0x000000002001c000 0x0000000000004000
ram3             0x0000000000000000 0x0000000000000000
ram4             0x0000000010000000 0x0000000000010000
ram5             0x0000000040024000 0x0000000000001000
ram6             0x0000000000000000 0x0000000000000000
ram7             0x0000000000000000 0x0000000000000000
*default*        0x0000000000000000 0xffffffffffffffff

Linker script and memory map

LOAD build/obj/crt0_v7m.o
LOAD build/obj/chcoreasm_v7m.o
LOAD build/obj/crt1.o
LOAD build/obj/vectors.o
LOAD build/obj/chsys.o
LOAD build/obj/chdebug.o
LOAD build/obj/chvt.o
LOAD build/obj/chschd.o
LOAD build/obj/chthreads.o
LOAD build/obj/chtm.o
LOAD build/obj/chdynamic.o
LOAD build/obj/chregistry.o
LOAD build/obj/chsem.o
LOAD build/obj/chmtx.o
LOAD build/obj/chcond.o
LOAD build/obj/chevents.o
LOAD build/obj/chmsg.o
LOAD build/obj/chmboxes.o
LOAD build/obj/chqueues.o
LOAD build/obj/chmemcore.o
LOAD build/obj/chheap.o
LOAD build/obj/chmempools.o
LOAD build/obj/chcore.o
LOAD build/obj/chcore_v7m.o
LOAD build/obj/osal.o
LOAD build/obj/hal.o
LOAD build/obj/st.o
LOAD build/obj/hal_queues.o
LOAD build/obj/hal_mmcsd.o
LOAD build/obj/pal.o
LOAD build/obj/pwm.o
LOAD build/obj/serial.o
LOAD build/obj/serial_usb.o
LOAD build/obj/spi.o
LOAD build/obj/usb.o
LOAD build/obj/nvic.o
LOAD build/obj/stm32_dma.o
LOAD build/obj/hal_lld.o
LOAD build/obj/st_lld.o
LOAD build/obj/pal_lld.o
LOAD build/obj/usb_lld.o
LOAD build/obj/spi_lld.o
LOAD build/obj/pwm_lld.o
LOAD build/obj/serial_lld.o
LOAD build/obj/board.o
LOAD build/obj/test.o
LOAD build/obj/testthd.o
LOAD build/obj/testsem.o
LOAD build/obj/testmtx.o
LOAD build/obj/testmsg.o
LOAD build/obj/testmbox.o
LOAD build/obj/testevt.o
LOAD build/obj/testheap.o
LOAD build/obj/testpools.o
LOAD build/obj/testdyn.o
LOAD build/obj/testqueues.o
LOAD build/obj/testsys.o
LOAD build/obj/testbmk.o
LOAD build/obj/lis302dl.o
LOAD build/obj/shell.o
LOAD build/obj/memstreams.o
LOAD build/obj/chprintf.o
LOAD build/obj/usbcfg.o
LOAD build/obj/main.o
                0x0000000020000000                __ram0_start__ = ORIGIN (ram0)
                0x0000000000020000                __ram0_size__ = LENGTH (ram0)
                0x0000000020020000                __ram0_end__ = (__ram0_start__ + __ram0_size__)
                0x0000000020000000                __ram1_start__ = ORIGIN (ram1)
                0x000000000001c000                __ram1_size__ = LENGTH (ram1)
                0x000000002001c000                __ram1_end__ = (__ram1_start__ + __ram1_size__)
                0x000000002001c000                __ram2_start__ = ORIGIN (ram2)
                0x0000000000004000                __ram2_size__ = LENGTH (ram2)
                0x0000000020020000                __ram2_end__ = (__ram2_start__ + __ram2_size__)
                0x0000000000000000                __ram3_start__ = ORIGIN (ram3)
                0x0000000000000000                __ram3_size__ = LENGTH (ram3)
                0x0000000000000000                __ram3_end__ = (__ram3_start__ + __ram3_size__)
                0x0000000010000000                __ram4_start__ = ORIGIN (ram4)
                0x0000000000010000                __ram4_size__ = LENGTH (ram4)
                0x0000000010010000                __ram4_end__ = (__ram4_start__ + __ram4_size__)
                0x0000000040024000                __ram5_start__ = ORIGIN (ram5)
                0x0000000000001000                __ram5_size__ = LENGTH (ram5)
                0x0000000040025000                __ram5_end__ = (__ram5_start__ + __ram5_size__)
                0x0000000000000000                __ram6_start__ = ORIGIN (ram6)
                0x0000000000000000                __ram6_size__ = LENGTH (ram6)
                0x0000000000000000                __ram6_end__ = (__ram6_start__ + __ram6_size__)
                0x0000000000000000                __ram7_start__ = ORIGIN (ram7)
                0x0000000000000000                __ram7_size__ = LENGTH (ram7)
                0x0000000000000000                __ram7_end__ = (__ram7_start__ + __ram7_size__)
                0x0000000000000000                . = 0x0
                0x0000000000000000                _text = .

startup         0x0000000008000000      0x1c0
 *(.vectors)
 .vectors       0x0000000008000000      0x1c0 build/obj/vectors.o
                0x0000000008000000                _vectors

constructors    0x00000000080001c0        0x0
                0x00000000080001c0                PROVIDE (__init_array_start, .)
 *(SORT(.init_array.*))
 *(.init_array)
                0x00000000080001c0                PROVIDE (__init_array_end, .)

destructors     0x00000000080001c0        0x0
                0x00000000080001c0                PROVIDE (__fini_array_start, .)
 *(.fini_array)
 *(SORT(.fini_array.*))
                0x00000000080001c0                PROVIDE (__fini_array_end, .)

.text           0x00000000080001c0     0xa381
 *(.text)
 .text          0x00000000080001c0       0xbc build/obj/crt0_v7m.o
                0x00000000080001c0                Reset_Handler
 *fill*         0x000000000800027c        0x4 
 .text          0x0000000008000280       0x28 build/obj/chcoreasm_v7m.o
                0x0000000008000280                _port_switch
                0x0000000008000290                _port_thread_start
                0x00000000080002a0                _port_switch_from_isr
                0x00000000080002a4                _port_exit_from_isr
 *(.text.*)
 *fill*         0x00000000080002a8        0x8 
 .text.__late_init
                0x00000000080002b0        0x4 build/obj/crt1.o
                0x00000000080002b0                __late_init
 *fill*         0x00000000080002b4        0xc 
 .text.__default_exit
                0x00000000080002c0        0x4 build/obj/crt1.o
                0x00000000080002c0                __default_exit
 *fill*         0x00000000080002c4        0xc 
 .text._unhandled_exception
                0x00000000080002d0        0x4 build/obj/vectors.o
                0x00000000080002d0                Vector58
                0x00000000080002d0                Vector9C
                0x00000000080002d0                VectorE8
                0x00000000080002d0                DebugMon_Handler
                0x00000000080002d0                Vector1A0
                0x00000000080002d0                Vector5C
                0x00000000080002d0                Vector11C
                0x00000000080002d0                HardFault_Handler
                0x00000000080002d0                Vector1B8
                0x00000000080002d0                Vector19C
                0x00000000080002d0                SysTick_Handler
                0x00000000080002d0                Vector8C
                0x00000000080002d0                VectorDC
                0x00000000080002d0                PendSV_Handler
                0x00000000080002d0                Vector168
                0x00000000080002d0                NMI_Handler
                0x00000000080002d0                Vector110
                0x00000000080002d0                VectorC8
                0x00000000080002d0                Vector94
                0x00000000080002d0                VectorA8
                0x00000000080002d0                VectorB4
                0x00000000080002d0                Vector160
                0x00000000080002d0                Vector1B0
                0x00000000080002d0                UsageFault_Handler
                0x00000000080002d0                VectorEC
                0x00000000080002d0                Vector40
                0x00000000080002d0                VectorF8
                0x00000000080002d0                Vector108
                0x00000000080002d0                VectorBC
                0x00000000080002d0                Vector190
                0x00000000080002d0                Vector148
                0x00000000080002d0                Vector188
                0x00000000080002d0                Vector198
                0x00000000080002d0                Vector118
                0x00000000080002d0                Vector64
                0x00000000080002d0                VectorCC
                0x00000000080002d0                Vector54
                0x00000000080002d0                Vector98
                0x00000000080002d0                Vector138
                0x00000000080002d0                Vector24
                0x00000000080002d0                Vector1AC
                0x00000000080002d0                Vector178
                0x00000000080002d0                Vector1A4
                0x00000000080002d0                VectorD0
                0x00000000080002d0                Vector1B4
                0x00000000080002d0                Vector140
                0x00000000080002d0                VectorE4
                0x00000000080002d0                VectorC0
                0x00000000080002d0                Vector134
                0x00000000080002d0                VectorF0
                0x00000000080002d0                Vector13C
                0x00000000080002d0                Vector100
                0x00000000080002d0                VectorE0
                0x00000000080002d0                VectorF4
                0x00000000080002d0                MemManage_Handler
                0x00000000080002d0                VectorA0
                0x00000000080002d0                VectorC4
                0x00000000080002d0                Vector180
                0x00000000080002d0                Vector90
                0x00000000080002d0                Vector114
                0x00000000080002d0                Vector60
                0x00000000080002d0                Vector164
                0x00000000080002d0                Vector1C
                0x00000000080002d0                Vector1BC
                0x00000000080002d0                Vector17C
                0x00000000080002d0                Vector48
                0x00000000080002d0                Vector1A8
                0x00000000080002d0                Vector16C
                0x00000000080002d0                VectorD4
                0x00000000080002d0                Vector4C
                0x00000000080002d0                Vector144
                0x00000000080002d0                Vector15C
                0x00000000080002d0                Vector68
                0x00000000080002d0                _unhandled_exception
                0x00000000080002d0                Vector170
                0x00000000080002d0                Vector88
                0x00000000080002d0                Vector104
                0x00000000080002d0                Vector184
                0x00000000080002d0                Vector10C
                0x00000000080002d0                BusFault_Handler
                0x00000000080002d0                Vector50
                0x00000000080002d0                Vector194
                0x00000000080002d0                Vector44
                0x00000000080002d0                Vector28
                0x00000000080002d0                Vector34
                0x00000000080002d0                Vector20
                0x00000000080002d0                Vector18C
                0x00000000080002d0                Vector174
 *fill*         0x00000000080002d4        0xc 
 .text._idle_thread
                0x00000000080002e0       0x14 build/obj/chsys.o
 *fill*         0x00000000080002f4        0xc 
 .text.chSysInit
                0x0000000008000300       0x98 build/obj/chsys.o
                0x0000000008000300                chSysInit
 *fill*         0x0000000008000398        0x8 
 .text.chSysHalt
                0x00000000080003a0        0xc build/obj/chsys.o
                0x00000000080003a0                chSysHalt
 *fill*         0x00000000080003ac        0x4 
 .text.chSysIntegrityCheckI
                0x00000000080003b0       0xbc build/obj/chsys.o
                0x00000000080003b0                chSysIntegrityCheckI
 *fill*         0x000000000800046c        0x4 
 .text.chSysTimerHandlerI
                0x0000000008000470       0x78 build/obj/chsys.o
                0x0000000008000470                chSysTimerHandlerI
 *fill*         0x00000000080004e8        0x8 
 .text.chSysGetStatusAndLockX
                0x00000000080004f0       0x14 build/obj/chsys.o
                0x00000000080004f0                chSysGetStatusAndLockX
 *fill*         0x0000000008000504        0xc 
 .text.chSysRestoreStatusX
                0x0000000008000510       0x20 build/obj/chsys.o
                0x0000000008000510                chSysRestoreStatusX
 .text.chSysPolledDelayX
                0x0000000008000530       0x14 build/obj/chsys.o
                0x0000000008000530                chSysPolledDelayX
 *fill*         0x0000000008000544        0xc 
 .text._vt_init
                0x0000000008000550       0x1c build/obj/chvt.o
                0x0000000008000550                _vt_init
 *fill*         0x000000000800056c        0x4 
 .text.chVTDoSetI
                0x0000000008000570       0x78 build/obj/chvt.o
                0x0000000008000570                chVTDoSetI
 *fill*         0x00000000080005e8        0x8 
 .text.chVTDoResetI
                0x00000000080005f0       0x6c build/obj/chvt.o
                0x00000000080005f0                chVTDoResetI
 *fill*         0x000000000800065c        0x4 
 .text.wakeup   0x0000000008000660       0x6c build/obj/chschd.o
 *fill*         0x00000000080006cc        0x4 
 .text._scheduler_init
                0x00000000080006d0       0x14 build/obj/chschd.o
                0x00000000080006d0                _scheduler_init
 *fill*         0x00000000080006e4        0xc 
 .text.chSchReadyI
                0x00000000080006f0       0x28 build/obj/chschd.o
                0x00000000080006f0                chSchReadyI
 *fill*         0x0000000008000718        0x8 
 .text.chSchGoSleepS
                0x0000000008000720       0x24 build/obj/chschd.o
                0x0000000008000720                chSchGoSleepS
 *fill*         0x0000000008000744        0xc 
 .text.chSchGoSleepTimeoutS
                0x0000000008000750       0x44 build/obj/chschd.o
                0x0000000008000750                chSchGoSleepTimeoutS
 *fill*         0x0000000008000794        0xc 
 .text.chSchWakeupS
                0x00000000080007a0       0x58 build/obj/chschd.o
                0x00000000080007a0                chSchWakeupS
 *fill*         0x00000000080007f8        0x8 
 .text.chSchIsPreemptionRequired
                0x0000000008000800       0x18 build/obj/chschd.o
                0x0000000008000800                chSchIsPreemptionRequired
 *fill*         0x0000000008000818        0x8 
 .text.chSchDoRescheduleBehind
                0x0000000008000820       0x3c build/obj/chschd.o
                0x0000000008000820                chSchDoRescheduleBehind
 *fill*         0x000000000800085c        0x4 
 .text.chSchDoRescheduleAhead
                0x0000000008000860       0x3c build/obj/chschd.o
                0x0000000008000860                chSchDoRescheduleAhead
 *fill*         0x000000000800089c        0x4 
 .text.chSchRescheduleS
                0x00000000080008a0       0x18 build/obj/chschd.o
                0x00000000080008a0                chSchRescheduleS
 *fill*         0x00000000080008b8        0x8 
 .text.chSchDoReschedule
                0x00000000080008c0        0x4 build/obj/chschd.o
                0x00000000080008c0                chSchDoReschedule
 *fill*         0x00000000080008c4        0xc 
 .text._thread_init
                0x00000000080008d0       0x3c build/obj/chthreads.o
                0x00000000080008d0                _thread_init
 *fill*         0x000000000800090c        0x4 
 .text.chThdCreateI
                0x0000000008000910       0x58 build/obj/chthreads.o
                0x0000000008000910                chThdCreateI
 *fill*         0x0000000008000968        0x8 
 .text.chThdCreateStatic
                0x0000000008000970       0x64 build/obj/chthreads.o
                0x0000000008000970                chThdCreateStatic
 *fill*         0x00000000080009d4        0xc 
 .text.chThdStart
                0x00000000080009e0       0x14 build/obj/chthreads.o
                0x00000000080009e0                chThdStart
 *fill*         0x00000000080009f4        0xc 
 .text.chThdSetPriority
                0x0000000008000a00       0x30 build/obj/chthreads.o
                0x0000000008000a00                chThdSetPriority
 .text.chThdTerminate
                0x0000000008000a30       0x18 build/obj/chthreads.o
                0x0000000008000a30                chThdTerminate
 *fill*         0x0000000008000a48        0x8 
 .text.chThdSleep
                0x0000000008000a50       0x18 build/obj/chthreads.o
                0x0000000008000a50                chThdSleep
 *fill*         0x0000000008000a68        0x8 
 .text.chThdSleepUntil
                0x0000000008000a70       0x20 build/obj/chthreads.o
                0x0000000008000a70                chThdSleepUntil
 .text.chThdYield
                0x0000000008000a90       0x28 build/obj/chthreads.o
                0x0000000008000a90                chThdYield
 *fill*         0x0000000008000ab8        0x8 
 .text.chThdExitS
                0x0000000008000ac0       0x40 build/obj/chthreads.o
                0x0000000008000ac0                chThdExitS
 .text.chThdExit
                0x0000000008000b00        0xc build/obj/chthreads.o
                0x0000000008000b00                chThdExit
 *fill*         0x0000000008000b0c        0x4 
 .text.chThdWait
                0x0000000008000b10       0x38 build/obj/chthreads.o
                0x0000000008000b10                chThdWait
 *fill*         0x0000000008000b48        0x8 
 .text.chThdSuspendS
                0x0000000008000b50       0x1c build/obj/chthreads.o
                0x0000000008000b50                chThdSuspendS
 *fill*         0x0000000008000b6c        0x4 
 .text.chThdResumeI
                0x0000000008000b70       0x14 build/obj/chthreads.o
                0x0000000008000b70                chThdResumeI
 *fill*         0x0000000008000b84        0xc 
 .text.chThdEnqueueTimeoutS
                0x0000000008000b90       0x28 build/obj/chthreads.o
                0x0000000008000b90                chThdEnqueueTimeoutS
 *fill*         0x0000000008000bb8        0x8 
 .text.chThdDequeueNextI
                0x0000000008000bc0       0x1c build/obj/chthreads.o
                0x0000000008000bc0                chThdDequeueNextI
 *fill*         0x0000000008000bdc        0x4 
 .text.chThdDequeueAllI
                0x0000000008000be0       0x24 build/obj/chthreads.o
                0x0000000008000be0                chThdDequeueAllI
 *fill*         0x0000000008000c04        0xc 
 .text.chTMStartMeasurementX
                0x0000000008000c10        0xc build/obj/chtm.o
                0x0000000008000c10                chTMStartMeasurementX
 *fill*         0x0000000008000c1c        0x4 
 .text.chTMStopMeasurementX
                0x0000000008000c20       0x48 build/obj/chtm.o
                0x0000000008000c20                chTMStopMeasurementX
 *fill*         0x0000000008000c68        0x8 
 .text._tm_init
                0x0000000008000c70       0x38 build/obj/chtm.o
                0x0000000008000c70                _tm_init
 *fill*         0x0000000008000ca8        0x8 
 .text.chThdAddRef
                0x0000000008000cb0       0x14 build/obj/chdynamic.o
                0x0000000008000cb0                chThdAddRef
 *fill*         0x0000000008000cc4        0xc 
 .text.chThdRelease
                0x0000000008000cd0       0x50 build/obj/chdynamic.o
                0x0000000008000cd0                chThdRelease
 .text.chThdCreateFromHeap
                0x0000000008000d20       0x3c build/obj/chdynamic.o
                0x0000000008000d20                chThdCreateFromHeap
 *fill*         0x0000000008000d5c        0x4 
 .text.chThdCreateFromMemoryPool
                0x0000000008000d60       0x44 build/obj/chdynamic.o
                0x0000000008000d60                chThdCreateFromMemoryPool
 *fill*         0x0000000008000da4        0xc 
 .text.chRegFirstThread
                0x0000000008000db0       0x1c build/obj/chregistry.o
                0x0000000008000db0                chRegFirstThread
 *fill*         0x0000000008000dcc        0x4 
 .text.chRegNextThread
                0x0000000008000dd0       0x2c build/obj/chregistry.o
                0x0000000008000dd0                chRegNextThread
 *fill*         0x0000000008000dfc        0x4 
 .text.chSemObjectInit
                0x0000000008000e00        0x8 build/obj/chsem.o
                0x0000000008000e00                chSemObjectInit
 *fill*         0x0000000008000e08        0x8 
 .text.chSemResetI
                0x0000000008000e10       0x28 build/obj/chsem.o
                0x0000000008000e10                chSemResetI
 *fill*         0x0000000008000e38        0x8 
 .text.chSemReset
                0x0000000008000e40       0x18 build/obj/chsem.o
                0x0000000008000e40                chSemReset
 *fill*         0x0000000008000e58        0x8 
 .text.chSemWait
                0x0000000008000e60       0x44 build/obj/chsem.o
                0x0000000008000e60                chSemWait
 *fill*         0x0000000008000ea4        0xc 
 .text.chSemWaitTimeout
                0x0000000008000eb0       0x4c build/obj/chsem.o
                0x0000000008000eb0                chSemWaitTimeout
 *fill*         0x0000000008000efc        0x4 
 .text.chSemWaitTimeoutS
                0x0000000008000f00       0x3c build/obj/chsem.o
                0x0000000008000f00                chSemWaitTimeoutS
 *fill*         0x0000000008000f3c        0x4 
 .text.chSemSignal
                0x0000000008000f40       0x34 build/obj/chsem.o
                0x0000000008000f40                chSemSignal
 *fill*         0x0000000008000f74        0xc 
 .text.chSemSignalI
                0x0000000008000f80       0x20 build/obj/chsem.o
                0x0000000008000f80                chSemSignalI
 .text.chSemAddCounterI
                0x0000000008000fa0       0x30 build/obj/chsem.o
                0x0000000008000fa0                chSemAddCounterI
 .text.chSemSignalWait
                0x0000000008000fd0       0x6c build/obj/chsem.o
                0x0000000008000fd0                chSemSignalWait
 *fill*         0x000000000800103c        0x4 
 .text.chMtxObjectInit
                0x0000000008001040        0xc build/obj/chmtx.o
                0x0000000008001040                chMtxObjectInit
 *fill*         0x000000000800104c        0x4 
 .text.chMtxLockS
                0x0000000008001050       0xc8 build/obj/chmtx.o
                0x0000000008001050                chMtxLockS
 *fill*         0x0000000008001118        0x8 
 .text.chMtxLock
                0x0000000008001120       0x14 build/obj/chmtx.o
                0x0000000008001120                chMtxLock
 *fill*         0x0000000008001134        0xc 
 .text.chMtxTryLock
                0x0000000008001140       0x30 build/obj/chmtx.o
                0x0000000008001140                chMtxTryLock
 .text.chMtxUnlock
                0x0000000008001170       0x60 build/obj/chmtx.o
                0x0000000008001170                chMtxUnlock
 .text.chMtxUnlockS
                0x00000000080011d0       0x50 build/obj/chmtx.o
                0x00000000080011d0                chMtxUnlockS
 .text.chMtxUnlockAll
                0x0000000008001220       0x54 build/obj/chmtx.o
                0x0000000008001220                chMtxUnlockAll
 *fill*         0x0000000008001274        0xc 
 .text.chCondObjectInit
                0x0000000008001280        0x8 build/obj/chcond.o
                0x0000000008001280                chCondObjectInit
 *fill*         0x0000000008001288        0x8 
 .text.chCondSignal
                0x0000000008001290       0x28 build/obj/chcond.o
                0x0000000008001290                chCondSignal
 *fill*         0x00000000080012b8        0x8 
 .text.chCondSignalI
                0x00000000080012c0       0x18 build/obj/chcond.o
                0x00000000080012c0                chCondSignalI
 *fill*         0x00000000080012d8        0x8 
 .text.chCondBroadcast
                0x00000000080012e0       0x34 build/obj/chcond.o
                0x00000000080012e0                chCondBroadcast
 *fill*         0x0000000008001314        0xc 
 .text.chCondWaitS
                0x0000000008001320       0x44 build/obj/chcond.o
                0x0000000008001320                chCondWaitS
 *fill*         0x0000000008001364        0xc 
 .text.chCondWait
                0x0000000008001370       0x14 build/obj/chcond.o
                0x0000000008001370                chCondWait
 *fill*         0x0000000008001384        0xc 
 .text.chCondWaitTimeoutS
                0x0000000008001390       0x50 build/obj/chcond.o
                0x0000000008001390                chCondWaitTimeoutS
 .text.chCondWaitTimeout
                0x00000000080013e0       0x14 build/obj/chcond.o
                0x00000000080013e0                chCondWaitTimeout
 *fill*         0x00000000080013f4        0xc 
 .text.chEvtRegisterMaskWithFlags
                0x0000000008001400       0x28 build/obj/chevents.o
                0x0000000008001400                chEvtRegisterMaskWithFlags
 *fill*         0x0000000008001428        0x8 
 .text.chEvtUnregister
                0x0000000008001430       0x2c build/obj/chevents.o
                0x0000000008001430                chEvtUnregister
 *fill*         0x000000000800145c        0x4 
 .text.chEvtGetAndClearEvents
                0x0000000008001460       0x20 build/obj/chevents.o
                0x0000000008001460                chEvtGetAndClearEvents
 .text.chEvtAddEvents
                0x0000000008001480       0x1c build/obj/chevents.o
                0x0000000008001480                chEvtAddEvents
 *fill*         0x000000000800149c        0x4 
 .text.chEvtSignalI
                0x00000000080014a0       0x28 build/obj/chevents.o
                0x00000000080014a0                chEvtSignalI
 *fill*         0x00000000080014c8        0x8 
 .text.chEvtBroadcastFlagsI
                0x00000000080014d0       0x2c build/obj/chevents.o
                0x00000000080014d0                chEvtBroadcastFlagsI
 *fill*         0x00000000080014fc        0x4 
 .text.chEvtSignal
                0x0000000008001500       0x18 build/obj/chevents.o
                0x0000000008001500                chEvtSignal
 *fill*         0x0000000008001518        0x8 
 .text.chEvtBroadcastFlags
                0x0000000008001520       0x18 build/obj/chevents.o
                0x0000000008001520                chEvtBroadcastFlags
 *fill*         0x0000000008001538        0x8 
 .text.chEvtDispatch
                0x0000000008001540       0x38 build/obj/chevents.o
                0x0000000008001540                chEvtDispatch
 *fill*         0x0000000008001578        0x8 
 .text.chEvtWaitOne
                0x0000000008001580       0x3c build/obj/chevents.o
                0x0000000008001580                chEvtWaitOne
 *fill*         0x00000000080015bc        0x4 
 .text.chEvtWaitAny
                0x00000000080015c0       0x38 build/obj/chevents.o
                0x00000000080015c0                chEvtWaitAny
 *fill*         0x00000000080015f8        0x8 
 .text.chEvtWaitAll
                0x0000000008001600       0x34 build/obj/chevents.o
                0x0000000008001600                chEvtWaitAll
 *fill*         0x0000000008001634        0xc 
 .text.chEvtWaitOneTimeout
                0x0000000008001640       0x50 build/obj/chevents.o
                0x0000000008001640                chEvtWaitOneTimeout
 .text.chEvtWaitAnyTimeout
                0x0000000008001690       0x50 build/obj/chevents.o
                0x0000000008001690                chEvtWaitAnyTimeout
 .text.chEvtWaitAllTimeout
                0x00000000080016e0       0x48 build/obj/chevents.o
                0x00000000080016e0                chEvtWaitAllTimeout
 *fill*         0x0000000008001728        0x8 
 .text.chMsgSend
                0x0000000008001730       0x40 build/obj/chmsg.o
                0x0000000008001730                chMsgSend
 .text.chMsgWait
                0x0000000008001770       0x3c build/obj/chmsg.o
                0x0000000008001770                chMsgWait
 *fill*         0x00000000080017ac        0x4 
 .text.chMsgRelease
                0x00000000080017b0       0x14 build/obj/chmsg.o
                0x00000000080017b0                chMsgRelease
 *fill*         0x00000000080017c4        0xc 
 .text.chMBObjectInit
                0x00000000080017d0       0x28 build/obj/chmboxes.o
                0x00000000080017d0                chMBObjectInit
 *fill*         0x00000000080017f8        0x8 
 .text.chMBResetI
                0x0000000008001800       0x24 build/obj/chmboxes.o
                0x0000000008001800                chMBResetI
 *fill*         0x0000000008001824        0xc 
 .text.chMBReset
                0x0000000008001830       0x18 build/obj/chmboxes.o
                0x0000000008001830                chMBReset
 *fill*         0x0000000008001848        0x8 
 .text.chMBPost
                0x0000000008001850       0x44 build/obj/chmboxes.o
                0x0000000008001850                chMBPost
 *fill*         0x0000000008001894        0xc 
 .text.chMBPostI
                0x00000000080018a0       0x34 build/obj/chmboxes.o
                0x00000000080018a0                chMBPostI
 *fill*         0x00000000080018d4        0xc 
 .text.chMBPostAhead
                0x00000000080018e0       0x4c build/obj/chmboxes.o
                0x00000000080018e0                chMBPostAhead
 *fill*         0x000000000800192c        0x4 
 .text.chMBPostAheadI
                0x0000000008001930       0x30 build/obj/chmboxes.o
                0x0000000008001930                chMBPostAheadI
 .text.chMBFetch
                0x0000000008001960       0x44 build/obj/chmboxes.o
                0x0000000008001960                chMBFetch
 *fill*         0x00000000080019a4        0xc 
 .text.chMBFetchI
                0x00000000080019b0       0x38 build/obj/chmboxes.o
                0x00000000080019b0                chMBFetchI
 *fill*         0x00000000080019e8        0x8 
 .text.chIQObjectInit
                0x00000000080019f0       0x20 build/obj/chqueues.o
                0x00000000080019f0                chIQObjectInit
 .text.chIQResetI
                0x0000000008001a10       0x14 build/obj/chqueues.o
                0x0000000008001a10                chIQResetI
 *fill*         0x0000000008001a24        0xc 
 .text.chIQPutI
                0x0000000008001a30       0x38 build/obj/chqueues.o
                0x0000000008001a30                chIQPutI
 *fill*         0x0000000008001a68        0x8 
 .text.chIQGetTimeout
                0x0000000008001a70       0x50 build/obj/chqueues.o
                0x0000000008001a70                chIQGetTimeout
 .text.chIQReadTimeout
                0x0000000008001ac0       0x74 build/obj/chqueues.o
                0x0000000008001ac0                chIQReadTimeout
 *fill*         0x0000000008001b34        0xc 
 .text.chOQObjectInit
                0x0000000008001b40       0x1c build/obj/chqueues.o
                0x0000000008001b40                chOQObjectInit
 *fill*         0x0000000008001b5c        0x4 
 .text.chOQResetI
                0x0000000008001b60       0x18 build/obj/chqueues.o
                0x0000000008001b60                chOQResetI
 *fill*         0x0000000008001b78        0x8 
 .text.chOQPutTimeout
                0x0000000008001b80       0x50 build/obj/chqueues.o
                0x0000000008001b80                chOQPutTimeout
 .text.chOQGetI
                0x0000000008001bd0       0x34 build/obj/chqueues.o
                0x0000000008001bd0                chOQGetI
 *fill*         0x0000000008001c04        0xc 
 .text.chOQWriteTimeout
                0x0000000008001c10       0x88 build/obj/chqueues.o
                0x0000000008001c10                chOQWriteTimeout
 *fill*         0x0000000008001c98        0x8 
 .text._core_init
                0x0000000008001ca0       0x28 build/obj/chmemcore.o
                0x0000000008001ca0                _core_init
 *fill*         0x0000000008001cc8        0x8 
 .text.chCoreAlloc
                0x0000000008001cd0       0x38 build/obj/chmemcore.o
                0x0000000008001cd0                chCoreAlloc
 *fill*         0x0000000008001d08        0x8 
 .text.chCoreGetStatusX
                0x0000000008001d10       0x14 build/obj/chmemcore.o
                0x0000000008001d10                chCoreGetStatusX
 *fill*         0x0000000008001d24        0xc 
 .text._heap_init
                0x0000000008001d30       0x1c build/obj/chheap.o
                0x0000000008001d30                _heap_init
 *fill*         0x0000000008001d4c        0x4 
 .text.chHeapObjectInit
                0x0000000008001d50       0x14 build/obj/chheap.o
                0x0000000008001d50                chHeapObjectInit
 *fill*         0x0000000008001d64        0xc 
 .text.chHeapAlloc
                0x0000000008001d70       0x8c build/obj/chheap.o
                0x0000000008001d70                chHeapAlloc
 *fill*         0x0000000008001dfc        0x4 
 .text.chHeapFree
                0x0000000008001e00       0x98 build/obj/chheap.o
                0x0000000008001e00                chHeapFree
 *fill*         0x0000000008001e98        0x8 
 .text.chHeapStatus
                0x0000000008001ea0       0x44 build/obj/chheap.o
                0x0000000008001ea0                chHeapStatus
 *fill*         0x0000000008001ee4        0xc 
 .text.chPoolObjectInit
                0x0000000008001ef0        0xc build/obj/chmempools.o
                0x0000000008001ef0                chPoolObjectInit
 *fill*         0x0000000008001efc        0x4 
 .text.chPoolLoadArray
                0x0000000008001f00       0x24 build/obj/chmempools.o
                0x0000000008001f00                chPoolLoadArray
 *fill*         0x0000000008001f24        0xc 
 .text.chPoolAlloc
                0x0000000008001f30       0x2c build/obj/chmempools.o
                0x0000000008001f30                chPoolAlloc
 *fill*         0x0000000008001f5c        0x4 
 .text.chPoolFree
                0x0000000008001f60       0x14 build/obj/chmempools.o
                0x0000000008001f60                chPoolFree
 *fill*         0x0000000008001f74        0xc 
 .text.SVC_Handler
                0x0000000008001f80       0x14 build/obj/chcore_v7m.o
                0x0000000008001f80                SVC_Handler
 *fill*         0x0000000008001f94        0xc 
 .text._port_irq_epilogue
                0x0000000008001fa0       0x50 build/obj/chcore_v7m.o
                0x0000000008001fa0                _port_irq_epilogue
 .text.halInit  0x0000000008001ff0       0x30 build/obj/hal.o
                0x0000000008001ff0                halInit
 .text.stInit   0x0000000008002020        0x4 build/obj/st.o
                0x0000000008002020                stInit
 *fill*         0x0000000008002024        0xc 
 .text.stStartAlarm
                0x0000000008002030       0x10 build/obj/st.o
                0x0000000008002030                stStartAlarm
 .text.stStopAlarm
                0x0000000008002040        0xc build/obj/st.o
                0x0000000008002040                stStopAlarm
 *fill*         0x000000000800204c        0x4 
 .text.stSetAlarm
                0x0000000008002050        0x8 build/obj/st.o
                0x0000000008002050                stSetAlarm
 *fill*         0x0000000008002058        0x8 
 .text.pwmInit  0x0000000008002060        0x4 build/obj/pwm.o
                0x0000000008002060                pwmInit
 *fill*         0x0000000008002064        0xc 
 .text.pwmObjectInit
                0x0000000008002070       0x10 build/obj/pwm.o
                0x0000000008002070                pwmObjectInit
 .text.pwmStart
                0x0000000008002080       0x24 build/obj/pwm.o
                0x0000000008002080                pwmStart
 *fill*         0x00000000080020a4        0xc 
 .text.pwmEnableChannel
                0x00000000080020b0       0x20 build/obj/pwm.o
                0x00000000080020b0                pwmEnableChannel
 .text.readt    0x00000000080020d0        0x8 build/obj/serial.o
 *fill*         0x00000000080020d8        0x8 
 .text.read     0x00000000080020e0        0xc build/obj/serial.o
 *fill*         0x00000000080020ec        0x4 
 .text.writet   0x00000000080020f0        0x8 build/obj/serial.o
 *fill*         0x00000000080020f8        0x8 
 .text.write    0x0000000008002100        0xc build/obj/serial.o
 *fill*         0x000000000800210c        0x4 
 .text.gett     0x0000000008002110        0x8 build/obj/serial.o
 *fill*         0x0000000008002118        0x8 
 .text.get      0x0000000008002120        0xc build/obj/serial.o
 *fill*         0x000000000800212c        0x4 
 .text.putt     0x0000000008002130        0x8 build/obj/serial.o
 *fill*         0x0000000008002138        0x8 
 .text.put      0x0000000008002140        0xc build/obj/serial.o
 *fill*         0x000000000800214c        0x4 
 .text.sdInit   0x0000000008002150        0x4 build/obj/serial.o
                0x0000000008002150                sdInit
 *fill*         0x0000000008002154        0xc 
 .text.sdObjectInit
                0x0000000008002160       0x40 build/obj/serial.o
                0x0000000008002160                sdObjectInit
 .text.sdStart  0x00000000080021a0       0x1c build/obj/serial.o
                0x00000000080021a0                sdStart
 *fill*         0x00000000080021bc        0x4 
 .text.sdIncomingDataI
                0x00000000080021c0       0x3c build/obj/serial.o
                0x00000000080021c0                sdIncomingDataI
 *fill*         0x00000000080021fc        0x4 
 .text.onotify  0x0000000008002200       0x60 build/obj/serial_usb.o
 .text.inotify  0x0000000008002260       0x6c build/obj/serial_usb.o
 *fill*         0x00000000080022cc        0x4 
 .text.readt    0x00000000080022d0        0x8 build/obj/serial_usb.o
 *fill*         0x00000000080022d8        0x8 
 .text.read     0x00000000080022e0        0xc build/obj/serial_usb.o
 *fill*         0x00000000080022ec        0x4 
 .text.writet   0x00000000080022f0        0x8 build/obj/serial_usb.o
 *fill*         0x00000000080022f8        0x8 
 .text.write    0x0000000008002300        0xc build/obj/serial_usb.o
 *fill*         0x000000000800230c        0x4 
 .text.gett     0x0000000008002310        0x8 build/obj/serial_usb.o
 *fill*         0x0000000008002318        0x8 
 .text.get      0x0000000008002320        0xc build/obj/serial_usb.o
 *fill*         0x000000000800232c        0x4 
 .text.putt     0x0000000008002330        0x8 build/obj/serial_usb.o
 *fill*         0x0000000008002338        0x8 
 .text.put      0x0000000008002340        0xc build/obj/serial_usb.o
 *fill*         0x000000000800234c        0x4 
 .text.sduInit  0x0000000008002350        0x4 build/obj/serial_usb.o
                0x0000000008002350                sduInit
 *fill*         0x0000000008002354        0xc 
 .text.sduObjectInit
                0x0000000008002360       0x4c build/obj/serial_usb.o
                0x0000000008002360                sduObjectInit
 *fill*         0x00000000080023ac        0x4 
 .text.sduStart
                0x00000000080023b0       0x34 build/obj/serial_usb.o
                0x00000000080023b0                sduStart
 *fill*         0x00000000080023e4        0xc 
 .text.sduConfigureHookI
                0x00000000080023f0       0x4c build/obj/serial_usb.o
                0x00000000080023f0                sduConfigureHookI
 *fill*         0x000000000800243c        0x4 
 .text.sduRequestsHook
                0x0000000008002440       0x40 build/obj/serial_usb.o
                0x0000000008002440                sduRequestsHook
 .text.sduDataTransmitted
                0x0000000008002480       0x6c build/obj/serial_usb.o
                0x0000000008002480                sduDataTransmitted
 *fill*         0x00000000080024ec        0x4 
 .text.sduDataReceived
                0x00000000080024f0       0x6c build/obj/serial_usb.o
                0x00000000080024f0                sduDataReceived
 *fill*         0x000000000800255c        0x4 
 .text.sduInterruptTransmitted
                0x0000000008002560        0x4 build/obj/serial_usb.o
                0x0000000008002560                sduInterruptTransmitted
 *fill*         0x0000000008002564        0xc 
 .text.spiInit  0x0000000008002570        0x4 build/obj/spi.o
                0x0000000008002570                spiInit
 *fill*         0x0000000008002574        0xc 
 .text.spiObjectInit
                0x0000000008002580       0x10 build/obj/spi.o
                0x0000000008002580                spiObjectInit
 .text.spiStart
                0x0000000008002590       0x1c build/obj/spi.o
                0x0000000008002590                spiStart
 *fill*         0x00000000080025ac        0x4 
 .text.spiSelect
                0x00000000080025b0       0x14 build/obj/spi.o
                0x00000000080025b0                spiSelect
 *fill*         0x00000000080025c4        0xc 
 .text.spiUnselect
                0x00000000080025d0       0x14 build/obj/spi.o
                0x00000000080025d0                spiUnselect
 *fill*         0x00000000080025e4        0xc 
 .text.spiExchange
                0x00000000080025f0       0x24 build/obj/spi.o
                0x00000000080025f0                spiExchange
 *fill*         0x0000000008002614        0xc 
 .text.spiSend  0x0000000008002620       0x24 build/obj/spi.o
                0x0000000008002620                spiSend
 *fill*         0x0000000008002644        0xc 
 .text.usbInit  0x0000000008002650        0x4 build/obj/usb.o
                0x0000000008002650                usbInit
 *fill*         0x0000000008002654        0xc 
 .text.usbObjectInit
                0x0000000008002660       0x1c build/obj/usb.o
                0x0000000008002660                usbObjectInit
 *fill*         0x000000000800267c        0x4 
 .text.usbStart
                0x0000000008002680       0x24 build/obj/usb.o
                0x0000000008002680                usbStart
 *fill*         0x00000000080026a4        0xc 
 .text.usbInitEndpointI
                0x00000000080026b0       0x30 build/obj/usb.o
                0x00000000080026b0                usbInitEndpointI
 .text.usbPrepareQueuedReceive
                0x00000000080026e0       0x1c build/obj/usb.o
                0x00000000080026e0                usbPrepareQueuedReceive
 *fill*         0x00000000080026fc        0x4 
 .text.usbPrepareQueuedTransmit
                0x0000000008002700       0x1c build/obj/usb.o
                0x0000000008002700                usbPrepareQueuedTransmit
 *fill*         0x000000000800271c        0x4 
 .text.usbStartReceiveI
                0x0000000008002720       0x20 build/obj/usb.o
                0x0000000008002720                usbStartReceiveI
 .text.usbStartTransmitI
                0x0000000008002740       0x20 build/obj/usb.o
                0x0000000008002740                usbStartTransmitI
 .text._usb_reset
                0x0000000008002760       0x28 build/obj/usb.o
                0x0000000008002760                _usb_reset
 *fill*         0x0000000008002788        0x8 
 .text._usb_ep0setup
                0x0000000008002790      0x338 build/obj/usb.o
                0x0000000008002790                _usb_ep0setup
 *fill*         0x0000000008002ac8        0x8 
 .text._usb_ep0in
                0x0000000008002ad0       0xe4 build/obj/usb.o
                0x0000000008002ad0                _usb_ep0in
 *fill*         0x0000000008002bb4        0xc 
 .text._usb_ep0out
                0x0000000008002bc0       0x9c build/obj/usb.o
                0x0000000008002bc0                _usb_ep0out
 *fill*         0x0000000008002c5c        0x4 
 .text.nvicEnableVector
                0x0000000008002c60       0x34 build/obj/nvic.o
                0x0000000008002c60                nvicEnableVector
 *fill*         0x0000000008002c94        0xc 
 .text.Vector6C
                0x0000000008002ca0       0x28 build/obj/stm32_dma.o
                0x0000000008002ca0                Vector6C
 *fill*         0x0000000008002cc8        0x8 
 .text.Vector70
                0x0000000008002cd0       0x2c build/obj/stm32_dma.o
                0x0000000008002cd0                Vector70
 *fill*         0x0000000008002cfc        0x4 
 .text.Vector74
                0x0000000008002d00       0x2c build/obj/stm32_dma.o
                0x0000000008002d00                Vector74
 *fill*         0x0000000008002d2c        0x4 
 .text.Vector78
                0x0000000008002d30       0x2c build/obj/stm32_dma.o
                0x0000000008002d30                Vector78
 *fill*         0x0000000008002d5c        0x4 
 .text.Vector7C
                0x0000000008002d60       0x28 build/obj/stm32_dma.o
                0x0000000008002d60                Vector7C
 *fill*         0x0000000008002d88        0x8 
 .text.Vector80
                0x0000000008002d90       0x2c build/obj/stm32_dma.o
                0x0000000008002d90                Vector80
 *fill*         0x0000000008002dbc        0x4 
 .text.Vector84
                0x0000000008002dc0       0x2c build/obj/stm32_dma.o
                0x0000000008002dc0                Vector84
 *fill*         0x0000000008002dec        0x4 
 .text.VectorFC
                0x0000000008002df0       0x2c build/obj/stm32_dma.o
                0x0000000008002df0                VectorFC
 *fill*         0x0000000008002e1c        0x4 
 .text.Vector120
                0x0000000008002e20       0x28 build/obj/stm32_dma.o
                0x0000000008002e20                Vector120
 *fill*         0x0000000008002e48        0x8 
 .text.Vector124
                0x0000000008002e50       0x2c build/obj/stm32_dma.o
                0x0000000008002e50                Vector124
 *fill*         0x0000000008002e7c        0x4 
 .text.Vector128
                0x0000000008002e80       0x2c build/obj/stm32_dma.o
                0x0000000008002e80                Vector128
 *fill*         0x0000000008002eac        0x4 
 .text.Vector12C
                0x0000000008002eb0       0x2c build/obj/stm32_dma.o
                0x0000000008002eb0                Vector12C
 *fill*         0x0000000008002edc        0x4 
 .text.Vector130
                0x0000000008002ee0       0x28 build/obj/stm32_dma.o
                0x0000000008002ee0                Vector130
 *fill*         0x0000000008002f08        0x8 
 .text.Vector150
                0x0000000008002f10       0x2c build/obj/stm32_dma.o
                0x0000000008002f10                Vector150
 *fill*         0x0000000008002f3c        0x4 
 .text.Vector154
                0x0000000008002f40       0x2c build/obj/stm32_dma.o
                0x0000000008002f40                Vector154
 *fill*         0x0000000008002f6c        0x4 
 .text.Vector158
                0x0000000008002f70       0x2c build/obj/stm32_dma.o
                0x0000000008002f70                Vector158
 *fill*         0x0000000008002f9c        0x4 
 .text.dmaInit  0x0000000008002fa0       0x54 build/obj/stm32_dma.o
                0x0000000008002fa0                dmaInit
 *fill*         0x0000000008002ff4        0xc 
 .text.dmaStreamAllocate
                0x0000000008003000       0x8c build/obj/stm32_dma.o
                0x0000000008003000                dmaStreamAllocate
 *fill*         0x000000000800308c        0x4 
 .text.hal_lld_init
                0x0000000008003090       0x64 build/obj/hal_lld.o
                0x0000000008003090                hal_lld_init
 *fill*         0x00000000080030f4        0xc 
 .text.stm32_clock_init
                0x0000000008003100       0xc8 build/obj/hal_lld.o
                0x0000000008003100                stm32_clock_init
 *fill*         0x00000000080031c8        0x8 
 .text.VectorB0
                0x00000000080031d0       0x2c build/obj/st_lld.o
                0x00000000080031d0                VectorB0
 *fill*         0x00000000080031fc        0x4 
 .text.st_lld_init
                0x0000000008003200       0x48 build/obj/st_lld.o
                0x0000000008003200                st_lld_init
 *fill*         0x0000000008003248        0x8 
 .text._pal_lld_init
                0x0000000008003250      0x1ac build/obj/pal_lld.o
                0x0000000008003250                _pal_lld_init
 *fill*         0x00000000080033fc        0x4 
 .text._pal_lld_setgroupmode
                0x0000000008003400       0xb8 build/obj/pal_lld.o
                0x0000000008003400                _pal_lld_setgroupmode
 *fill*         0x00000000080034b8        0x8 
 .text.usb_lld_pump
                0x00000000080034c0      0x334 build/obj/usb_lld.o
                0x00000000080034c0                usb_lld_pump
 *fill*         0x00000000080037f4        0xc 
 .text.otg_disable_ep.isra.0
                0x0000000008003800       0x74 build/obj/usb_lld.o
 *fill*         0x0000000008003874        0xc 
 .text.usb_lld_init
                0x0000000008003880       0x24 build/obj/usb_lld.o
                0x0000000008003880                usb_lld_init
 *fill*         0x00000000080038a4        0xc 
 .text.usb_lld_start
                0x00000000080038b0       0xe4 build/obj/usb_lld.o
                0x00000000080038b0                usb_lld_start
 *fill*         0x0000000008003994        0xc 
 .text.usb_lld_reset
                0x00000000080039a0       0xc4 build/obj/usb_lld.o
                0x00000000080039a0                usb_lld_reset
 *fill*         0x0000000008003a64        0xc 
 .text.usb_lld_set_address
                0x0000000008003a70       0x18 build/obj/usb_lld.o
                0x0000000008003a70                usb_lld_set_address
 *fill*         0x0000000008003a88        0x8 
 .text.usb_lld_init_endpoint
                0x0000000008003a90      0x164 build/obj/usb_lld.o
                0x0000000008003a90                usb_lld_init_endpoint
 *fill*         0x0000000008003bf4        0xc 
 .text.usb_lld_get_status_out
                0x0000000008003c00       0x1c build/obj/usb_lld.o
                0x0000000008003c00                usb_lld_get_status_out
 *fill*         0x0000000008003c1c        0x4 
 .text.usb_lld_get_status_in
                0x0000000008003c20       0x1c build/obj/usb_lld.o
                0x0000000008003c20                usb_lld_get_status_in
 *fill*         0x0000000008003c3c        0x4 
 .text.usb_lld_read_setup
                0x0000000008003c40       0x14 build/obj/usb_lld.o
                0x0000000008003c40                usb_lld_read_setup
 *fill*         0x0000000008003c54        0xc 
 .text.usb_lld_prepare_receive
                0x0000000008003c60       0x44 build/obj/usb_lld.o
                0x0000000008003c60                usb_lld_prepare_receive
 *fill*         0x0000000008003ca4        0xc 
 .text.otg_epout_handler.constprop.7
                0x0000000008003cb0       0xa4 build/obj/usb_lld.o
 *fill*         0x0000000008003d54        0xc 
 .text.usb_lld_prepare_transmit
                0x0000000008003d60       0x4c build/obj/usb_lld.o
                0x0000000008003d60                usb_lld_prepare_transmit
 *fill*         0x0000000008003dac        0x4 
 .text.otg_epin_handler.constprop.8
                0x0000000008003db0       0xd4 build/obj/usb_lld.o
 *fill*         0x0000000008003e84        0xc 
 .text.Vector14C
                0x0000000008003e90       0xf4 build/obj/usb_lld.o
                0x0000000008003e90                Vector14C
 *fill*         0x0000000008003f84        0xc 
 .text.usb_lld_start_out
                0x0000000008003f90       0x14 build/obj/usb_lld.o
                0x0000000008003f90                usb_lld_start_out
 *fill*         0x0000000008003fa4        0xc 
 .text.usb_lld_start_in
                0x0000000008003fb0       0x28 build/obj/usb_lld.o
                0x0000000008003fb0                usb_lld_start_in
 *fill*         0x0000000008003fd8        0x8 
 .text.usb_lld_stall_out
                0x0000000008003fe0       0x14 build/obj/usb_lld.o
                0x0000000008003fe0                usb_lld_stall_out
 *fill*         0x0000000008003ff4        0xc 
 .text.usb_lld_stall_in
                0x0000000008004000       0x14 build/obj/usb_lld.o
                0x0000000008004000                usb_lld_stall_in
 *fill*         0x0000000008004014        0xc 
 .text.usb_lld_clear_out
                0x0000000008004020       0x14 build/obj/usb_lld.o
                0x0000000008004020                usb_lld_clear_out
 *fill*         0x0000000008004034        0xc 
 .text.usb_lld_clear_in
                0x0000000008004040       0x14 build/obj/usb_lld.o
                0x0000000008004040                usb_lld_clear_in
 *fill*         0x0000000008004054        0xc 
 .text.spi_lld_serve_tx_interrupt
                0x0000000008004060       0x14 build/obj/spi_lld.o
 *fill*         0x0000000008004074        0xc 
 .text.spi_lld_serve_rx_interrupt
                0x0000000008004080       0x80 build/obj/spi_lld.o
 .text.spi_lld_init
                0x0000000008004100       0x70 build/obj/spi_lld.o
                0x0000000008004100                spi_lld_init
 .text.spi_lld_start
                0x0000000008004170       0xc4 build/obj/spi_lld.o
                0x0000000008004170                spi_lld_start
 *fill*         0x0000000008004234        0xc 
 .text.spi_lld_select
                0x0000000008004240       0x10 build/obj/spi_lld.o
                0x0000000008004240                spi_lld_select
 .text.spi_lld_unselect
                0x0000000008004250       0x10 build/obj/spi_lld.o
                0x0000000008004250                spi_lld_unselect
 .text.spi_lld_exchange
                0x0000000008004260       0x38 build/obj/spi_lld.o
                0x0000000008004260                spi_lld_exchange
 *fill*         0x0000000008004298        0x8 
 .text.spi_lld_send
                0x00000000080042a0       0x38 build/obj/spi_lld.o
                0x00000000080042a0                spi_lld_send
 *fill*         0x00000000080042d8        0x8 
 .text.VectorA4
                0x00000000080042e0       0x24 build/obj/pwm_lld.o
                0x00000000080042e0                VectorA4
 *fill*         0x0000000008004304        0xc 
 .text.VectorAC
                0x0000000008004310       0x5c build/obj/pwm_lld.o
                0x0000000008004310                VectorAC
 *fill*         0x000000000800436c        0x4 
 .text.VectorB8
                0x0000000008004370       0x64 build/obj/pwm_lld.o
                0x0000000008004370                VectorB8
 *fill*         0x00000000080043d4        0xc 
 .text.pwm_lld_init
                0x00000000080043e0       0x34 build/obj/pwm_lld.o
                0x00000000080043e0                pwm_lld_init
 *fill*         0x0000000008004414        0xc 
 .text.pwm_lld_start
                0x0000000008004420      0x124 build/obj/pwm_lld.o
                0x0000000008004420                pwm_lld_start
 *fill*         0x0000000008004544        0xc 
 .text.pwm_lld_enable_channel
                0x0000000008004550        0xc build/obj/pwm_lld.o
                0x0000000008004550                pwm_lld_enable_channel
 *fill*         0x000000000800455c        0x4 
 .text.notify2  0x0000000008004560       0x10 build/obj/serial_lld.o
 .text.VectorD8
                0x0000000008004570      0x11c build/obj/serial_lld.o
                0x0000000008004570                VectorD8
 *fill*         0x000000000800468c        0x4 
 .text.sd_lld_init
                0x0000000008004690       0x20 build/obj/serial_lld.o
                0x0000000008004690                sd_lld_init
 .text.sd_lld_start
                0x00000000080046b0       0x98 build/obj/serial_lld.o
                0x00000000080046b0                sd_lld_start
 *fill*         0x0000000008004748        0x8 
 .text.__early_init
                0x0000000008004750        0x4 build/obj/board.o
                0x0000000008004750                __early_init
 *fill*         0x0000000008004754        0xc 
 .text.boardInit
                0x0000000008004760        0x4 build/obj/board.o
                0x0000000008004760                boardInit
 *fill*         0x0000000008004764        0xc 
 .text.tmr      0x0000000008004770        0xc build/obj/test.o
 *fill*         0x000000000800477c        0x4 
 .text.print_line
                0x0000000008004780       0x30 build/obj/test.o
 .text.test_printn
                0x00000000080047b0       0x5c build/obj/test.o
                0x00000000080047b0                test_printn
 *fill*         0x000000000800480c        0x4 
 .text.test_print
                0x0000000008004810       0x24 build/obj/test.o
                0x0000000008004810                test_print
 *fill*         0x0000000008004834        0xc 
 .text.test_println
                0x0000000008004840       0x38 build/obj/test.o
                0x0000000008004840                test_println
 *fill*         0x0000000008004878        0x8 
 .text.test_emit_token
                0x0000000008004880       0x1c build/obj/test.o
                0x0000000008004880                test_emit_token
 *fill*         0x000000000800489c        0x4 
 .text._test_assert
                0x00000000080048a0       0x2c build/obj/test.o
                0x00000000080048a0                _test_assert
 *fill*         0x00000000080048cc        0x4 
 .text._test_assert_sequence
                0x00000000080048d0       0x50 build/obj/test.o
                0x00000000080048d0                _test_assert_sequence
 .text._test_assert_time_window
                0x0000000008004920       0x3c build/obj/test.o
                0x0000000008004920                _test_assert_time_window
 *fill*         0x000000000800495c        0x4 
 .text.test_terminate_threads
                0x0000000008004960       0x20 build/obj/test.o
                0x0000000008004960                test_terminate_threads
 .text.test_wait_threads
                0x0000000008004980       0x24 build/obj/test.o
                0x0000000008004980                test_wait_threads
 *fill*         0x00000000080049a4        0xc 
 .text.test_wait_tick
                0x00000000080049b0       0x1c build/obj/test.o
                0x00000000080049b0                test_wait_tick
 *fill*         0x00000000080049cc        0x4 
 .text.test_start_timer
                0x00000000080049d0       0x50 build/obj/test.o
                0x00000000080049d0                test_start_timer
 .text.TestThread
                0x0000000008004a20      0x320 build/obj/test.o
                0x0000000008004a20                TestThread
 .text.thd1_execute
                0x0000000008004d40       0xc8 build/obj/testthd.o
 *fill*         0x0000000008004e08        0x8 
 .text.thread   0x0000000008004e10        0x8 build/obj/testthd.o
 *fill*         0x0000000008004e18        0x8 
 .text.thd2_execute
                0x0000000008004e20       0xd8 build/obj/testthd.o
 *fill*         0x0000000008004ef8        0x8 
 .text.thd3_execute
                0x0000000008004f00      0x12c build/obj/testthd.o
 *fill*         0x000000000800502c        0x4 
 .text.thd4_execute
                0x0000000008005030       0xa0 build/obj/testthd.o
 .text.sem1_execute
                0x00000000080050d0      0x154 build/obj/testsem.o
 *fill*         0x0000000008005224        0xc 
 .text.thread3  0x0000000008005230       0x18 build/obj/testsem.o
 *fill*         0x0000000008005248        0x8 
 .text.thread1  0x0000000008005250       0x18 build/obj/testsem.o
 *fill*         0x0000000008005268        0x8 
 .text.sem3_setup
                0x0000000008005270        0xc build/obj/testsem.o
 *fill*         0x000000000800527c        0x4 
 .text.sem2_setup
                0x0000000008005280        0x4 build/obj/testsem.o
 *fill*         0x0000000008005284        0xc 
 .text.sem1_setup
                0x0000000008005290        0x4 build/obj/testsem.o
 *fill*         0x0000000008005294        0xc 
 .text.thread2  0x00000000080052a0       0x28 build/obj/testsem.o
 *fill*         0x00000000080052c8        0x8 
 .text.sem2_execute
                0x00000000080052d0      0x154 build/obj/testsem.o
 *fill*         0x0000000008005424        0xc 
 .text.sem3_execute
                0x0000000008005430       0x98 build/obj/testsem.o
 *fill*         0x00000000080054c8        0x8 
 .text.thread4  0x00000000080054d0       0x2c build/obj/testsem.o
 *fill*         0x00000000080054fc        0x4 
 .text.sem4_execute
                0x0000000008005500      0x150 build/obj/testsem.o
 .text.mtx1_execute
                0x0000000008005650       0xdc build/obj/testmtx.o
 *fill*         0x000000000800572c        0x4 
 .text.thread1  0x0000000008005730       0x20 build/obj/testmtx.o
 .text.thread12
                0x0000000008005750       0x20 build/obj/testmtx.o
 .text.mtx4_setup
                0x0000000008005770       0x1c build/obj/testmtx.o
 *fill*         0x000000000800578c        0x4 
 .text.mtx5_setup
                0x0000000008005790        0xc build/obj/testmtx.o
 *fill*         0x000000000800579c        0x4 
 .text.mtx1_setup
                0x00000000080057a0        0x4 build/obj/testmtx.o
 *fill*         0x00000000080057a4        0xc 
 .text.thread4b
                0x00000000080057b0       0x20 build/obj/testmtx.o
 .text.thread4a
                0x00000000080057d0       0x20 build/obj/testmtx.o
 .text.mtx4_execute
                0x00000000080057f0      0x26c build/obj/testmtx.o
 *fill*         0x0000000008005a5c        0x4 
 .text.mtx5_execute
                0x0000000008005a60       0xb8 build/obj/testmtx.o
 *fill*         0x0000000008005b18        0x8 
 .text.mtx6_execute
                0x0000000008005b20       0xec build/obj/testmtx.o
 *fill*         0x0000000008005c0c        0x4 
 .text.thread10
                0x0000000008005c10       0x2c build/obj/testmtx.o
 *fill*         0x0000000008005c3c        0x4 
 .text.mtx7_setup
                0x0000000008005c40       0x1c build/obj/testmtx.o
 *fill*         0x0000000008005c5c        0x4 
 .text.mtx6_setup
                0x0000000008005c60        0x4 build/obj/testmtx.o
 *fill*         0x0000000008005c64        0xc 
 .text.mtx8_setup
                0x0000000008005c70       0x24 build/obj/testmtx.o
 *fill*         0x0000000008005c94        0xc 
 .text.mtx7_execute
                0x0000000008005ca0       0xc0 build/obj/testmtx.o
 .text.mtx8_execute
                0x0000000008005d60       0x9c build/obj/testmtx.o
 *fill*         0x0000000008005dfc        0x4 
 .text.thread11
                0x0000000008005e00       0x40 build/obj/testmtx.o
 .text.msg1_execute
                0x0000000008005e40       0x78 build/obj/testmsg.o
 *fill*         0x0000000008005eb8        0x8 
 .text.thread   0x0000000008005ec0       0x20 build/obj/testmsg.o
 .text.mbox1_execute
                0x0000000008005ee0      0x5d4 build/obj/testmbox.o
 *fill*         0x00000000080064b4        0xc 
 .text.mbox1_setup
                0x00000000080064c0       0x14 build/obj/testmbox.o
 *fill*         0x00000000080064d4        0xc 
 .text.h3       0x00000000080064e0        0x8 build/obj/testevt.o
 *fill*         0x00000000080064e8        0x8 
 .text.h2       0x00000000080064f0        0x8 build/obj/testevt.o
 *fill*         0x00000000080064f8        0x8 
 .text.h1       0x0000000008006500        0x8 build/obj/testevt.o
 *fill*         0x0000000008006508        0x8 
 .text.evt1_execute
                0x0000000008006510       0x8c build/obj/testevt.o
 *fill*         0x000000000800659c        0x4 
 .text.evt3_setup
                0x00000000080065a0        0x8 build/obj/testevt.o
 *fill*         0x00000000080065a8        0x8 
 .text.evt2_setup
                0x00000000080065b0        0x4 build/obj/testevt.o
 *fill*         0x00000000080065b4        0xc 
 .text.evt1_setup
                0x00000000080065c0        0x4 build/obj/testevt.o
 *fill*         0x00000000080065c4        0xc 
 .text.evt2_execute
                0x00000000080065d0      0x290 build/obj/testevt.o
 .text.thread2  0x0000000008006860       0x28 build/obj/testevt.o
 *fill*         0x0000000008006888        0x8 
 .text.thread1  0x0000000008006890       0x18 build/obj/testevt.o
 *fill*         0x00000000080068a8        0x8 
 .text.evt3_execute
                0x00000000080068b0       0xa0 build/obj/testevt.o
 .text.heap1_execute
                0x0000000008006950      0x244 build/obj/testheap.o
 *fill*         0x0000000008006b94        0xc 
 .text.heap1_setup
                0x0000000008006ba0       0x14 build/obj/testheap.o
 *fill*         0x0000000008006bb4        0xc 
 .text.null_provider
                0x0000000008006bc0        0x4 build/obj/testpools.o
 *fill*         0x0000000008006bc4        0xc 
 .text.pools1_setup
                0x0000000008006bd0       0x10 build/obj/testpools.o
 .text.pools1_execute
                0x0000000008006be0       0xbc build/obj/testpools.o
 *fill*         0x0000000008006c9c        0x4 
 .text.dyn1_execute
                0x0000000008006ca0       0xf4 build/obj/testdyn.o
 *fill*         0x0000000008006d94        0xc 
 .text.thread   0x0000000008006da0        0x8 build/obj/testdyn.o
 *fill*         0x0000000008006da8        0x8 
 .text.dyn3_setup
                0x0000000008006db0       0x14 build/obj/testdyn.o
 *fill*         0x0000000008006dc4        0xc 
 .text.dyn1_setup
                0x0000000008006dd0        0x4 build/obj/testdyn.o
 *fill*         0x0000000008006dd4        0xc 
 .text.dyn2_execute
                0x0000000008006de0       0xf4 build/obj/testdyn.o
 *fill*         0x0000000008006ed4        0xc 
 .text.dyn2_setup
                0x0000000008006ee0       0x10 build/obj/testdyn.o
 .text.regfind  0x0000000008006ef0       0x24 build/obj/testdyn.o
 *fill*         0x0000000008006f14        0xc 
 .text.dyn3_execute
                0x0000000008006f20      0x134 build/obj/testdyn.o
 *fill*         0x0000000008007054        0xc 
 .text.notify   0x0000000008007060        0x4 build/obj/testqueues.o
 *fill*         0x0000000008007064        0xc 
 .text.thread1  0x0000000008007070       0x10 build/obj/testqueues.o
 .text.queues1_setup
                0x0000000008007080       0x28 build/obj/testqueues.o
 *fill*         0x00000000080070a8        0x8 
 .text.thread2  0x00000000080070b0       0x10 build/obj/testqueues.o
 .text.queues2_setup
                0x00000000080070c0       0x28 build/obj/testqueues.o
 *fill*         0x00000000080070e8        0x8 
 .text.queues1_execute
                0x00000000080070f0      0x268 build/obj/testqueues.o
 *fill*         0x0000000008007358        0x8 
 .text.queues2_execute
                0x0000000008007360      0x23c build/obj/testqueues.o
 *fill*         0x000000000800759c        0x4 
 .text.sys2_execute
                0x00000000080075a0       0x1c build/obj/testsys.o
 *fill*         0x00000000080075bc        0x4 
 .text.vtcb     0x00000000080075c0       0x20 build/obj/testsys.o
 .text.sys3_execute
                0x00000000080075e0       0x84 build/obj/testsys.o
 *fill*         0x0000000008007664        0xc 
 .text.sys1_execute
                0x0000000008007670       0xa8 build/obj/testsys.o
 *fill*         0x0000000008007718        0x8 
 .text.tmo      0x0000000008007720        0x4 build/obj/testbmk.o
 *fill*         0x0000000008007724        0xc 
 .text.bmk13_execute
                0x0000000008007730       0xec build/obj/testbmk.o
 *fill*         0x000000000800781c        0x4 
 .text.thread2  0x0000000008007820       0x14 build/obj/testbmk.o
 *fill*         0x0000000008007834        0xc 
 .text.bmk6_execute
                0x0000000008007840       0x70 build/obj/testbmk.o
 .text.msg_loop_test
                0x00000000080078b0       0x34 build/obj/testbmk.o
 *fill*         0x00000000080078e4        0xc 
 .text.bmk1_execute
                0x00000000080078f0       0x6c build/obj/testbmk.o
 *fill*         0x000000000800795c        0x4 
 .text.bmk2_execute
                0x0000000008007960       0x6c build/obj/testbmk.o
 *fill*         0x00000000080079cc        0x4 
 .text.bmk3_execute
                0x00000000080079d0       0xd8 build/obj/testbmk.o
 *fill*         0x0000000008007aa8        0x8 
 .text.thread1  0x0000000008007ab0        0x4 build/obj/testbmk.o
 *fill*         0x0000000008007ab4        0xc 
 .text.bmk4_execute
                0x0000000008007ac0       0xbc build/obj/testbmk.o
 *fill*         0x0000000008007b7c        0x4 
 .text.thread4  0x0000000008007b80       0x24 build/obj/testbmk.o
 *fill*         0x0000000008007ba4        0xc 
 .text.bmk5_execute
                0x0000000008007bb0       0x74 build/obj/testbmk.o
 *fill*         0x0000000008007c24        0xc 
 .text.bmk7_execute
                0x0000000008007c30      0x10c build/obj/testbmk.o
 *fill*         0x0000000008007d3c        0x4 
 .text.thread3  0x0000000008007d40       0x24 build/obj/testbmk.o
 *fill*         0x0000000008007d64        0xc 
 .text.bmk7_setup
                0x0000000008007d70        0xc build/obj/testbmk.o
 *fill*         0x0000000008007d7c        0x4 
 .text.bmk11_setup
                0x0000000008007d80        0xc build/obj/testbmk.o
 *fill*         0x0000000008007d8c        0x4 
 .text.bmk8_execute
                0x0000000008007d90       0xdc build/obj/testbmk.o
 *fill*         0x0000000008007e6c        0x4 
 .text.thread8  0x0000000008007e70       0x2c build/obj/testbmk.o
 *fill*         0x0000000008007e9c        0x4 
 .text.bmk9_execute
                0x0000000008007ea0       0xac build/obj/testbmk.o
 *fill*         0x0000000008007f4c        0x4 
 .text.bmk10_execute
                0x0000000008007f50       0x7c build/obj/testbmk.o
 *fill*         0x0000000008007fcc        0x4 
 .text.bmk11_execute
                0x0000000008007fd0       0x70 build/obj/testbmk.o
 .text.bmk12_execute
                0x0000000008008040       0x70 build/obj/testbmk.o
 .text.bmk12_setup
                0x00000000080080b0        0xc build/obj/testbmk.o
 *fill*         0x00000000080080bc        0x4 
 .text.lis302dlReadRegister
                0x00000000080080c0       0x38 build/obj/lis302dl.o
                0x00000000080080c0                lis302dlReadRegister
 *fill*         0x00000000080080f8        0x8 
 .text.lis302dlWriteRegister
                0x0000000008008100       0x48 build/obj/lis302dl.o
                0x0000000008008100                lis302dlWriteRegister
 *fill*         0x0000000008008148        0x8 
 .text.chprintf
                0x0000000008008150       0x1c build/obj/shell.o
 *fill*         0x000000000800816c        0x4 
 .text.cmd_systime
                0x0000000008008170       0x30 build/obj/shell.o
 .text.cmd_info
                0x00000000080081a0       0xbc build/obj/shell.o
 *fill*         0x000000000800825c        0x4 
 .text._strtok.constprop.2
                0x0000000008008260       0x40 build/obj/shell.o
 .text.shellInit
                0x00000000080082a0        0xc build/obj/shell.o
                0x00000000080082a0                shellInit
 *fill*         0x00000000080082ac        0x4 
 .text.shellCreate
                0x00000000080082b0       0x18 build/obj/shell.o
                0x00000000080082b0                shellCreate
 *fill*         0x00000000080082c8        0x8 
 .text.shellGetLine
                0x00000000080082d0       0xa0 build/obj/shell.o
                0x00000000080082d0                shellGetLine
 .text.shell_thread
                0x0000000008008370      0x1b0 build/obj/shell.o
 .text.ch_ltoa  0x0000000008008520       0x44 build/obj/chprintf.o
 *fill*         0x0000000008008564        0xc 
 .text.chvprintf
                0x0000000008008570      0x304 build/obj/chprintf.o
                0x0000000008008570                chvprintf
 *fill*         0x0000000008008874        0xc 
 .text.get_descriptor
                0x0000000008008880       0x30 build/obj/usbcfg.o
 .text.usb_event
                0x00000000080088b0       0x40 build/obj/usbcfg.o
 .text.chprintf
                0x00000000080088f0       0x1c build/obj/main.o
 *fill*         0x000000000800890c        0x4 
 .text.Thread1  0x0000000008008910       0xbc build/obj/main.o
 *fill*         0x00000000080089cc        0x4 
 .text.command_set_pwm
                0x00000000080089d0       0x50 build/obj/main.o
 .text.cmd_test
                0x0000000008008a20       0x50 build/obj/main.o
 .text.cmd_threads
                0x0000000008008a70       0x5c build/obj/main.o
 *fill*         0x0000000008008acc        0x4 
 .text.cmd_mem  0x0000000008008ad0       0x54 build/obj/main.o
 *fill*         0x0000000008008b24        0xc 
 .text.startup.main
                0x0000000008008b30      0x1a0 build/obj/main.o
                0x0000000008008b30                main
 .text.strcasecmp
                0x0000000008008cd0       0x4c /usr/bin/../lib/gcc/arm-none-eabi/5.3.1/../../../../arm-none-eabi/lib/armv7e-m/libg.a(lib_a-strcasecmp.o)
                0x0000000008008cd0                strcasecmp
 *fill*         0x0000000008008d1c        0x4 
 .text.strpbrk  0x0000000008008d20       0x44 /usr/bin/../lib/gcc/arm-none-eabi/5.3.1/../../../../arm-none-eabi/lib/armv7e-m/libg.a(lib_a-strpbrk.o)
                0x0000000008008d20                strpbrk
 *fill*         0x0000000008008d64        0xc 
 .text.strspn   0x0000000008008d70       0x34 /usr/bin/../lib/gcc/arm-none-eabi/5.3.1/../../../../arm-none-eabi/lib/armv7e-m/libg.a(lib_a-strspn.o)
                0x0000000008008d70                strspn
 *fill*         0x0000000008008da4        0xc 
 .text._strtol_r
                0x0000000008008db0      0x128 /usr/bin/../lib/gcc/arm-none-eabi/5.3.1/../../../../arm-none-eabi/lib/armv7e-m/libg.a(lib_a-strtol.o)
                0x0000000008008db0                _strtol_r
 *fill*         0x0000000008008ed8        0x8 
 .text.strtol   0x0000000008008ee0       0x18 /usr/bin/../lib/gcc/arm-none-eabi/5.3.1/../../../../arm-none-eabi/lib/armv7e-m/libg.a(lib_a-strtol.o)
                0x0000000008008ee0                strtol
 *(.rodata)
 *(.rodata.*)
 *fill*         0x0000000008008ef8        0x8 
 .rodata.str1.4
                0x0000000008008f00        0x5 build/obj/chsys.o
 *fill*         0x0000000008008f05        0xb 
 .rodata.ch_debug
                0x0000000008008f10       0x16 build/obj/chregistry.o
                0x0000000008008f10                ch_debug
 *fill*         0x0000000008008f26        0xa 
 .rodata.vmt    0x0000000008008f30       0x20 build/obj/serial.o
 .rodata.vmt    0x0000000008008f50       0x20 build/obj/serial_usb.o
 .rodata.zero_status
                0x0000000008008f70        0x2 build/obj/usb.o
 *fill*         0x0000000008008f72        0xe 
 .rodata.active_status
                0x0000000008008f80        0x2 build/obj/usb.o
 *fill*         0x0000000008008f82        0xe 
 .rodata.halted_status
                0x0000000008008f90        0x2 build/obj/usb.o
 *fill*         0x0000000008008f92        0xe 
 .rodata._stm32_dma_streams
                0x0000000008008fa0       0xc0 build/obj/stm32_dma.o
                0x0000000008008fa0                _stm32_dma_streams
 .rodata.fsparams
                0x0000000008009060        0xc build/obj/usb_lld.o
 *fill*         0x000000000800906c        0x4 
 .rodata.str1.4
                0x0000000008009070        0xd build/obj/usb_lld.o
 *fill*         0x000000000800907d        0x3 
 .rodata.ep0config
                0x0000000008009080       0x24 build/obj/usb_lld.o
 *fill*         0x00000000080090a4        0xc 
 .rodata.str1.4
                0x00000000080090b0        0xc build/obj/spi_lld.o
 *fill*         0x00000000080090bc        0x4 
 .rodata.default_config
                0x00000000080090c0        0xc build/obj/serial_lld.o
 *fill*         0x00000000080090cc        0x4 
 .rodata.pal_default_config
                0x00000000080090d0       0xfc build/obj/board.o
                0x00000000080090d0                pal_default_config
 *fill*         0x00000000080091cc        0x4 
 .rodata.wa     0x00000000080091d0       0x14 build/obj/test.o
                0x00000000080091d0                wa
 *fill*         0x00000000080091e4        0xc 
 .rodata.patterns
                0x00000000080091f0       0x34 build/obj/test.o
 *fill*         0x0000000008009224        0xc 
 .rodata.str1.4
                0x0000000008009230      0x20d build/obj/test.o
                                        0x21d (size before relaxing)
 *fill*         0x000000000800943d        0x3 
 .rodata.testthd1
                0x0000000008009440       0x10 build/obj/testthd.o
                0x0000000008009440                testthd1
 .rodata.testthd2
                0x0000000008009450       0x10 build/obj/testthd.o
                0x0000000008009450                testthd2
 .rodata.testthd3
                0x0000000008009460       0x10 build/obj/testthd.o
                0x0000000008009460                testthd3
 .rodata.testthd4
                0x0000000008009470       0x10 build/obj/testthd.o
                0x0000000008009470                testthd4
 .rodata.patternthd
                0x0000000008009480       0x14 build/obj/testthd.o
                0x0000000008009480                patternthd
 *fill*         0x0000000008009494        0xc 
 .rodata.str1.4
                0x00000000080094a0       0x77 build/obj/testthd.o
                                         0x7f (size before relaxing)
 *fill*         0x0000000008009517        0x9 
 .rodata.testsem1
                0x0000000008009520       0x10 build/obj/testsem.o
                0x0000000008009520                testsem1
 .rodata.testsem2
                0x0000000008009530       0x10 build/obj/testsem.o
                0x0000000008009530                testsem2
 .rodata.testsem3
                0x0000000008009540       0x10 build/obj/testsem.o
                0x0000000008009540                testsem3
 .rodata.testsem4
                0x0000000008009550       0x10 build/obj/testsem.o
                0x0000000008009550                testsem4
 .rodata.patternsem
                0x0000000008009560       0x14 build/obj/testsem.o
                0x0000000008009560                patternsem
 *fill*         0x0000000008009574        0xc 
 .rodata.str1.4
                0x0000000008009580       0x6e build/obj/testsem.o
                                         0x8a (size before relaxing)
 *fill*         0x00000000080095ee        0x2 
 .rodata.testmtx5
                0x00000000080095f0       0x10 build/obj/testmtx.o
                0x00000000080095f0                testmtx5
 .rodata.testmtx6
                0x0000000008009600       0x10 build/obj/testmtx.o
                0x0000000008009600                testmtx6
 .rodata.testmtx7
                0x0000000008009610       0x10 build/obj/testmtx.o
                0x0000000008009610                testmtx7
 .rodata.testmtx8
                0x0000000008009620       0x10 build/obj/testmtx.o
                0x0000000008009620                testmtx8
 .rodata.str1.4
                0x0000000008009630       0x95 build/obj/testmtx.o
                                         0xb1 (size before relaxing)
 *fill*         0x00000000080096c5        0xb 
 .rodata.patternmtx
                0x00000000080096d0       0x1c build/obj/testmtx.o
                0x00000000080096d0                patternmtx
 *fill*         0x00000000080096ec        0x4 
 .rodata.testmtx1
                0x00000000080096f0       0x10 build/obj/testmtx.o
                0x00000000080096f0                testmtx1
 .rodata.testmtx4
                0x0000000008009700       0x10 build/obj/testmtx.o
                0x0000000008009700                testmtx4
 .rodata.testmsg1
                0x0000000008009710       0x10 build/obj/testmsg.o
                0x0000000008009710                testmsg1
 .rodata.str1.4
                0x0000000008009720        0xf build/obj/testmsg.o
                                         0x13 (size before relaxing)
 *fill*         0x000000000800972f        0x1 
 .rodata.patternmsg
                0x0000000008009730        0x8 build/obj/testmsg.o
                0x0000000008009730                patternmsg
 *fill*         0x0000000008009738        0x8 
 .rodata.patternmbox
                0x0000000008009740        0x8 build/obj/testmbox.o
                0x0000000008009740                patternmbox
 *fill*         0x0000000008009748        0x8 
 .rodata.str1.4
                0x0000000008009750       0x20 build/obj/testmbox.o
                                         0x28 (size before relaxing)
 .rodata.testmbox1
                0x0000000008009770       0x10 build/obj/testmbox.o
                0x0000000008009770                testmbox1
 .rodata.patternevt
                0x0000000008009780       0x10 build/obj/testevt.o
                0x0000000008009780                patternevt
 .rodata.testevt2
                0x0000000008009790       0x10 build/obj/testevt.o
                0x0000000008009790                testevt2
 .rodata.str1.4
                0x00000000080097a0       0x52 build/obj/testevt.o
                                         0x5a (size before relaxing)
 *fill*         0x00000000080097f2        0xe 
 .rodata.testevt1
                0x0000000008009800       0x10 build/obj/testevt.o
                0x0000000008009800                testevt1
 .rodata.evhndl
                0x0000000008009810        0xc build/obj/testevt.o
 *fill*         0x000000000800981c        0x4 
 .rodata.testevt3
                0x0000000008009820       0x10 build/obj/testevt.o
                0x0000000008009820                testevt3
 .rodata.patternheap
                0x0000000008009830        0x8 build/obj/testheap.o
                0x0000000008009830                patternheap
 *fill*         0x0000000008009838        0x8 
 .rodata.str1.4
                0x0000000008009840       0x28 build/obj/testheap.o
 *fill*         0x0000000008009868        0x8 
 .rodata.testheap1
                0x0000000008009870       0x10 build/obj/testheap.o
                0x0000000008009870                testheap1
 .rodata.str1.4
                0x0000000008009880       0x1c build/obj/testpools.o
 *fill*         0x000000000800989c        0x4 
 .rodata.patternpools
                0x00000000080098a0        0x8 build/obj/testpools.o
                0x00000000080098a0                patternpools
 *fill*         0x00000000080098a8        0x8 
 .rodata.testpools1
                0x00000000080098b0       0x10 build/obj/testpools.o
                0x00000000080098b0                testpools1
 .rodata.testdyn1
                0x00000000080098c0       0x10 build/obj/testdyn.o
                0x00000000080098c0                testdyn1
 .rodata.testdyn2
                0x00000000080098d0       0x10 build/obj/testdyn.o
                0x00000000080098d0                testdyn2
 .rodata.testdyn3
                0x00000000080098e0       0x10 build/obj/testdyn.o
                0x00000000080098e0                testdyn3
 .rodata.str1.4
                0x00000000080098f0       0x8d build/obj/testdyn.o
                                         0xa1 (size before relaxing)
 *fill*         0x000000000800997d        0x3 
 .rodata.patterndyn
                0x0000000008009980       0x10 build/obj/testdyn.o
                0x0000000008009980                patterndyn
 .rodata.patternqueues
                0x0000000008009990        0xc build/obj/testqueues.o
                0x0000000008009990                patternqueues
 *fill*         0x000000000800999c        0x4 
 .rodata.testqueues2
                0x00000000080099a0       0x10 build/obj/testqueues.o
                0x00000000080099a0                testqueues2
 .rodata.str1.4
                0x00000000080099b0       0x2d build/obj/testqueues.o
                                         0x35 (size before relaxing)
 *fill*         0x00000000080099dd        0x3 
 .rodata.testqueues1
                0x00000000080099e0       0x10 build/obj/testqueues.o
                0x00000000080099e0                testqueues1
 .rodata.testsys1
                0x00000000080099f0       0x10 build/obj/testsys.o
                0x00000000080099f0                testsys1
 .rodata.testsys2
                0x0000000008009a00       0x10 build/obj/testsys.o
                0x0000000008009a00                testsys2
 .rodata.testsys3
                0x0000000008009a10       0x10 build/obj/testsys.o
                0x0000000008009a10                testsys3
 .rodata.str1.4
                0x0000000008009a20       0x47 build/obj/testsys.o
 *fill*         0x0000000008009a67        0x9 
 .rodata.patternsys
                0x0000000008009a70       0x10 build/obj/testsys.o
                0x0000000008009a70                patternsys
 .rodata.testbmk8
                0x0000000008009a80       0x10 build/obj/testbmk.o
                0x0000000008009a80                testbmk8
 .rodata.patternbmk
                0x0000000008009a90       0x38 build/obj/testbmk.o
                0x0000000008009a90                patternbmk
 *fill*         0x0000000008009ac8        0x8 
 .rodata.testbmk1
                0x0000000008009ad0       0x10 build/obj/testbmk.o
                0x0000000008009ad0                testbmk1
 .rodata.testbmk2
                0x0000000008009ae0       0x10 build/obj/testbmk.o
                0x0000000008009ae0                testbmk2
 .rodata.testbmk9
                0x0000000008009af0       0x10 build/obj/testbmk.o
                0x0000000008009af0                testbmk9
 .rodata.testbmk3
                0x0000000008009b00       0x10 build/obj/testbmk.o
                0x0000000008009b00                testbmk3
 .rodata.testbmk5
                0x0000000008009b10       0x10 build/obj/testbmk.o
                0x0000000008009b10                testbmk5
 .rodata.testbmk4
                0x0000000008009b20       0x10 build/obj/testbmk.o
                0x0000000008009b20                testbmk4
 .rodata.str1.4
                0x0000000008009b30      0x2c7 build/obj/testbmk.o
 *fill*         0x0000000008009df7        0x9 
 .rodata.testbmk10
                0x0000000008009e00       0x10 build/obj/testbmk.o
                0x0000000008009e00                testbmk10
 .rodata.testbmk11
                0x0000000008009e10       0x10 build/obj/testbmk.o
                0x0000000008009e10                testbmk11
 .rodata.testbmk12
                0x0000000008009e20       0x10 build/obj/testbmk.o
                0x0000000008009e20                testbmk12
 .rodata.testbmk13
                0x0000000008009e30       0x10 build/obj/testbmk.o
                0x0000000008009e30                testbmk13
 .rodata.testbmk6
                0x0000000008009e40       0x10 build/obj/testbmk.o
                0x0000000008009e40                testbmk6
 .rodata.testbmk7
                0x0000000008009e50       0x10 build/obj/testbmk.o
                0x0000000008009e50                testbmk7
 .rodata.str1.4
                0x0000000008009e60      0x16d build/obj/shell.o
                                        0x245 (size before relaxing)
 *fill*         0x0000000008009fcd        0x3 
 .rodata.str1.4
                0x0000000008009fd0        0x7 build/obj/chprintf.o
 *fill*         0x0000000008009fd7        0x9 
 .rodata.ep1config
                0x0000000008009fe0       0x24 build/obj/usbcfg.o
 *fill*         0x000000000800a004        0xc 
 .rodata.vcom_configuration_descriptor
                0x000000000800a010        0x8 build/obj/usbcfg.o
 *fill*         0x000000000800a018        0x8 
 .rodata.ep2config
                0x000000000800a020       0x24 build/obj/usbcfg.o
 *fill*         0x000000000800a044        0xc 
 .rodata.usbcfg
                0x000000000800a050       0x10 build/obj/usbcfg.o
                0x000000000800a050                usbcfg
 .rodata.vcom_configuration_descriptor_data
                0x000000000800a060       0x43 build/obj/usbcfg.o
 *fill*         0x000000000800a0a3        0xd 
 .rodata.vcom_device_descriptor_data
                0x000000000800a0b0       0x12 build/obj/usbcfg.o
 *fill*         0x000000000800a0c2        0xe 
 .rodata.vcom_string0
                0x000000000800a0d0        0x4 build/obj/usbcfg.o
 *fill*         0x000000000800a0d4        0xc 
 .rodata.vcom_string1
                0x000000000800a0e0       0x26 build/obj/usbcfg.o
 *fill*         0x000000000800a106        0xa 
 .rodata.vcom_string2
                0x000000000800a110       0x38 build/obj/usbcfg.o
 *fill*         0x000000000800a148        0x8 
 .rodata.vcom_string3
                0x000000000800a150        0x8 build/obj/usbcfg.o
 *fill*         0x000000000800a158        0x8 
 .rodata.vcom_strings
                0x000000000800a160       0x20 build/obj/usbcfg.o
 .rodata.serusbcfg
                0x000000000800a180        0x8 build/obj/usbcfg.o
                0x000000000800a180                serusbcfg
 *fill*         0x000000000800a188        0x8 
 .rodata.vcom_device_descriptor
                0x000000000800a190        0x8 build/obj/usbcfg.o
 *fill*         0x000000000800a198        0x8 
 .rodata.commands
                0x000000000800a1a0       0x28 build/obj/main.o
 *fill*         0x000000000800a1c8        0x8 
 .rodata.states.8287
                0x000000000800a1d0       0x40 build/obj/main.o
 .rodata.spi2cfg
                0x000000000800a210        0xc build/obj/main.o
 *fill*         0x000000000800a21c        0x4 
 .rodata.str1.4
                0x000000000800a220      0x1c0 build/obj/main.o
                                        0x1c8 (size before relaxing)
 .rodata.pwmcfg
                0x000000000800a3e0       0x34 build/obj/main.o
 *fill*         0x000000000800a414        0xc 
 .rodata.shell_cfg1
                0x000000000800a420        0x8 build/obj/main.o
 *fill*         0x000000000800a428        0x8 
 .rodata.spi1cfg
                0x000000000800a430        0xc build/obj/main.o
 *fill*         0x000000000800a43c        0x4 
 .rodata._ctype_
                0x000000000800a440      0x101 /usr/bin/../lib/gcc/arm-none-eabi/5.3.1/../../../../arm-none-eabi/lib/armv7e-m/libg.a(lib_a-ctype_.o)
                0x000000000800a440                _ctype_
 .rodata.str1.4
                0x000000000800a541        0x2 /usr/bin/../lib/gcc/arm-none-eabi/5.3.1/../../../../arm-none-eabi/lib/armv7e-m/libg.a(lib_a-impure.o)
 *(.glue_7t)
 .glue_7t       0x000000000800a541        0x0 linker stubs
 *(.glue_7)
 .glue_7        0x000000000800a541        0x0 linker stubs
 *(.gcc*)

.vfp11_veneer   0x000000000800a544        0x0
 .vfp11_veneer  0x000000000800a544        0x0 linker stubs

.v4_bx          0x000000000800a544        0x0
 .v4_bx         0x000000000800a544        0x0 linker stubs

.iplt           0x000000000800a544        0x0
 .iplt          0x000000000800a544        0x0 build/obj/crt0_v7m.o

.rel.dyn        0x000000000800a544        0x0
 .rel.iplt      0x000000000800a544        0x0 build/obj/crt0_v7m.o

.ARM.extab
 *(.ARM.extab* .gnu.linkonce.armextab.*)

.ARM.exidx      0x000000000800a541        0x0
                [!provide]                        PROVIDE (__exidx_start, .)
 *(.ARM.exidx* .gnu.linkonce.armexidx.*)
                [!provide]                        PROVIDE (__exidx_end, .)

.eh_frame_hdr
 *(.eh_frame_hdr)

.eh_frame
 *(.eh_frame)

.textalign      0x000000000800a541        0x7
                0x000000000800a548                . = ALIGN (0x8)
 *fill*         0x000000000800a541        0x7 
                0x000000000800a548                . = ALIGN (0x4)
                0x000000000800a548                _etext = .
                0x000000000800a548                _textdata = _etext

.mstack         0x0000000020000000      0x400
                0x0000000020000000                . = ALIGN (0x8)
                0x0000000020000000                __main_stack_base__ = .
                0x0000000020000400                . = (. + __main_stack_size__)
 *fill*         0x0000000020000000      0x400 
                0x0000000020000400                . = ALIGN (0x8)
                0x0000000020000400                __main_stack_end__ = .

.pstack         0x0000000020000400      0x400
                0x0000000020000400                __process_stack_base__ = .
                0x0000000020000400                __main_thread_stack_base__ = .
                0x0000000020000800                . = (. + __process_stack_size__)
 *fill*         0x0000000020000400      0x400 
                0x0000000020000800                . = ALIGN (0x8)
                0x0000000020000800                __process_stack_end__ = .
                0x0000000020000800                __main_thread_stack_end__ = .

.data           0x0000000020000800      0x50c load address 0x000000000800a548
                0x0000000020000800                . = ALIGN (0x4)
                0x0000000020000800                PROVIDE (_data, .)
 *(.data)
 *(.data.*)
 .data.linecoding
                0x0000000020000800        0x7 build/obj/serial_usb.o
 *fill*         0x0000000020000807        0x1 
 .data.sem1     0x0000000020000808        0xc build/obj/testsem.o
 .data.m1       0x0000000020000814       0x10 build/obj/testmtx.o
 .data.m2       0x0000000020000824       0x10 build/obj/testmtx.o
 .data.c1       0x0000000020000834        0x8 build/obj/testmtx.o
 .data.mb1      0x000000002000083c       0x28 build/obj/testmbox.o
 .data.es1      0x0000000020000864        0x4 build/obj/testevt.o
 .data.es2      0x0000000020000868        0x4 build/obj/testevt.o
 .data.mp1      0x000000002000086c        0xc build/obj/testpools.o
 .data.oq       0x0000000020000878       0x24 build/obj/testqueues.o
 .data.iq       0x000000002000089c       0x24 build/obj/testqueues.o
 .data.local_commands
                0x00000000200008c0       0x18 build/obj/shell.o
 .data.__ctype_ptr__
                0x00000000200008d8        0x4 /usr/bin/../lib/gcc/arm-none-eabi/5.3.1/../../../../arm-none-eabi/lib/armv7e-m/libg.a(lib_a-ctype_.o)
                0x00000000200008d8                __ctype_ptr__
 *fill*         0x00000000200008dc        0x4 
 .data.impure_data
                0x00000000200008e0      0x428 /usr/bin/../lib/gcc/arm-none-eabi/5.3.1/../../../../arm-none-eabi/lib/armv7e-m/libg.a(lib_a-impure.o)
 .data._impure_ptr
                0x0000000020000d08        0x4 /usr/bin/../lib/gcc/arm-none-eabi/5.3.1/../../../../arm-none-eabi/lib/armv7e-m/libg.a(lib_a-impure.o)