Archive member included to satisfy reference by file (symbol)

/usr/bin/../lib/gcc/arm-none-eabi/6.2.1/thumb/v7e-m/libgcc.a(_arm_addsubdf3.o)
                              build/obj/chprintf.o (__aeabi_dsub)
/usr/bin/../lib/gcc/arm-none-eabi/6.2.1/thumb/v7e-m/libgcc.a(_arm_muldivdf3.o)
                              build/obj/chprintf.o (__aeabi_dmul)
/usr/bin/../lib/gcc/arm-none-eabi/6.2.1/thumb/v7e-m/libgcc.a(_arm_fixdfsi.o)
                              build/obj/chprintf.o (__aeabi_d2iz)
/usr/bin/../lib/gcc/arm-none-eabi/6.2.1/thumb/v7e-m/libgcc.a(_arm_truncdfsf2.o)
                              build/obj/chprintf.o (__aeabi_d2f)
/usr/bin/../lib/gcc/arm-none-eabi/6.2.1/thumb/v7e-m/libgcc.a(_arm_cmpsf2.o)
                              build/obj/chprintf.o (__aeabi_fcmplt)
/usr/bin/../lib/gcc/arm-none-eabi/6.2.1/thumb/v7e-m/libgcc.a(_arm_fixsfsi.o)
                              build/obj/chprintf.o (__aeabi_f2iz)
/usr/bin/../lib/gcc/arm-none-eabi/6.2.1/../../../../arm-none-eabi/lib/thumb/v7e-m/libg.a(lib_a-memcpy.o)
                              build/obj/memstreams.o (memcpy)
/usr/bin/../lib/gcc/arm-none-eabi/6.2.1/../../../../arm-none-eabi/lib/thumb/v7e-m/libg.a(lib_a-strcasecmp.o)
                              build/obj/shell.o (strcasecmp)
/usr/bin/../lib/gcc/arm-none-eabi/6.2.1/../../../../arm-none-eabi/lib/thumb/v7e-m/libg.a(lib_a-strpbrk.o)
                              build/obj/shell.o (strpbrk)
/usr/bin/../lib/gcc/arm-none-eabi/6.2.1/../../../../arm-none-eabi/lib/thumb/v7e-m/libg.a(lib_a-strspn.o)
                              build/obj/shell.o (strspn)
/usr/bin/../lib/gcc/arm-none-eabi/6.2.1/../../../../arm-none-eabi/lib/thumb/v7e-m/libg.a(lib_a-locale.o)
                              /usr/bin/../lib/gcc/arm-none-eabi/6.2.1/../../../../arm-none-eabi/lib/thumb/v7e-m/libg.a(lib_a-strcasecmp.o) (__locale_ctype_ptr)
/usr/bin/../lib/gcc/arm-none-eabi/6.2.1/../../../../arm-none-eabi/lib/thumb/v7e-m/libg.a(lib_a-mbtowc_r.o)
                              /usr/bin/../lib/gcc/arm-none-eabi/6.2.1/../../../../arm-none-eabi/lib/thumb/v7e-m/libg.a(lib_a-locale.o) (__ascii_mbtowc)
/usr/bin/../lib/gcc/arm-none-eabi/6.2.1/../../../../arm-none-eabi/lib/thumb/v7e-m/libg.a(lib_a-strcmp.o)
                              /usr/bin/../lib/gcc/arm-none-eabi/6.2.1/../../../../arm-none-eabi/lib/thumb/v7e-m/libg.a(lib_a-locale.o) (strcmp)
/usr/bin/../lib/gcc/arm-none-eabi/6.2.1/../../../../arm-none-eabi/lib/thumb/v7e-m/libg.a(lib_a-wctomb_r.o)
                              /usr/bin/../lib/gcc/arm-none-eabi/6.2.1/../../../../arm-none-eabi/lib/thumb/v7e-m/libg.a(lib_a-locale.o) (__ascii_wctomb)
/usr/bin/../lib/gcc/arm-none-eabi/6.2.1/../../../../arm-none-eabi/lib/thumb/v7e-m/libg.a(lib_a-ctype_.o)
                              /usr/bin/../lib/gcc/arm-none-eabi/6.2.1/../../../../arm-none-eabi/lib/thumb/v7e-m/libg.a(lib_a-locale.o) (_ctype_)
/usr/bin/../lib/gcc/arm-none-eabi/6.2.1/../../../../arm-none-eabi/lib/thumb/v7e-m/libg.a(lib_a-impure.o)
                              /usr/bin/../lib/gcc/arm-none-eabi/6.2.1/../../../../arm-none-eabi/lib/thumb/v7e-m/libg.a(lib_a-locale.o) (_impure_ptr)

Discarded input sections

 .data          0x0000000000000000        0x0 build/obj/crt0_v7m.o
 .bss           0x0000000000000000        0x0 build/obj/crt0_v7m.o
 .data          0x0000000000000000        0x0 build/obj/chcoreasm_v7m.o
 .bss           0x0000000000000000        0x0 build/obj/chcoreasm_v7m.o
 .text          0x0000000000000000        0x0 build/obj/crt1.o
 .data          0x0000000000000000        0x0 build/obj/crt1.o
 .bss           0x0000000000000000        0x0 build/obj/crt1.o
 .text.__early_init
                0x0000000000000000        0x4 build/obj/crt1.o
 .text          0x0000000000000000        0x0 build/obj/vectors.o
 .data          0x0000000000000000        0x0 build/obj/vectors.o
 .bss           0x0000000000000000        0x0 build/obj/vectors.o
 .text          0x0000000000000000        0x0 build/obj/chsys.o
 .data          0x0000000000000000        0x0 build/obj/chsys.o
 .bss           0x0000000000000000        0x0 build/obj/chsys.o
 .text.chSysIsCounterWithinX
                0x0000000000000000       0x10 build/obj/chsys.o
 .text          0x0000000000000000        0x0 build/obj/chdebug.o
 .data          0x0000000000000000        0x0 build/obj/chdebug.o
 .bss           0x0000000000000000        0x0 build/obj/chdebug.o
 .debug_info    0x0000000000000000      0x75b build/obj/chdebug.o
 .debug_abbrev  0x0000000000000000      0x134 build/obj/chdebug.o
 .debug_aranges
                0x0000000000000000       0x18 build/obj/chdebug.o
 .debug_line    0x0000000000000000      0x20c build/obj/chdebug.o
 .debug_str     0x0000000000000000      0x641 build/obj/chdebug.o
 .comment       0x0000000000000000       0x6f build/obj/chdebug.o
 .ARM.attributes
                0x0000000000000000       0x33 build/obj/chdebug.o
 .text          0x0000000000000000        0x0 build/obj/chvt.o
[...]
Memory Configuration

Name             Origin             Length             Attributes
flash            0x0000000008000000 0x0000000000100000
ram0             0x0000000020000000 0x0000000000020000
ram1             0x0000000020000000 0x000000000001c000
ram2             0x000000002001c000 0x0000000000004000
ram3             0x0000000000000000 0x0000000000000000
ram4             0x0000000010000000 0x0000000000010000
ram5             0x0000000040024000 0x0000000000001000
ram6             0x0000000000000000 0x0000000000000000
ram7             0x0000000000000000 0x0000000000000000
*default*        0x0000000000000000 0xffffffffffffffff

Linker script and memory map

LOAD build/obj/crt0_v7m.o
LOAD build/obj/chcoreasm_v7m.o
LOAD build/obj/crt1.o
LOAD build/obj/vectors.o
LOAD build/obj/chsys.o
LOAD build/obj/chdebug.o
LOAD build/obj/chvt.o
LOAD build/obj/chschd.o
LOAD build/obj/chthreads.o
LOAD build/obj/chtm.o
LOAD build/obj/chdynamic.o
LOAD build/obj/chregistry.o
LOAD build/obj/chsem.o
LOAD build/obj/chmtx.o
LOAD build/obj/chcond.o
LOAD build/obj/chevents.o
LOAD build/obj/chmsg.o
LOAD build/obj/chmboxes.o
LOAD build/obj/chqueues.o
LOAD build/obj/chmemcore.o
LOAD build/obj/chheap.o
LOAD build/obj/chmempools.o
LOAD build/obj/chcore.o
LOAD build/obj/chcore_v7m.o
LOAD build/obj/osal.o
LOAD build/obj/hal.o
LOAD build/obj/st.o
LOAD build/obj/hal_queues.o
LOAD build/obj/hal_mmcsd.o
LOAD build/obj/adc.o
LOAD build/obj/gpt.o
LOAD build/obj/pal.o
LOAD build/obj/pwm.o
LOAD build/obj/serial.o
LOAD build/obj/serial_usb.o
LOAD build/obj/spi.o
LOAD build/obj/usb.o
LOAD build/obj/nvic.o
LOAD build/obj/stm32_dma.o
LOAD build/obj/hal_lld.o
LOAD build/obj/st_lld.o
LOAD build/obj/adc_lld.o
LOAD build/obj/pal_lld.o
LOAD build/obj/usb_lld.o
LOAD build/obj/spi_lld.o
LOAD build/obj/gpt_lld.o
LOAD build/obj/pwm_lld.o
LOAD build/obj/serial_lld.o
LOAD build/obj/board.o
LOAD build/obj/test.o
LOAD build/obj/testthd.o
LOAD build/obj/testsem.o
LOAD build/obj/testmtx.o
LOAD build/obj/testmsg.o
LOAD build/obj/testmbox.o
LOAD build/obj/testevt.o
LOAD build/obj/testheap.o
LOAD build/obj/testpools.o
LOAD build/obj/testdyn.o
LOAD build/obj/testqueues.o
LOAD build/obj/testsys.o
LOAD build/obj/testbmk.o
LOAD build/obj/lis302dl.o
LOAD build/obj/shell.o
LOAD build/obj/memstreams.o
LOAD build/obj/chprintf.o
LOAD build/obj/usbcfg.o
LOAD build/obj/main.o
                0x0000000020000000                __ram0_start__ = ORIGIN (ram0)
                0x0000000000020000                __ram0_size__ = LENGTH (ram0)
                0x0000000020020000                __ram0_end__ = (__ram0_start__ + __ram0_size__)
                0x0000000020000000                __ram1_start__ = ORIGIN (ram1)
                0x000000000001c000                __ram1_size__ = LENGTH (ram1)
                0x000000002001c000                __ram1_end__ = (__ram1_start__ + __ram1_size__)
                0x000000002001c000                __ram2_start__ = ORIGIN (ram2)
                0x0000000000004000                __ram2_size__ = LENGTH (ram2)
                0x0000000020020000                __ram2_end__ = (__ram2_start__ + __ram2_size__)
                0x0000000000000000                __ram3_start__ = ORIGIN (ram3)
                0x0000000000000000                __ram3_size__ = LENGTH (ram3)
                0x0000000000000000                __ram3_end__ = (__ram3_start__ + __ram3_size__)
                0x0000000010000000                __ram4_start__ = ORIGIN (ram4)
                0x0000000000010000                __ram4_size__ = LENGTH (ram4)
                0x0000000010010000                __ram4_end__ = (__ram4_start__ + __ram4_size__)
                0x0000000040024000                __ram5_start__ = ORIGIN (ram5)
                0x0000000000001000                __ram5_size__ = LENGTH (ram5)
                0x0000000040025000                __ram5_end__ = (__ram5_start__ + __ram5_size__)
                0x0000000000000000                __ram6_start__ = ORIGIN (ram6)
                0x0000000000000000                __ram6_size__ = LENGTH (ram6)
                0x0000000000000000                __ram6_end__ = (__ram6_start__ + __ram6_size__)
                0x0000000000000000                __ram7_start__ = ORIGIN (ram7)
                0x0000000000000000                __ram7_size__ = LENGTH (ram7)
                0x0000000000000000                __ram7_end__ = (__ram7_start__ + __ram7_size__)
                0x0000000000000000                . = 0x0
                0x0000000000000000                _text = .

startup         0x0000000008000000      0x1c0
 *(.vectors)
 .vectors       0x0000000008000000      0x1c0 build/obj/vectors.o
                0x0000000008000000                _vectors

constructors    0x00000000080001c0        0x0
                0x00000000080001c0                PROVIDE (__init_array_start, .)
 *(SORT(.init_array.*))
 *(.init_array)
                0x00000000080001c0                PROVIDE (__init_array_end, .)

destructors     0x00000000080001c0        0x0
                0x00000000080001c0                PROVIDE (__fini_array_start, .)
 *(.fini_array)
 *(SORT(.fini_array.*))
                0x00000000080001c0                PROVIDE (__fini_array_end, .)

.text           0x00000000080001c0     0xb581
 *(.text)
 .text          0x00000000080001c0       0xbc build/obj/crt0_v7m.o
                0x00000000080001c0                Reset_Handler
 *fill*         0x000000000800027c        0x4 
 .text          0x0000000008000280       0x28 build/obj/chcoreasm_v7m.o
                0x0000000008000280                _port_switch
                0x0000000008000290                _port_thread_start
                0x00000000080002a0                _port_switch_from_isr
                0x00000000080002a4                _port_exit_from_isr
 *fill*         0x00000000080002a8        0x8 
 .text          0x00000000080002b0      0x370 /usr/bin/../lib/gcc/arm-none-eabi/6.2.1/thumb/v7e-m/libgcc.a(_arm_addsubdf3.o)
                0x00000000080002b0                __aeabi_drsub
                0x00000000080002b8                __aeabi_dsub
                0x00000000080002b8                __subdf3
                0x00000000080002bc                __adddf3
                0x00000000080002bc                __aeabi_dadd
                0x0000000008000534                __aeabi_ui2d
                0x0000000008000534                __floatunsidf
                0x0000000008000554                __floatsidf
                0x0000000008000554                __aeabi_i2d
                0x0000000008000578                __extendsfdf2
                0x0000000008000578                __aeabi_f2d
                0x00000000080005b4                __aeabi_ul2d
                0x00000000080005b4                __floatundidf
                0x00000000080005c4                __floatdidf
                0x00000000080005c4                __aeabi_l2d
 .text          0x0000000008000620      0x424 /usr/bin/../lib/gcc/arm-none-eabi/6.2.1/thumb/v7e-m/libgcc.a(_arm_muldivdf3.o)
                0x0000000008000620                __aeabi_dmul
                0x0000000008000620                __muldf3
                0x0000000008000874                __aeabi_ddiv
                0x0000000008000874                __divdf3
 *fill*         0x0000000008000a44        0xc 
 .text          0x0000000008000a50       0x50 /usr/bin/../lib/gcc/arm-none-eabi/6.2.1/thumb/v7e-m/libgcc.a(_arm_fixdfsi.o)
                0x0000000008000a50                __fixdfsi
                0x0000000008000a50                __aeabi_d2iz
 .text          0x0000000008000aa0       0xa0 /usr/bin/../lib/gcc/arm-none-eabi/6.2.1/thumb/v7e-m/libgcc.a(_arm_truncdfsf2.o)
                0x0000000008000aa0                __aeabi_d2f
                0x0000000008000aa0                __truncdfsf2
 .text          0x0000000008000b40       0xec /usr/bin/../lib/gcc/arm-none-eabi/6.2.1/thumb/v7e-m/libgcc.a(_arm_cmpsf2.o)
                0x0000000008000b40                __gtsf2
                0x0000000008000b40                __gesf2
                0x0000000008000b48                __lesf2
                0x0000000008000b48                __ltsf2
                0x0000000008000b50                __nesf2
                0x0000000008000b50                __eqsf2
                0x0000000008000b50                __cmpsf2
                0x0000000008000bb0                __aeabi_cfrcmple
                0x0000000008000bb8                __aeabi_cfcmple
                0x0000000008000bb8                __aeabi_cfcmpeq
                0x0000000008000bc8                __aeabi_fcmpeq
                0x0000000008000bdc                __aeabi_fcmplt
                0x0000000008000bf0                __aeabi_fcmple
                0x0000000008000c04                __aeabi_fcmpge
                0x0000000008000c18                __aeabi_fcmpgt
 *fill*         0x0000000008000c2c        0x4 
 .text          0x0000000008000c30       0x4c /usr/bin/../lib/gcc/arm-none-eabi/6.2.1/thumb/v7e-m/libgcc.a(_arm_fixsfsi.o)
                0x0000000008000c30                __fixsfsi
                0x0000000008000c30                __aeabi_f2iz
 *(.text.*)
 *fill*         0x0000000008000c7c        0x4 
 .text.__late_init
                0x0000000008000c80        0x4 build/obj/crt1.o
                0x0000000008000c80                __late_init
 *fill*         0x0000000008000c84        0xc 
 .text.__default_exit
                0x0000000008000c90        0x4 build/obj/crt1.o
                0x0000000008000c90                __default_exit
 *fill*         0x0000000008000c94        0xc 
 .text._unhandled_exception
                0x0000000008000ca0        0x4 build/obj/vectors.o
                0x0000000008000ca0                Vector58
                0x0000000008000ca0                Vector9C
                0x0000000008000ca0                VectorE8
                0x0000000008000ca0                VectorAC
                0x0000000008000ca0                DebugMon_Handler
                0x0000000008000ca0                Vector1A0
                0x0000000008000ca0                Vector5C
                0x0000000008000ca0                Vector11C
                0x0000000008000ca0                HardFault_Handler
                0x0000000008000ca0                Vector1B8
                0x0000000008000ca0                Vector19C
                0x0000000008000ca0                SysTick_Handler
                0x0000000008000ca0                Vector8C
                0x0000000008000ca0                VectorDC
                0x0000000008000ca0                PendSV_Handler
                0x0000000008000ca0                Vector168
                0x0000000008000ca0                NMI_Handler
                0x0000000008000ca0                Vector110
                0x0000000008000ca0                VectorC8
                0x0000000008000ca0                Vector94
                0x0000000008000ca0                VectorA8
                0x0000000008000ca0                Vector160
                0x0000000008000ca0                Vector1B0
                0x0000000008000ca0                UsageFault_Handler
                0x0000000008000ca0                VectorEC
                0x0000000008000ca0                Vector40
                0x0000000008000ca0                VectorF8
                0x0000000008000ca0                Vector108
                0x0000000008000ca0                VectorBC
                0x0000000008000ca0                Vector190
                0x0000000008000ca0                Vector148
                0x0000000008000ca0                Vector188
                0x0000000008000ca0                Vector198
                0x0000000008000ca0                Vector118
                0x0000000008000ca0                Vector64
                0x0000000008000ca0                VectorCC
                0x0000000008000ca0                Vector54
                0x0000000008000ca0                Vector98
                0x0000000008000ca0                Vector138
                0x0000000008000ca0                Vector24
                0x0000000008000ca0                Vector1AC
                0x0000000008000ca0                Vector178
                0x0000000008000ca0                Vector1A4
                0x0000000008000ca0                VectorD0
                0x0000000008000ca0                Vector1B4
                0x0000000008000ca0                Vector140
                0x0000000008000ca0                VectorE4
                0x0000000008000ca0                VectorC0
                0x0000000008000ca0                Vector134
                0x0000000008000ca0                VectorF0
                0x0000000008000ca0                Vector13C
                0x0000000008000ca0                Vector100
                0x0000000008000ca0                VectorE0
                0x0000000008000ca0                VectorF4
                0x0000000008000ca0                MemManage_Handler
                0x0000000008000ca0                VectorA0
                0x0000000008000ca0                VectorC4
                0x0000000008000ca0                Vector180
                0x0000000008000ca0                Vector90
                0x0000000008000ca0                Vector114
                0x0000000008000ca0                Vector60
                0x0000000008000ca0                Vector164
                0x0000000008000ca0                Vector1C
                0x0000000008000ca0                Vector1BC
                0x0000000008000ca0                Vector17C
                0x0000000008000ca0                Vector48
                0x0000000008000ca0                Vector1A8
                0x0000000008000ca0                Vector16C
                0x0000000008000ca0                VectorD4
                0x0000000008000ca0                Vector4C
                0x0000000008000ca0                Vector144
                0x0000000008000ca0                Vector15C
                0x0000000008000ca0                Vector68
                0x0000000008000ca0                _unhandled_exception
                0x0000000008000ca0                Vector170
                0x0000000008000ca0                Vector104
                0x0000000008000ca0                Vector184
                0x0000000008000ca0                Vector10C
                0x0000000008000ca0                BusFault_Handler
                0x0000000008000ca0                Vector50
                0x0000000008000ca0                Vector194
                0x0000000008000ca0                Vector44
                0x0000000008000ca0                Vector28
                0x0000000008000ca0                Vector34
                0x0000000008000ca0                VectorA4
                0x0000000008000ca0                Vector20
                0x0000000008000ca0                Vector18C
                0x0000000008000ca0                Vector174
 *fill*         0x0000000008000ca4        0xc 
 .text._idle_thread
                0x0000000008000cb0       0x14 build/obj/chsys.o
 *fill*         0x0000000008000cc4        0xc 
 .text.chSysInit
                0x0000000008000cd0       0x98 build/obj/chsys.o
                0x0000000008000cd0                chSysInit
 *fill*         0x0000000008000d68        0x8 
 .text.chSysHalt
                0x0000000008000d70        0xc build/obj/chsys.o
                0x0000000008000d70                chSysHalt
 *fill*         0x0000000008000d7c        0x4 
 .text.chSysIntegrityCheckI
                0x0000000008000d80       0xbc build/obj/chsys.o
                0x0000000008000d80                chSysIntegrityCheckI
 *fill*         0x0000000008000e3c        0x4 
 .text.chSysTimerHandlerI
                0x0000000008000e40       0x78 build/obj/chsys.o
                0x0000000008000e40                chSysTimerHandlerI
 *fill*         0x0000000008000eb8        0x8 
 .text.chSysGetStatusAndLockX
                0x0000000008000ec0       0x14 build/obj/chsys.o
                0x0000000008000ec0                chSysGetStatusAndLockX
 *fill*         0x0000000008000ed4        0xc 
 .text.chSysRestoreStatusX
                0x0000000008000ee0       0x20 build/obj/chsys.o
                0x0000000008000ee0                chSysRestoreStatusX
 .text.chSysPolledDelayX
                0x0000000008000f00       0x14 build/obj/chsys.o
                0x0000000008000f00                chSysPolledDelayX
 *fill*         0x0000000008000f14        0xc 
 .text._vt_init
                0x0000000008000f20       0x1c build/obj/chvt.o
                0x0000000008000f20                _vt_init
 *fill*         0x0000000008000f3c        0x4 
 .text.chVTDoSetI
                0x0000000008000f40       0x78 build/obj/chvt.o
                0x0000000008000f40                chVTDoSetI
 *fill*         0x0000000008000fb8        0x8 
 .text.chVTDoResetI
                0x0000000008000fc0       0x6c build/obj/chvt.o
                0x0000000008000fc0                chVTDoResetI
 *fill*         0x000000000800102c        0x4 
 .text.wakeup   0x0000000008001030       0x6c build/obj/chschd.o
 *fill*         0x000000000800109c        0x4 
 .text._scheduler_init
                0x00000000080010a0       0x14 build/obj/chschd.o
                0x00000000080010a0                _scheduler_init
 *fill*         0x00000000080010b4        0xc 
 .text.chSchReadyI
                0x00000000080010c0       0x28 build/obj/chschd.o
                0x00000000080010c0                chSchReadyI
 *fill*         0x00000000080010e8        0x8 
 .text.chSchGoSleepS
                0x00000000080010f0       0x24 build/obj/chschd.o
                0x00000000080010f0                chSchGoSleepS
 *fill*         0x0000000008001114        0xc 
 .text.chSchGoSleepTimeoutS
                0x0000000008001120       0x44 build/obj/chschd.o
                0x0000000008001120                chSchGoSleepTimeoutS
 *fill*         0x0000000008001164        0xc 
 .text.chSchWakeupS
                0x0000000008001170       0x58 build/obj/chschd.o
                0x0000000008001170                chSchWakeupS
 *fill*         0x00000000080011c8        0x8 
 .text.chSchIsPreemptionRequired
                0x00000000080011d0       0x18 build/obj/chschd.o
                0x00000000080011d0                chSchIsPreemptionRequired
 *fill*         0x00000000080011e8        0x8 
 .text.chSchDoRescheduleBehind
                0x00000000080011f0       0x3c build/obj/chschd.o
                0x00000000080011f0                chSchDoRescheduleBehind
 *fill*         0x000000000800122c        0x4 
 .text.chSchDoRescheduleAhead
                0x0000000008001230       0x3c build/obj/chschd.o
                0x0000000008001230                chSchDoRescheduleAhead
 *fill*         0x000000000800126c        0x4 
 .text.chSchRescheduleS
                0x0000000008001270       0x18 build/obj/chschd.o
                0x0000000008001270                chSchRescheduleS
 *fill*         0x0000000008001288        0x8 
 .text.chSchDoReschedule
                0x0000000008001290        0x4 build/obj/chschd.o
                0x0000000008001290                chSchDoReschedule
 *fill*         0x0000000008001294        0xc 
 .text._thread_init
                0x00000000080012a0       0x3c build/obj/chthreads.o
                0x00000000080012a0                _thread_init
 *fill*         0x00000000080012dc        0x4 
 .text.chThdCreateI
                0x00000000080012e0       0x58 build/obj/chthreads.o
                0x00000000080012e0                chThdCreateI
 *fill*         0x0000000008001338        0x8 
 .text.chThdCreateStatic
                0x0000000008001340       0x64 build/obj/chthreads.o
                0x0000000008001340                chThdCreateStatic
 *fill*         0x00000000080013a4        0xc 
 .text.chThdStart
                0x00000000080013b0       0x14 build/obj/chthreads.o
                0x00000000080013b0                chThdStart
 *fill*         0x00000000080013c4        0xc 
 .text.chThdSetPriority
                0x00000000080013d0       0x30 build/obj/chthreads.o
                0x00000000080013d0                chThdSetPriority
 .text.chThdTerminate
                0x0000000008001400       0x18 build/obj/chthreads.o
                0x0000000008001400                chThdTerminate
 *fill*         0x0000000008001418        0x8 
 .text.chThdSleep
                0x0000000008001420       0x18 build/obj/chthreads.o
                0x0000000008001420                chThdSleep
 *fill*         0x0000000008001438        0x8 
 .text.chThdSleepUntil
                0x0000000008001440       0x20 build/obj/chthreads.o
                0x0000000008001440                chThdSleepUntil
 .text.chThdYield
                0x0000000008001460       0x28 build/obj/chthreads.o
                0x0000000008001460                chThdYield
 *fill*         0x0000000008001488        0x8 
 .text.chThdExitS
                0x0000000008001490       0x40 build/obj/chthreads.o
                0x0000000008001490                chThdExitS
 .text.chThdExit
                0x00000000080014d0        0xc build/obj/chthreads.o
                0x00000000080014d0                chThdExit
 *fill*         0x00000000080014dc        0x4 
 .text.chThdWait
                0x00000000080014e0       0x38 build/obj/chthreads.o
                0x00000000080014e0                chThdWait
 *fill*         0x0000000008001518        0x8 
 .text.chThdSuspendS
                0x0000000008001520       0x1c build/obj/chthreads.o
                0x0000000008001520                chThdSuspendS
 *fill*         0x000000000800153c        0x4 
 .text.chThdResumeI
                0x0000000008001540       0x14 build/obj/chthreads.o
                0x0000000008001540                chThdResumeI
 *fill*         0x0000000008001554        0xc 
 .text.chThdEnqueueTimeoutS
                0x0000000008001560       0x28 build/obj/chthreads.o
                0x0000000008001560                chThdEnqueueTimeoutS
 *fill*         0x0000000008001588        0x8 
 .text.chThdDequeueNextI
                0x0000000008001590       0x1c build/obj/chthreads.o
                0x0000000008001590                chThdDequeueNextI
 *fill*         0x00000000080015ac        0x4 
 .text.chThdDequeueAllI
                0x00000000080015b0       0x24 build/obj/chthreads.o
                0x00000000080015b0                chThdDequeueAllI
 *fill*         0x00000000080015d4        0xc 
 .text.chTMStartMeasurementX
                0x00000000080015e0        0xc build/obj/chtm.o
                0x00000000080015e0                chTMStartMeasurementX
 *fill*         0x00000000080015ec        0x4 
 .text.chTMStopMeasurementX
                0x00000000080015f0       0x48 build/obj/chtm.o
                0x00000000080015f0                chTMStopMeasurementX
 *fill*         0x0000000008001638        0x8 
 .text._tm_init
                0x0000000008001640       0x38 build/obj/chtm.o
                0x0000000008001640                _tm_init
 *fill*         0x0000000008001678        0x8 
 .text.chThdAddRef
                0x0000000008001680       0x14 build/obj/chdynamic.o
                0x0000000008001680                chThdAddRef
 *fill*         0x0000000008001694        0xc 
 .text.chThdRelease
                0x00000000080016a0       0x50 build/obj/chdynamic.o
                0x00000000080016a0                chThdRelease
 .text.chThdCreateFromHeap
                0x00000000080016f0       0x40 build/obj/chdynamic.o
                0x00000000080016f0                chThdCreateFromHeap
 .text.chThdCreateFromMemoryPool
                0x0000000008001730       0x48 build/obj/chdynamic.o
                0x0000000008001730                chThdCreateFromMemoryPool
 *fill*         0x0000000008001778        0x8 
 .text.chRegFirstThread
                0x0000000008001780       0x1c build/obj/chregistry.o
                0x0000000008001780                chRegFirstThread
 *fill*         0x000000000800179c        0x4 
 .text.chRegNextThread
                0x00000000080017a0       0x2c build/obj/chregistry.o
                0x00000000080017a0                chRegNextThread
 *fill*         0x00000000080017cc        0x4 
 .text.chSemObjectInit
                0x00000000080017d0        0x8 build/obj/chsem.o
                0x00000000080017d0                chSemObjectInit
 *fill*         0x00000000080017d8        0x8 
 .text.chSemResetI
                0x00000000080017e0       0x28 build/obj/chsem.o
                0x00000000080017e0                chSemResetI
 *fill*         0x0000000008001808        0x8 
 .text.chSemReset
                0x0000000008001810       0x18 build/obj/chsem.o
                0x0000000008001810                chSemReset
 *fill*         0x0000000008001828        0x8 
 .text.chSemWait
                0x0000000008001830       0x44 build/obj/chsem.o
                0x0000000008001830                chSemWait
 *fill*         0x0000000008001874        0xc 
 .text.chSemWaitTimeout
                0x0000000008001880       0x4c build/obj/chsem.o
                0x0000000008001880                chSemWaitTimeout
 *fill*         0x00000000080018cc        0x4 
 .text.chSemWaitTimeoutS
                0x00000000080018d0       0x3c build/obj/chsem.o
                0x00000000080018d0                chSemWaitTimeoutS
 *fill*         0x000000000800190c        0x4 
 .text.chSemSignal
                0x0000000008001910       0x34 build/obj/chsem.o
                0x0000000008001910                chSemSignal
 *fill*         0x0000000008001944        0xc 
 .text.chSemSignalI
                0x0000000008001950       0x20 build/obj/chsem.o
                0x0000000008001950                chSemSignalI
 .text.chSemAddCounterI
                0x0000000008001970       0x30 build/obj/chsem.o
                0x0000000008001970                chSemAddCounterI
 .text.chSemSignalWait
                0x00000000080019a0       0x6c build/obj/chsem.o
                0x00000000080019a0                chSemSignalWait
 *fill*         0x0000000008001a0c        0x4 
 .text.chMtxObjectInit
                0x0000000008001a10        0xc build/obj/chmtx.o
                0x0000000008001a10                chMtxObjectInit
 *fill*         0x0000000008001a1c        0x4 
 .text.chMtxLockS
                0x0000000008001a20       0xc8 build/obj/chmtx.o
                0x0000000008001a20                chMtxLockS
 *fill*         0x0000000008001ae8        0x8 
 .text.chMtxLock
                0x0000000008001af0       0x14 build/obj/chmtx.o
                0x0000000008001af0                chMtxLock
 *fill*         0x0000000008001b04        0xc 
 .text.chMtxTryLock
                0x0000000008001b10       0x30 build/obj/chmtx.o
                0x0000000008001b10                chMtxTryLock
 .text.chMtxUnlock
                0x0000000008001b40       0x60 build/obj/chmtx.o
                0x0000000008001b40                chMtxUnlock
 .text.chMtxUnlockS
                0x0000000008001ba0       0x50 build/obj/chmtx.o
                0x0000000008001ba0                chMtxUnlockS
 .text.chMtxUnlockAll
                0x0000000008001bf0       0x54 build/obj/chmtx.o
                0x0000000008001bf0                chMtxUnlockAll
 *fill*         0x0000000008001c44        0xc 
 .text.chCondObjectInit
                0x0000000008001c50        0x8 build/obj/chcond.o
                0x0000000008001c50                chCondObjectInit
 *fill*         0x0000000008001c58        0x8 
 .text.chCondSignal
                0x0000000008001c60       0x28 build/obj/chcond.o
                0x0000000008001c60                chCondSignal
 *fill*         0x0000000008001c88        0x8 
 .text.chCondSignalI
                0x0000000008001c90       0x18 build/obj/chcond.o
                0x0000000008001c90                chCondSignalI
 *fill*         0x0000000008001ca8        0x8 
 .text.chCondBroadcast
                0x0000000008001cb0       0x34 build/obj/chcond.o
                0x0000000008001cb0                chCondBroadcast
 *fill*         0x0000000008001ce4        0xc 
 .text.chCondWaitS
                0x0000000008001cf0       0x44 build/obj/chcond.o
                0x0000000008001cf0                chCondWaitS
 *fill*         0x0000000008001d34        0xc 
 .text.chCondWait
                0x0000000008001d40       0x14 build/obj/chcond.o
                0x0000000008001d40                chCondWait
 *fill*         0x0000000008001d54        0xc 
 .text.chCondWaitTimeoutS
                0x0000000008001d60       0x50 build/obj/chcond.o
                0x0000000008001d60                chCondWaitTimeoutS
 .text.chCondWaitTimeout
                0x0000000008001db0       0x14 build/obj/chcond.o
                0x0000000008001db0                chCondWaitTimeout
 *fill*         0x0000000008001dc4        0xc 
 .text.chEvtRegisterMaskWithFlags
                0x0000000008001dd0       0x28 build/obj/chevents.o
                0x0000000008001dd0                chEvtRegisterMaskWithFlags
 *fill*         0x0000000008001df8        0x8 
 .text.chEvtUnregister
                0x0000000008001e00       0x2c build/obj/chevents.o
                0x0000000008001e00                chEvtUnregister
 *fill*         0x0000000008001e2c        0x4 
 .text.chEvtGetAndClearEvents
                0x0000000008001e30       0x20 build/obj/chevents.o
                0x0000000008001e30                chEvtGetAndClearEvents
 .text.chEvtAddEvents
                0x0000000008001e50       0x1c build/obj/chevents.o
                0x0000000008001e50                chEvtAddEvents
 *fill*         0x0000000008001e6c        0x4 
 .text.chEvtSignalI
                0x0000000008001e70       0x28 build/obj/chevents.o
                0x0000000008001e70                chEvtSignalI
 *fill*         0x0000000008001e98        0x8 
 .text.chEvtBroadcastFlagsI
                0x0000000008001ea0       0x2c build/obj/chevents.o
                0x0000000008001ea0                chEvtBroadcastFlagsI
 *fill*         0x0000000008001ecc        0x4 
 .text.chEvtSignal
                0x0000000008001ed0       0x18 build/obj/chevents.o
                0x0000000008001ed0                chEvtSignal
 *fill*         0x0000000008001ee8        0x8 
 .text.chEvtBroadcastFlags
                0x0000000008001ef0       0x18 build/obj/chevents.o
                0x0000000008001ef0                chEvtBroadcastFlags
 *fill*         0x0000000008001f08        0x8 
 .text.chEvtDispatch
                0x0000000008001f10       0x38 build/obj/chevents.o
                0x0000000008001f10                chEvtDispatch
 *fill*         0x0000000008001f48        0x8 
 .text.chEvtWaitOne
                0x0000000008001f50       0x3c build/obj/chevents.o
                0x0000000008001f50                chEvtWaitOne
 *fill*         0x0000000008001f8c        0x4 
 .text.chEvtWaitAny
                0x0000000008001f90       0x38 build/obj/chevents.o
                0x0000000008001f90                chEvtWaitAny
 *fill*         0x0000000008001fc8        0x8 
 .text.chEvtWaitAll
                0x0000000008001fd0       0x34 build/obj/chevents.o
                0x0000000008001fd0                chEvtWaitAll
 *fill*         0x0000000008002004        0xc 
 .text.chEvtWaitOneTimeout
                0x0000000008002010       0x4c build/obj/chevents.o
                0x0000000008002010                chEvtWaitOneTimeout
 *fill*         0x000000000800205c        0x4 
 .text.chEvtWaitAnyTimeout
                0x0000000008002060       0x48 build/obj/chevents.o
                0x0000000008002060                chEvtWaitAnyTimeout
 *fill*         0x00000000080020a8        0x8 
 .text.chEvtWaitAllTimeout
                0x00000000080020b0       0x48 build/obj/chevents.o
                0x00000000080020b0                chEvtWaitAllTimeout
 *fill*         0x00000000080020f8        0x8 
 .text.chMsgSend
                0x0000000008002100       0x40 build/obj/chmsg.o
                0x0000000008002100                chMsgSend
 .text.chMsgWait
                0x0000000008002140       0x3c build/obj/chmsg.o
                0x0000000008002140                chMsgWait
 *fill*         0x000000000800217c        0x4 
 .text.chMsgRelease
                0x0000000008002180       0x14 build/obj/chmsg.o
                0x0000000008002180                chMsgRelease
 *fill*         0x0000000008002194        0xc 
 .text.chMBObjectInit
                0x00000000080021a0       0x28 build/obj/chmboxes.o
                0x00000000080021a0                chMBObjectInit
 *fill*         0x00000000080021c8        0x8 
 .text.chMBResetI
                0x00000000080021d0       0x24 build/obj/chmboxes.o
                0x00000000080021d0                chMBResetI
 *fill*         0x00000000080021f4        0xc 
 .text.chMBReset
                0x0000000008002200       0x18 build/obj/chmboxes.o
                0x0000000008002200                chMBReset
 *fill*         0x0000000008002218        0x8 
 .text.chMBPost
                0x0000000008002220       0x44 build/obj/chmboxes.o
                0x0000000008002220                chMBPost
 *fill*         0x0000000008002264        0xc 
 .text.chMBPostI
                0x0000000008002270       0x34 build/obj/chmboxes.o
                0x0000000008002270                chMBPostI
 *fill*         0x00000000080022a4        0xc 
 .text.chMBPostAhead
                0x00000000080022b0       0x4c build/obj/chmboxes.o
                0x00000000080022b0                chMBPostAhead
 *fill*         0x00000000080022fc        0x4 
 .text.chMBPostAheadI
                0x0000000008002300       0x30 build/obj/chmboxes.o
                0x0000000008002300                chMBPostAheadI
 .text.chMBFetch
                0x0000000008002330       0x44 build/obj/chmboxes.o
                0x0000000008002330                chMBFetch
 *fill*         0x0000000008002374        0xc 
 .text.chMBFetchI
                0x0000000008002380       0x38 build/obj/chmboxes.o
                0x0000000008002380                chMBFetchI
 *fill*         0x00000000080023b8        0x8 
 .text.chIQObjectInit
                0x00000000080023c0       0x20 build/obj/chqueues.o
                0x00000000080023c0                chIQObjectInit
 .text.chIQResetI
                0x00000000080023e0       0x14 build/obj/chqueues.o
                0x00000000080023e0                chIQResetI
 *fill*         0x00000000080023f4        0xc 
 .text.chIQPutI
                0x0000000008002400       0x38 build/obj/chqueues.o
                0x0000000008002400                chIQPutI
 *fill*         0x0000000008002438        0x8 
 .text.chIQGetTimeout
                0x0000000008002440       0x50 build/obj/chqueues.o
                0x0000000008002440                chIQGetTimeout
 .text.chIQReadTimeout
                0x0000000008002490       0x74 build/obj/chqueues.o
                0x0000000008002490                chIQReadTimeout
 *fill*         0x0000000008002504        0xc 
 .text.chOQObjectInit
                0x0000000008002510       0x1c build/obj/chqueues.o
                0x0000000008002510                chOQObjectInit
 *fill*         0x000000000800252c        0x4 
 .text.chOQResetI
                0x0000000008002530       0x18 build/obj/chqueues.o
                0x0000000008002530                chOQResetI
 *fill*         0x0000000008002548        0x8 
 .text.chOQPutTimeout
                0x0000000008002550       0x50 build/obj/chqueues.o
                0x0000000008002550                chOQPutTimeout
 .text.chOQGetI
                0x00000000080025a0       0x34 build/obj/chqueues.o
                0x00000000080025a0                chOQGetI
 *fill*         0x00000000080025d4        0xc 
 .text.chOQWriteTimeout
                0x00000000080025e0       0x88 build/obj/chqueues.o
                0x00000000080025e0                chOQWriteTimeout
 *fill*         0x0000000008002668        0x8 
 .text._core_init
                0x0000000008002670       0x28 build/obj/chmemcore.o
                0x0000000008002670                _core_init
 *fill*         0x0000000008002698        0x8 
 .text.chCoreAlloc
                0x00000000080026a0       0x38 build/obj/chmemcore.o
                0x00000000080026a0                chCoreAlloc
 *fill*         0x00000000080026d8        0x8 
 .text.chCoreGetStatusX
                0x00000000080026e0       0x14 build/obj/chmemcore.o
                0x00000000080026e0                chCoreGetStatusX
 *fill*         0x00000000080026f4        0xc 
 .text._heap_init
                0x0000000008002700       0x1c build/obj/chheap.o
                0x0000000008002700                _heap_init
 *fill*         0x000000000800271c        0x4 
 .text.chHeapObjectInit
                0x0000000008002720       0x14 build/obj/chheap.o
                0x0000000008002720                chHeapObjectInit
 *fill*         0x0000000008002734        0xc 
 .text.chHeapAlloc
                0x0000000008002740       0x88 build/obj/chheap.o
                0x0000000008002740                chHeapAlloc
 *fill*         0x00000000080027c8        0x8 
 .text.chHeapFree
                0x00000000080027d0       0x8c build/obj/chheap.o
                0x00000000080027d0                chHeapFree
 *fill*         0x000000000800285c        0x4 
 .text.chHeapStatus
                0x0000000008002860       0x44 build/obj/chheap.o
                0x0000000008002860                chHeapStatus
 *fill*         0x00000000080028a4        0xc 
 .text.chPoolObjectInit
                0x00000000080028b0        0xc build/obj/chmempools.o
                0x00000000080028b0                chPoolObjectInit
 *fill*         0x00000000080028bc        0x4 
 .text.chPoolLoadArray
                0x00000000080028c0       0x24 build/obj/chmempools.o
                0x00000000080028c0                chPoolLoadArray
 *fill*         0x00000000080028e4        0xc 
 .text.chPoolAlloc
                0x00000000080028f0       0x2c build/obj/chmempools.o
                0x00000000080028f0                chPoolAlloc
 *fill*         0x000000000800291c        0x4 
 .text.chPoolFree
                0x0000000008002920       0x14 build/obj/chmempools.o
                0x0000000008002920                chPoolFree
 *fill*         0x0000000008002934        0xc 
 .text.SVC_Handler
                0x0000000008002940       0x1c build/obj/chcore_v7m.o
                0x0000000008002940                SVC_Handler
 *fill*         0x000000000800295c        0x4 
 .text._port_irq_epilogue
                0x0000000008002960       0x50 build/obj/chcore_v7m.o
                0x0000000008002960                _port_irq_epilogue
 .text.halInit  0x00000000080029b0       0x38 build/obj/hal.o
                0x00000000080029b0                halInit
 *fill*         0x00000000080029e8        0x8 
 .text.stInit   0x00000000080029f0        0x4 build/obj/st.o
                0x00000000080029f0                stInit
 *fill*         0x00000000080029f4        0xc 
 .text.stStartAlarm
                0x0000000008002a00       0x10 build/obj/st.o
                0x0000000008002a00                stStartAlarm
 .text.stStopAlarm
                0x0000000008002a10        0xc build/obj/st.o
                0x0000000008002a10                stStopAlarm
 *fill*         0x0000000008002a1c        0x4 
 .text.stSetAlarm
                0x0000000008002a20        0x8 build/obj/st.o
                0x0000000008002a20                stSetAlarm
 *fill*         0x0000000008002a28        0x8 
 .text.adcInit  0x0000000008002a30        0x4 build/obj/adc.o
                0x0000000008002a30                adcInit
 *fill*         0x0000000008002a34        0xc 
 .text.adcObjectInit
                0x0000000008002a40       0x18 build/obj/adc.o
                0x0000000008002a40                adcObjectInit
 *fill*         0x0000000008002a58        0x8 
 .text.adcStart
                0x0000000008002a60       0x1c build/obj/adc.o
                0x0000000008002a60                adcStart
 *fill*         0x0000000008002a7c        0x4 
 .text.adcStartConversion
                0x0000000008002a80       0x20 build/obj/adc.o
                0x0000000008002a80                adcStartConversion
 .text.gptInit  0x0000000008002aa0        0x4 build/obj/gpt.o
                0x0000000008002aa0                gptInit
 *fill*         0x0000000008002aa4        0xc 
 .text.gptObjectInit
                0x0000000008002ab0        0xc build/obj/gpt.o
                0x0000000008002ab0                gptObjectInit
 *fill*         0x0000000008002abc        0x4 
 .text.gptStart
                0x0000000008002ac0       0x1c build/obj/gpt.o
                0x0000000008002ac0                gptStart
 *fill*         0x0000000008002adc        0x4 
 .text.gptStartContinuous
                0x0000000008002ae0       0x18 build/obj/gpt.o
                0x0000000008002ae0                gptStartContinuous
 *fill*         0x0000000008002af8        0x8 
 .text.pwmInit  0x0000000008002b00        0x4 build/obj/pwm.o
                0x0000000008002b00                pwmInit
 *fill*         0x0000000008002b04        0xc 
 .text.pwmObjectInit
                0x0000000008002b10       0x10 build/obj/pwm.o
                0x0000000008002b10                pwmObjectInit
 .text.pwmStart
                0x0000000008002b20       0x24 build/obj/pwm.o
                0x0000000008002b20                pwmStart
 *fill*         0x0000000008002b44        0xc 
 .text.pwmEnableChannel
                0x0000000008002b50       0x20 build/obj/pwm.o
                0x0000000008002b50                pwmEnableChannel
 .text.readt    0x0000000008002b70        0x8 build/obj/serial.o
 *fill*         0x0000000008002b78        0x8 
 .text.read     0x0000000008002b80        0xc build/obj/serial.o
 *fill*         0x0000000008002b8c        0x4 
 .text.writet   0x0000000008002b90        0x8 build/obj/serial.o
 *fill*         0x0000000008002b98        0x8 
 .text.write    0x0000000008002ba0        0xc build/obj/serial.o
 *fill*         0x0000000008002bac        0x4 
 .text.gett     0x0000000008002bb0        0x8 build/obj/serial.o
 *fill*         0x0000000008002bb8        0x8 
 .text.get      0x0000000008002bc0        0xc build/obj/serial.o
 *fill*         0x0000000008002bcc        0x4 
 .text.putt     0x0000000008002bd0        0x8 build/obj/serial.o
 *fill*         0x0000000008002bd8        0x8 
 .text.put      0x0000000008002be0        0xc build/obj/serial.o
 *fill*         0x0000000008002bec        0x4 
 .text.sdInit   0x0000000008002bf0        0x4 build/obj/serial.o
                0x0000000008002bf0                sdInit
 *fill*         0x0000000008002bf4        0xc 
 .text.sdObjectInit
                0x0000000008002c00       0x40 build/obj/serial.o
                0x0000000008002c00                sdObjectInit
 .text.sdStart  0x0000000008002c40       0x1c build/obj/serial.o
                0x0000000008002c40                sdStart
 *fill*         0x0000000008002c5c        0x4 
 .text.sdIncomingDataI
                0x0000000008002c60       0x3c build/obj/serial.o
                0x0000000008002c60                sdIncomingDataI
 *fill*         0x0000000008002c9c        0x4 
 .text.onotify  0x0000000008002ca0       0x5c build/obj/serial_usb.o
 *fill*         0x0000000008002cfc        0x4 
 .text.inotify  0x0000000008002d00       0x6c build/obj/serial_usb.o
 *fill*         0x0000000008002d6c        0x4 
 .text.readt    0x0000000008002d70        0x8 build/obj/serial_usb.o
 *fill*         0x0000000008002d78        0x8 
 .text.read     0x0000000008002d80        0xc build/obj/serial_usb.o
 *fill*         0x0000000008002d8c        0x4 
 .text.writet   0x0000000008002d90        0x8 build/obj/serial_usb.o
 *fill*         0x0000000008002d98        0x8 
 .text.write    0x0000000008002da0        0xc build/obj/serial_usb.o
 *fill*         0x0000000008002dac        0x4 
 .text.gett     0x0000000008002db0        0x8 build/obj/serial_usb.o
 *fill*         0x0000000008002db8        0x8 
 .text.get      0x0000000008002dc0        0xc build/obj/serial_usb.o
 *fill*         0x0000000008002dcc        0x4 
 .text.putt     0x0000000008002dd0        0x8 build/obj/serial_usb.o
 *fill*         0x0000000008002dd8        0x8 
 .text.put      0x0000000008002de0        0xc build/obj/serial_usb.o
 *fill*         0x0000000008002dec        0x4 
 .text.sduInit  0x0000000008002df0        0x4 build/obj/serial_usb.o
                0x0000000008002df0                sduInit
 *fill*         0x0000000008002df4        0xc 
 .text.sduObjectInit
                0x0000000008002e00       0x4c build/obj/serial_usb.o
                0x0000000008002e00                sduObjectInit
 *fill*         0x0000000008002e4c        0x4 
 .text.sduStart
                0x0000000008002e50       0x34 build/obj/serial_usb.o
                0x0000000008002e50                sduStart
 *fill*         0x0000000008002e84        0xc 
 .text.sduConfigureHookI
                0x0000000008002e90       0x4c build/obj/serial_usb.o
                0x0000000008002e90                sduConfigureHookI
 *fill*         0x0000000008002edc        0x4 
 .text.sduRequestsHook
                0x0000000008002ee0       0x40 build/obj/serial_usb.o
                0x0000000008002ee0                sduRequestsHook
 .text.sduDataTransmitted
                0x0000000008002f20       0x6c build/obj/serial_usb.o
                0x0000000008002f20                sduDataTransmitted
 *fill*         0x0000000008002f8c        0x4 
 .text.sduDataReceived
                0x0000000008002f90       0x6c build/obj/serial_usb.o
                0x0000000008002f90                sduDataReceived
 *fill*         0x0000000008002ffc        0x4 
 .text.sduInterruptTransmitted
                0x0000000008003000        0x4 build/obj/serial_usb.o
                0x0000000008003000                sduInterruptTransmitted
 *fill*         0x0000000008003004        0xc 
 .text.spiInit  0x0000000008003010        0x4 build/obj/spi.o
                0x0000000008003010                spiInit
 *fill*         0x0000000008003014        0xc 
 .text.spiObjectInit
                0x0000000008003020       0x10 build/obj/spi.o
                0x0000000008003020                spiObjectInit
 .text.spiStart
                0x0000000008003030       0x1c build/obj/spi.o
                0x0000000008003030                spiStart
 *fill*         0x000000000800304c        0x4 
 .text.spiSelect
                0x0000000008003050       0x14 build/obj/spi.o
                0x0000000008003050                spiSelect
 *fill*         0x0000000008003064        0xc 
 .text.spiUnselect
                0x0000000008003070       0x14 build/obj/spi.o
                0x0000000008003070                spiUnselect
 *fill*         0x0000000008003084        0xc 
 .text.spiExchange
                0x0000000008003090       0x24 build/obj/spi.o
                0x0000000008003090                spiExchange
 *fill*         0x00000000080030b4        0xc 
 .text.spiSend  0x00000000080030c0       0x24 build/obj/spi.o
                0x00000000080030c0                spiSend
 *fill*         0x00000000080030e4        0xc 
 .text.usbInit  0x00000000080030f0        0x4 build/obj/usb.o
                0x00000000080030f0                usbInit
 *fill*         0x00000000080030f4        0xc 
 .text.usbObjectInit
                0x0000000008003100       0x1c build/obj/usb.o
                0x0000000008003100                usbObjectInit
 *fill*         0x000000000800311c        0x4 
 .text.usbStart
                0x0000000008003120       0x24 build/obj/usb.o
                0x0000000008003120                usbStart
 *fill*         0x0000000008003144        0xc 
 .text.usbInitEndpointI
                0x0000000008003150       0x30 build/obj/usb.o
                0x0000000008003150                usbInitEndpointI
 .text.usbPrepareQueuedReceive
                0x0000000008003180       0x1c build/obj/usb.o
                0x0000000008003180                usbPrepareQueuedReceive
 *fill*         0x000000000800319c        0x4 
 .text.usbPrepareQueuedTransmit
                0x00000000080031a0       0x1c build/obj/usb.o
                0x00000000080031a0                usbPrepareQueuedTransmit
 *fill*         0x00000000080031bc        0x4 
 .text.usbStartReceiveI
                0x00000000080031c0       0x24 build/obj/usb.o
                0x00000000080031c0                usbStartReceiveI
 *fill*         0x00000000080031e4        0xc 
 .text.usbStartTransmitI
                0x00000000080031f0       0x24 build/obj/usb.o
                0x00000000080031f0                usbStartTransmitI
 *fill*         0x0000000008003214        0xc 
 .text._usb_reset
                0x0000000008003220       0x28 build/obj/usb.o
                0x0000000008003220                _usb_reset
 *fill*         0x0000000008003248        0x8 
 .text._usb_ep0setup
                0x0000000008003250      0x33c build/obj/usb.o
                0x0000000008003250                _usb_ep0setup
 *fill*         0x000000000800358c        0x4 
 .text._usb_ep0in
                0x0000000008003590       0xe4 build/obj/usb.o
                0x0000000008003590                _usb_ep0in
 *fill*         0x0000000008003674        0xc 
 .text._usb_ep0out
                0x0000000008003680       0x9c build/obj/usb.o
                0x0000000008003680                _usb_ep0out
 *fill*         0x000000000800371c        0x4 
 .text.nvicEnableVector
                0x0000000008003720       0x34 build/obj/nvic.o
                0x0000000008003720                nvicEnableVector
 *fill*         0x0000000008003754        0xc 
 .text.Vector6C
                0x0000000008003760       0x28 build/obj/stm32_dma.o
                0x0000000008003760                Vector6C
 *fill*         0x0000000008003788        0x8 
 .text.Vector70
                0x0000000008003790       0x2c build/obj/stm32_dma.o
                0x0000000008003790                Vector70
 *fill*         0x00000000080037bc        0x4 
 .text.Vector74
                0x00000000080037c0       0x2c build/obj/stm32_dma.o
                0x00000000080037c0                Vector74
 *fill*         0x00000000080037ec        0x4 
 .text.Vector78
                0x00000000080037f0       0x2c build/obj/stm32_dma.o
                0x00000000080037f0                Vector78
 *fill*         0x000000000800381c        0x4 
 .text.Vector7C
                0x0000000008003820       0x28 build/obj/stm32_dma.o
                0x0000000008003820                Vector7C
 *fill*         0x0000000008003848        0x8 
 .text.Vector80
                0x0000000008003850       0x2c build/obj/stm32_dma.o
                0x0000000008003850                Vector80
 *fill*         0x000000000800387c        0x4 
 .text.Vector84
                0x0000000008003880       0x2c build/obj/stm32_dma.o
                0x0000000008003880                Vector84
 *fill*         0x00000000080038ac        0x4 
 .text.VectorFC
                0x00000000080038b0       0x2c build/obj/stm32_dma.o
                0x00000000080038b0                VectorFC
 *fill*         0x00000000080038dc        0x4 
 .text.Vector120
                0x00000000080038e0       0x28 build/obj/stm32_dma.o
                0x00000000080038e0                Vector120
 *fill*         0x0000000008003908        0x8 
 .text.Vector124
                0x0000000008003910       0x2c build/obj/stm32_dma.o
                0x0000000008003910                Vector124
 *fill*         0x000000000800393c        0x4 
 .text.Vector128
                0x0000000008003940       0x2c build/obj/stm32_dma.o
                0x0000000008003940                Vector128
 *fill*         0x000000000800396c        0x4 
 .text.Vector12C
                0x0000000008003970       0x2c build/obj/stm32_dma.o
                0x0000000008003970                Vector12C
 *fill*         0x000000000800399c        0x4 
 .text.Vector130
                0x00000000080039a0       0x28 build/obj/stm32_dma.o
                0x00000000080039a0                Vector130
 *fill*         0x00000000080039c8        0x8 
 .text.Vector150
                0x00000000080039d0       0x2c build/obj/stm32_dma.o
                0x00000000080039d0                Vector150
 *fill*         0x00000000080039fc        0x4 
 .text.Vector154
                0x0000000008003a00       0x2c build/obj/stm32_dma.o
                0x0000000008003a00                Vector154
 *fill*         0x0000000008003a2c        0x4 
 .text.Vector158
                0x0000000008003a30       0x2c build/obj/stm32_dma.o
                0x0000000008003a30                Vector158
 *fill*         0x0000000008003a5c        0x4 
 .text.dmaInit  0x0000000008003a60       0x54 build/obj/stm32_dma.o
                0x0000000008003a60                dmaInit
 *fill*         0x0000000008003ab4        0xc 
 .text.dmaStreamAllocate
                0x0000000008003ac0       0x90 build/obj/stm32_dma.o
                0x0000000008003ac0                dmaStreamAllocate
 .text.hal_lld_init
                0x0000000008003b50       0x64 build/obj/hal_lld.o
                0x0000000008003b50                hal_lld_init
 *fill*         0x0000000008003bb4        0xc 
 .text.stm32_clock_init
                0x0000000008003bc0       0xc0 build/obj/hal_lld.o
                0x0000000008003bc0                stm32_clock_init
 .text.VectorB0
                0x0000000008003c80       0x2c build/obj/st_lld.o
                0x0000000008003c80                VectorB0
 *fill*         0x0000000008003cac        0x4 
 .text.st_lld_init
                0x0000000008003cb0       0x48 build/obj/st_lld.o
                0x0000000008003cb0                st_lld_init
 *fill*         0x0000000008003cf8        0x8 
 .text.adc_lld_serve_rx_interrupt
                0x0000000008003d00      0x118 build/obj/adc_lld.o
 *fill*         0x0000000008003e18        0x8 
 .text.Vector88
                0x0000000008003e20       0x84 build/obj/adc_lld.o
                0x0000000008003e20                Vector88
 *fill*         0x0000000008003ea4        0xc 
 .text.adc_lld_init
                0x0000000008003eb0       0x34 build/obj/adc_lld.o
                0x0000000008003eb0                adc_lld_init
 *fill*         0x0000000008003ee4        0xc 
 .text.adc_lld_start
                0x0000000008003ef0       0x64 build/obj/adc_lld.o
                0x0000000008003ef0                adc_lld_start
 *fill*         0x0000000008003f54        0xc 
 .text.adc_lld_start_conversion
                0x0000000008003f60       0x8c build/obj/adc_lld.o
                0x0000000008003f60                adc_lld_start_conversion
 *fill*         0x0000000008003fec        0x4 
 .text.adcSTM32EnableTSVREFE
                0x0000000008003ff0       0x10 build/obj/adc_lld.o
                0x0000000008003ff0                adcSTM32EnableTSVREFE
 .text._pal_lld_init
                0x0000000008004000      0x1ac build/obj/pal_lld.o
                0x0000000008004000                _pal_lld_init
 *fill*         0x00000000080041ac        0x4 
 .text._pal_lld_setgroupmode
                0x00000000080041b0       0xb8 build/obj/pal_lld.o
                0x00000000080041b0                _pal_lld_setgroupmode
 *fill*         0x0000000008004268        0x8 
 .text.usb_lld_pump
                0x0000000008004270      0x390 build/obj/usb_lld.o
                0x0000000008004270                usb_lld_pump
 .text.otg_disable_ep.isra.0
                0x0000000008004600       0x74 build/obj/usb_lld.o
 *fill*         0x0000000008004674        0xc 
 .text.usb_lld_init
                0x0000000008004680       0x24 build/obj/usb_lld.o
                0x0000000008004680                usb_lld_init
 *fill*         0x00000000080046a4        0xc 
 .text.usb_lld_start
                0x00000000080046b0       0xe4 build/obj/usb_lld.o
                0x00000000080046b0                usb_lld_start
 *fill*         0x0000000008004794        0xc 
 .text.usb_lld_reset
                0x00000000080047a0       0xc4 build/obj/usb_lld.o
                0x00000000080047a0                usb_lld_reset
 *fill*         0x0000000008004864        0xc 
 .text.usb_lld_set_address
                0x0000000008004870       0x18 build/obj/usb_lld.o
                0x0000000008004870                usb_lld_set_address
 *fill*         0x0000000008004888        0x8 
 .text.usb_lld_init_endpoint
                0x0000000008004890      0x164 build/obj/usb_lld.o
                0x0000000008004890                usb_lld_init_endpoint
 *fill*         0x00000000080049f4        0xc 
 .text.usb_lld_get_status_out
                0x0000000008004a00       0x1c build/obj/usb_lld.o
                0x0000000008004a00                usb_lld_get_status_out
 *fill*         0x0000000008004a1c        0x4 
 .text.usb_lld_get_status_in
                0x0000000008004a20       0x1c build/obj/usb_lld.o
                0x0000000008004a20                usb_lld_get_status_in
 *fill*         0x0000000008004a3c        0x4 
 .text.usb_lld_read_setup
                0x0000000008004a40       0x14 build/obj/usb_lld.o
                0x0000000008004a40                usb_lld_read_setup
 *fill*         0x0000000008004a54        0xc 
 .text.usb_lld_prepare_receive
                0x0000000008004a60       0x40 build/obj/usb_lld.o
                0x0000000008004a60                usb_lld_prepare_receive
 .text.otg_epout_handler.constprop.7
                0x0000000008004aa0       0xa0 build/obj/usb_lld.o
 .text.usb_lld_prepare_transmit
                0x0000000008004b40       0x4c build/obj/usb_lld.o
                0x0000000008004b40                usb_lld_prepare_transmit
 *fill*         0x0000000008004b8c        0x4 
 .text.otg_epin_handler.constprop.8
                0x0000000008004b90       0xd4 build/obj/usb_lld.o
 *fill*         0x0000000008004c64        0xc 
 .text.Vector14C
                0x0000000008004c70       0xf4 build/obj/usb_lld.o
                0x0000000008004c70                Vector14C
 *fill*         0x0000000008004d64        0xc 
 .text.usb_lld_start_out
                0x0000000008004d70       0x14 build/obj/usb_lld.o
                0x0000000008004d70                usb_lld_start_out
 *fill*         0x0000000008004d84        0xc 
 .text.usb_lld_start_in
                0x0000000008004d90       0x28 build/obj/usb_lld.o
                0x0000000008004d90                usb_lld_start_in
 *fill*         0x0000000008004db8        0x8 
 .text.usb_lld_stall_out
                0x0000000008004dc0       0x14 build/obj/usb_lld.o
                0x0000000008004dc0                usb_lld_stall_out
 *fill*         0x0000000008004dd4        0xc 
 .text.usb_lld_stall_in
                0x0000000008004de0       0x14 build/obj/usb_lld.o
                0x0000000008004de0                usb_lld_stall_in
 *fill*         0x0000000008004df4        0xc 
 .text.usb_lld_clear_out
                0x0000000008004e00       0x14 build/obj/usb_lld.o
                0x0000000008004e00                usb_lld_clear_out
 *fill*         0x0000000008004e14        0xc 
 .text.usb_lld_clear_in
                0x0000000008004e20       0x14 build/obj/usb_lld.o
                0x0000000008004e20                usb_lld_clear_in
 *fill*         0x0000000008004e34        0xc 
 .text.spi_lld_serve_tx_interrupt
                0x0000000008004e40       0x14 build/obj/spi_lld.o
 *fill*         0x0000000008004e54        0xc 
 .text.spi_lld_serve_rx_interrupt
                0x0000000008004e60       0x80 build/obj/spi_lld.o
 .text.spi_lld_init
                0x0000000008004ee0       0x70 build/obj/spi_lld.o
                0x0000000008004ee0                spi_lld_init
 .text.spi_lld_start
                0x0000000008004f50       0xc4 build/obj/spi_lld.o
                0x0000000008004f50                spi_lld_start
 *fill*         0x0000000008005014        0xc 
 .text.spi_lld_select
                0x0000000008005020       0x10 build/obj/spi_lld.o
                0x0000000008005020                spi_lld_select
 .text.spi_lld_unselect
                0x0000000008005030       0x10 build/obj/spi_lld.o
                0x0000000008005030                spi_lld_unselect
 .text.spi_lld_exchange
                0x0000000008005040       0x38 build/obj/spi_lld.o
                0x0000000008005040                spi_lld_exchange
 *fill*         0x0000000008005078        0x8 
 .text.spi_lld_send
                0x0000000008005080       0x38 build/obj/spi_lld.o
                0x0000000008005080                spi_lld_send
 *fill*         0x00000000080050b8        0x8 
 .text.VectorB4
                0x00000000080050c0       0x34 build/obj/gpt_lld.o
                0x00000000080050c0                VectorB4
 *fill*         0x00000000080050f4        0xc 
 .text.gpt_lld_init
                0x0000000008005100       0x14 build/obj/gpt_lld.o
                0x0000000008005100                gpt_lld_init
 *fill*         0x0000000008005114        0xc 
 .text.gpt_lld_start
                0x0000000008005120       0x68 build/obj/gpt_lld.o
                0x0000000008005120                gpt_lld_start
 *fill*         0x0000000008005188        0x8 
 .text.gpt_lld_start_timer
                0x0000000008005190       0x24 build/obj/gpt_lld.o
                0x0000000008005190                gpt_lld_start_timer
 *fill*         0x00000000080051b4        0xc 
 .text.VectorB8
                0x00000000080051c0       0x64 build/obj/pwm_lld.o
                0x00000000080051c0                VectorB8
 *fill*         0x0000000008005224        0xc 
 .text.pwm_lld_init
                0x0000000008005230       0x1c build/obj/pwm_lld.o
                0x0000000008005230                pwm_lld_init
 *fill*         0x000000000800524c        0x4 
 .text.pwm_lld_start
                0x0000000008005250       0xe4 build/obj/pwm_lld.o
                0x0000000008005250                pwm_lld_start
 *fill*         0x0000000008005334        0xc 
 .text.pwm_lld_enable_channel
                0x0000000008005340        0xc build/obj/pwm_lld.o
                0x0000000008005340                pwm_lld_enable_channel
 *fill*         0x000000000800534c        0x4 
 .text.notify2  0x0000000008005350       0x10 build/obj/serial_lld.o
 .text.VectorD8
                0x0000000008005360      0x134 build/obj/serial_lld.o
                0x0000000008005360                VectorD8
 *fill*         0x0000000008005494        0xc 
 .text.sd_lld_init
                0x00000000080054a0       0x20 build/obj/serial_lld.o
                0x00000000080054a0                sd_lld_init
 .text.sd_lld_start
                0x00000000080054c0       0x98 build/obj/serial_lld.o
                0x00000000080054c0                sd_lld_start
 *fill*         0x0000000008005558        0x8 
 .text.__early_init
                0x0000000008005560        0x4 build/obj/board.o
                0x0000000008005560                __early_init
 *fill*         0x0000000008005564        0xc 
 .text.boardInit
                0x0000000008005570        0x4 build/obj/board.o
                0x0000000008005570                boardInit
 *fill*         0x0000000008005574        0xc 
 .text.tmr      0x0000000008005580        0xc build/obj/test.o
 *fill*         0x000000000800558c        0x4 
 .text.print_line
                0x0000000008005590       0x2c build/obj/test.o
 *fill*         0x00000000080055bc        0x4 
 .text.test_printn
                0x00000000080055c0       0x60 build/obj/test.o
                0x00000000080055c0                test_printn
 .text.test_print
                0x0000000008005620       0x24 build/obj/test.o
                0x0000000008005620                test_print
 *fill*         0x0000000008005644        0xc 
 .text.test_println
                0x0000000008005650       0x38 build/obj/test.o
                0x0000000008005650                test_println
 *fill*         0x0000000008005688        0x8 
 .text.test_emit_token
                0x0000000008005690       0x1c build/obj/test.o
                0x0000000008005690                test_emit_token
 *fill*         0x00000000080056ac        0x4 
 .text._test_assert
                0x00000000080056b0       0x2c build/obj/test.o
                0x00000000080056b0                _test_assert
 *fill*         0x00000000080056dc        0x4 
 .text._test_assert_sequence
                0x00000000080056e0       0x50 build/obj/test.o
                0x00000000080056e0                _test_assert_sequence
 .text._test_assert_time_window
                0x0000000008005730       0x3c build/obj/test.o
                0x0000000008005730                _test_assert_time_window
 *fill*         0x000000000800576c        0x4 
 .text.test_terminate_threads
                0x0000000008005770       0x20 build/obj/test.o
                0x0000000008005770                test_terminate_threads
 .text.test_wait_threads
                0x0000000008005790       0x20 build/obj/test.o
                0x0000000008005790                test_wait_threads
 .text.test_wait_tick
                0x00000000080057b0       0x1c build/obj/test.o
                0x00000000080057b0                test_wait_tick
 *fill*         0x00000000080057cc        0x4 
 .text.test_start_timer
                0x00000000080057d0       0x50 build/obj/test.o
                0x00000000080057d0                test_start_timer
 .text.TestThread
                0x0000000008005820      0x30c build/obj/test.o
                0x0000000008005820                TestThread
 *fill*         0x0000000008005b2c        0x4 
 .text.thd1_execute
                0x0000000008005b30       0xc8 build/obj/testthd.o
 *fill*         0x0000000008005bf8        0x8 
 .text.thread   0x0000000008005c00        0x8 build/obj/testthd.o
 *fill*         0x0000000008005c08        0x8 
 .text.thd2_execute
                0x0000000008005c10       0xd8 build/obj/testthd.o
 *fill*         0x0000000008005ce8        0x8 
 .text.thd3_execute
                0x0000000008005cf0      0x12c build/obj/testthd.o
 *fill*         0x0000000008005e1c        0x4 
 .text.thd4_execute
                0x0000000008005e20       0xa0 build/obj/testthd.o
 .text.sem1_execute
                0x0000000008005ec0      0x154 build/obj/testsem.o
 *fill*         0x0000000008006014        0xc 
 .text.thread3  0x0000000008006020       0x18 build/obj/testsem.o
 *fill*         0x0000000008006038        0x8 
 .text.thread1  0x0000000008006040       0x18 build/obj/testsem.o
 *fill*         0x0000000008006058        0x8 
 .text.sem3_setup
                0x0000000008006060        0xc build/obj/testsem.o
 *fill*         0x000000000800606c        0x4 
 .text.sem2_setup
                0x0000000008006070        0x4 build/obj/testsem.o
 *fill*         0x0000000008006074        0xc 
 .text.sem1_setup
                0x0000000008006080        0x4 build/obj/testsem.o
 *fill*         0x0000000008006084        0xc 
 .text.thread2  0x0000000008006090       0x28 build/obj/testsem.o
 *fill*         0x00000000080060b8        0x8 
 .text.sem2_execute
                0x00000000080060c0      0x154 build/obj/testsem.o
 *fill*         0x0000000008006214        0xc 
 .text.sem3_execute
                0x0000000008006220       0x98 build/obj/testsem.o
 *fill*         0x00000000080062b8        0x8 
 .text.thread4  0x00000000080062c0       0x2c build/obj/testsem.o
 *fill*         0x00000000080062ec        0x4 
 .text.sem4_execute
                0x00000000080062f0      0x150 build/obj/testsem.o
 .text.mtx1_execute
                0x0000000008006440       0xdc build/obj/testmtx.o
 *fill*         0x000000000800651c        0x4 
 .text.thread1  0x0000000008006520       0x20 build/obj/testmtx.o
 .text.thread12
                0x0000000008006540       0x20 build/obj/testmtx.o
 .text.mtx4_setup
                0x0000000008006560       0x1c build/obj/testmtx.o
 *fill*         0x000000000800657c        0x4 
 .text.mtx5_setup
                0x0000000008006580        0xc build/obj/testmtx.o
 *fill*         0x000000000800658c        0x4 
 .text.mtx1_setup
                0x0000000008006590        0x4 build/obj/testmtx.o
 *fill*         0x0000000008006594        0xc 
 .text.thread4b
                0x00000000080065a0       0x20 build/obj/testmtx.o
 .text.thread4a
                0x00000000080065c0       0x20 build/obj/testmtx.o
 .text.mtx4_execute
                0x00000000080065e0      0x26c build/obj/testmtx.o
 *fill*         0x000000000800684c        0x4 
 .text.mtx5_execute
                0x0000000008006850       0xb8 build/obj/testmtx.o
 *fill*         0x0000000008006908        0x8 
 .text.mtx6_execute
                0x0000000008006910       0xec build/obj/testmtx.o
 *fill*         0x00000000080069fc        0x4 
 .text.thread10
                0x0000000008006a00       0x2c build/obj/testmtx.o
 *fill*         0x0000000008006a2c        0x4 
 .text.mtx7_setup
                0x0000000008006a30       0x1c build/obj/testmtx.o
 *fill*         0x0000000008006a4c        0x4 
 .text.mtx6_setup
                0x0000000008006a50        0x4 build/obj/testmtx.o
 *fill*         0x0000000008006a54        0xc 
 .text.mtx8_setup
                0x0000000008006a60       0x24 build/obj/testmtx.o
 *fill*         0x0000000008006a84        0xc 
 .text.mtx7_execute
                0x0000000008006a90       0xc0 build/obj/testmtx.o
 .text.mtx8_execute
                0x0000000008006b50       0x9c build/obj/testmtx.o
 *fill*         0x0000000008006bec        0x4 
 .text.thread11
                0x0000000008006bf0       0x40 build/obj/testmtx.o
 .text.msg1_execute
                0x0000000008006c30       0x78 build/obj/testmsg.o
 *fill*         0x0000000008006ca8        0x8 
 .text.thread   0x0000000008006cb0       0x20 build/obj/testmsg.o
 .text.mbox1_execute
                0x0000000008006cd0      0x5c4 build/obj/testmbox.o
 *fill*         0x0000000008007294        0xc 
 .text.mbox1_setup
                0x00000000080072a0       0x14 build/obj/testmbox.o
 *fill*         0x00000000080072b4        0xc 
 .text.h3       0x00000000080072c0        0x8 build/obj/testevt.o
 *fill*         0x00000000080072c8        0x8 
 .text.h2       0x00000000080072d0        0x8 build/obj/testevt.o
 *fill*         0x00000000080072d8        0x8 
 .text.h1       0x00000000080072e0        0x8 build/obj/testevt.o
 *fill*         0x00000000080072e8        0x8 
 .text.evt1_execute
                0x00000000080072f0       0x8c build/obj/testevt.o
 *fill*         0x000000000800737c        0x4 
 .text.evt3_setup
                0x0000000008007380        0x8 build/obj/testevt.o
 *fill*         0x0000000008007388        0x8 
 .text.evt2_setup
                0x0000000008007390        0x4 build/obj/testevt.o
 *fill*         0x0000000008007394        0xc 
 .text.evt1_setup
                0x00000000080073a0        0x4 build/obj/testevt.o
 *fill*         0x00000000080073a4        0xc 
 .text.thread2  0x00000000080073b0       0x28 build/obj/testevt.o
 *fill*         0x00000000080073d8        0x8 
 .text.thread1  0x00000000080073e0       0x18 build/obj/testevt.o
 *fill*         0x00000000080073f8        0x8 
 .text.evt2_execute
                0x0000000008007400      0x298 build/obj/testevt.o
 *fill*         0x0000000008007698        0x8 
 .text.evt3_execute
                0x00000000080076a0       0xa0 build/obj/testevt.o
 .text.heap1_execute
                0x0000000008007740      0x24c build/obj/testheap.o
 *fill*         0x000000000800798c        0x4 
 .text.heap1_setup
                0x0000000008007990       0x14 build/obj/testheap.o
 *fill*         0x00000000080079a4        0xc 
 .text.null_provider
                0x00000000080079b0        0x4 build/obj/testpools.o
 *fill*         0x00000000080079b4        0xc 
 .text.pools1_setup
                0x00000000080079c0       0x10 build/obj/testpools.o
 .text.pools1_execute
                0x00000000080079d0       0xc8 build/obj/testpools.o
 *fill*         0x0000000008007a98        0x8 
 .text.dyn1_execute
                0x0000000008007aa0       0xf4 build/obj/testdyn.o
 *fill*         0x0000000008007b94        0xc 
 .text.thread   0x0000000008007ba0        0x8 build/obj/testdyn.o
 *fill*         0x0000000008007ba8        0x8 
 .text.dyn3_setup
                0x0000000008007bb0       0x14 build/obj/testdyn.o
 *fill*         0x0000000008007bc4        0xc 
 .text.dyn1_setup
                0x0000000008007bd0        0x4 build/obj/testdyn.o
 *fill*         0x0000000008007bd4        0xc 
 .text.dyn2_execute
                0x0000000008007be0       0xf8 build/obj/testdyn.o
 *fill*         0x0000000008007cd8        0x8 
 .text.dyn2_setup
                0x0000000008007ce0       0x10 build/obj/testdyn.o
 .text.regfind  0x0000000008007cf0       0x24 build/obj/testdyn.o
 *fill*         0x0000000008007d14        0xc 
 .text.dyn3_execute
                0x0000000008007d20      0x134 build/obj/testdyn.o
 *fill*         0x0000000008007e54        0xc 
 .text.notify   0x0000000008007e60        0x4 build/obj/testqueues.o
 *fill*         0x0000000008007e64        0xc 
 .text.thread1  0x0000000008007e70       0x10 build/obj/testqueues.o
 .text.queues1_setup
                0x0000000008007e80       0x28 build/obj/testqueues.o
 *fill*         0x0000000008007ea8        0x8 
 .text.thread2  0x0000000008007eb0       0x10 build/obj/testqueues.o
 .text.queues2_setup
                0x0000000008007ec0       0x28 build/obj/testqueues.o
 *fill*         0x0000000008007ee8        0x8 
 .text.queues1_execute
                0x0000000008007ef0      0x264 build/obj/testqueues.o
 *fill*         0x0000000008008154        0xc 
 .text.queues2_execute
                0x0000000008008160      0x238 build/obj/testqueues.o
 *fill*         0x0000000008008398        0x8 
 .text.sys2_execute
                0x00000000080083a0       0x1c build/obj/testsys.o
 *fill*         0x00000000080083bc        0x4 
 .text.vtcb     0x00000000080083c0       0x20 build/obj/testsys.o
 .text.sys3_execute
                0x00000000080083e0       0x84 build/obj/testsys.o
 *fill*         0x0000000008008464        0xc 
 .text.sys1_execute
                0x0000000008008470       0xa8 build/obj/testsys.o
 *fill*         0x0000000008008518        0x8 
 .text.tmo      0x0000000008008520        0x4 build/obj/testbmk.o
 *fill*         0x0000000008008524        0xc 
 .text.bmk13_execute
                0x0000000008008530       0xec build/obj/testbmk.o
 *fill*         0x000000000800861c        0x4 
 .text.thread2  0x0000000008008620       0x14 build/obj/testbmk.o
 *fill*         0x0000000008008634        0xc 
 .text.bmk6_execute
                0x0000000008008640       0x74 build/obj/testbmk.o
 *fill*         0x00000000080086b4        0xc 
 .text.msg_loop_test
                0x00000000080086c0       0x34 build/obj/testbmk.o
 *fill*         0x00000000080086f4        0xc 
 .text.bmk1_execute
                0x0000000008008700       0x6c build/obj/testbmk.o
 *fill*         0x000000000800876c        0x4 
 .text.bmk2_execute
                0x0000000008008770       0x6c build/obj/testbmk.o
 *fill*         0x00000000080087dc        0x4 
 .text.bmk3_execute
                0x00000000080087e0       0xd8 build/obj/testbmk.o
 *fill*         0x00000000080088b8        0x8 
 .text.thread1  0x00000000080088c0        0x4 build/obj/testbmk.o
 *fill*         0x00000000080088c4        0xc 
 .text.bmk4_execute
                0x00000000080088d0       0xb8 build/obj/testbmk.o
 *fill*         0x0000000008008988        0x8 
 .text.thread4  0x0000000008008990       0x24 build/obj/testbmk.o
 *fill*         0x00000000080089b4        0xc 
 .text.bmk5_execute
                0x00000000080089c0       0x78 build/obj/testbmk.o
 *fill*         0x0000000008008a38        0x8 
 .text.bmk7_execute
                0x0000000008008a40      0x10c build/obj/testbmk.o
 *fill*         0x0000000008008b4c        0x4 
 .text.thread3  0x0000000008008b50       0x28 build/obj/testbmk.o
 *fill*         0x0000000008008b78        0x8 
 .text.bmk7_setup
                0x0000000008008b80        0xc build/obj/testbmk.o
 *fill*         0x0000000008008b8c        0x4 
 .text.bmk11_setup
                0x0000000008008b90        0xc build/obj/testbmk.o
 *fill*         0x0000000008008b9c        0x4 
 .text.bmk8_execute
                0x0000000008008ba0       0xdc build/obj/testbmk.o
 *fill*         0x0000000008008c7c        0x4 
 .text.thread8  0x0000000008008c80       0x2c build/obj/testbmk.o
 *fill*         0x0000000008008cac        0x4 
 .text.bmk9_execute
                0x0000000008008cb0       0xac build/obj/testbmk.o
 *fill*         0x0000000008008d5c        0x4 
 .text.bmk10_execute
                0x0000000008008d60       0x88 build/obj/testbmk.o
 *fill*         0x0000000008008de8        0x8 
 .text.bmk11_execute
                0x0000000008008df0       0x74 build/obj/testbmk.o
 *fill*         0x0000000008008e64        0xc 
 .text.bmk12_execute
                0x0000000008008e70       0x74 build/obj/testbmk.o
 *fill*         0x0000000008008ee4        0xc 
 .text.bmk12_setup
                0x0000000008008ef0        0xc build/obj/testbmk.o
 *fill*         0x0000000008008efc        0x4 
 .text.lis302dlReadRegister
                0x0000000008008f00       0x38 build/obj/lis302dl.o
                0x0000000008008f00                lis302dlReadRegister
 *fill*         0x0000000008008f38        0x8 
 .text.lis302dlWriteRegister
                0x0000000008008f40       0x48 build/obj/lis302dl.o
                0x0000000008008f40                lis302dlWriteRegister
 *fill*         0x0000000008008f88        0x8 
 .text.chprintf
                0x0000000008008f90       0x1c build/obj/shell.o
 *fill*         0x0000000008008fac        0x4 
 .text.cmd_systime
                0x0000000008008fb0       0x30 build/obj/shell.o
 .text.cmd_info
                0x0000000008008fe0       0xbc build/obj/shell.o
 *fill*         0x000000000800909c        0x4 
 .text._strtok.constprop.2
                0x00000000080090a0       0x44 build/obj/shell.o
 *fill*         0x00000000080090e4        0xc 
 .text.shellInit
                0x00000000080090f0        0xc build/obj/shell.o
                0x00000000080090f0                shellInit
 *fill*         0x00000000080090fc        0x4 
 .text.shellCreate
                0x0000000008009100       0x18 build/obj/shell.o
                0x0000000008009100                shellCreate
 *fill*         0x0000000008009118        0x8 
 .text.shellGetLine
                0x0000000008009120       0xa0 build/obj/shell.o
                0x0000000008009120                shellGetLine
 .text.shell_thread
                0x00000000080091c0      0x1bc build/obj/shell.o
 *fill*         0x000000000800937c        0x4 
 .text.chvprintf
                0x0000000008009380      0x518 build/obj/chprintf.o
                0x0000000008009380                chvprintf
 *fill*         0x0000000008009898        0x8 
 .text.get_descriptor
                0x00000000080098a0       0x30 build/obj/usbcfg.o
 .text.usb_event
                0x00000000080098d0       0x40 build/obj/usbcfg.o
 .text.adcerrorcallback
                0x0000000008009910        0x4 build/obj/main.o
 *fill*         0x0000000008009914        0xc 
 .text.gpt3cb   0x0000000008009920       0x10 build/obj/main.o
 .text.adccallback
                0x0000000008009930       0x2c build/obj/main.o
 *fill*         0x000000000800995c        0x4 
 .text.chprintf
                0x0000000008009960       0x1c build/obj/main.o
 *fill*         0x000000000800997c        0x4 
 .text.Thread2  0x0000000008009980       0x84 build/obj/main.o
 *fill*         0x0000000008009a04        0xc 
 .text.Thread1  0x0000000008009a10      0x15c build/obj/main.o
 *fill*         0x0000000008009b6c        0x4 
 .text.cmd_test
                0x0000000008009b70       0x50 build/obj/main.o
 .text.cmd_threads
                0x0000000008009bc0       0x60 build/obj/main.o
 .text.cmd_mem  0x0000000008009c20       0x54 build/obj/main.o
 *fill*         0x0000000008009c74        0xc 
 .text.startADC
                0x0000000008009c80       0x48 build/obj/main.o
                0x0000000008009c80                startADC
 *fill*         0x0000000008009cc8        0x8 
 .text.startup.main
                0x0000000008009cd0      0x1ec build/obj/main.o
                0x0000000008009cd0                main
 *fill*         0x0000000008009ebc        0x4 
 .text.strcasecmp
                0x0000000008009ec0       0x48 /usr/bin/../lib/gcc/arm-none-eabi/6.2.1/../../../../arm-none-eabi/lib/thumb/v7e-m/libg.a(lib_a-strcasecmp.o)
                0x0000000008009ec0                strcasecmp
 *fill*         0x0000000008009f08        0x8 
 .text.strpbrk  0x0000000008009f10       0x44 /usr/bin/../lib/gcc/arm-none-eabi/6.2.1/../../../../arm-none-eabi/lib/thumb/v7e-m/libg.a(lib_a-strpbrk.o)
                0x0000000008009f10                strpbrk
 *fill*         0x0000000008009f54        0xc 
 .text.strspn   0x0000000008009f60       0x34 /usr/bin/../lib/gcc/arm-none-eabi/6.2.1/../../../../arm-none-eabi/lib/thumb/v7e-m/libg.a(lib_a-strspn.o)
                0x0000000008009f60                strspn
 *fill*         0x0000000008009f94        0xc 
 .text.__locale_ctype_ptr
                0x0000000008009fa0       0x1c /usr/bin/../lib/gcc/arm-none-eabi/6.2.1/../../../../arm-none-eabi/lib/thumb/v7e-m/libg.a(lib_a-locale.o)
                0x0000000008009fa0                __locale_ctype_ptr
 *fill*         0x0000000008009fbc        0x4 
 .text.__ascii_mbtowc
                0x0000000008009fc0       0x2c /usr/bin/../lib/gcc/arm-none-eabi/6.2.1/../../../../arm-none-eabi/lib/thumb/v7e-m/libg.a(lib_a-mbtowc_r.o)
                0x0000000008009fc0                __ascii_mbtowc
 *fill*         0x0000000008009fec        0x4 
 .text.__ascii_wctomb
                0x0000000008009ff0       0x1c /usr/bin/../lib/gcc/arm-none-eabi/6.2.1/../../../../arm-none-eabi/lib/thumb/v7e-m/libg.a(lib_a-wctomb_r.o)
                0x0000000008009ff0                __ascii_wctomb
 *(.rodata)
 *(.rodata.*)
 *fill*         0x000000000800a00c        0x4 
 .rodata._idle_thread.str1.4
                0x000000000800a010        0x5 build/obj/chsys.o
 *fill*         0x000000000800a015        0xb 
 .rodata.ch_debug
                0x000000000800a020       0x16 build/obj/chregistry.o
                0x000000000800a020                ch_debug
 *fill*         0x000000000800a036        0xa 
 .rodata.vmt    0x000000000800a040       0x20 build/obj/serial.o
 .rodata.vmt    0x000000000800a060       0x20 build/obj/serial_usb.o
 .rodata.active_status
                0x000000000800a080        0x2 build/obj/usb.o
 *fill*         0x000000000800a082        0xe 
 .rodata.halted_status
                0x000000000800a090        0x2 build/obj/usb.o
 *fill*         0x000000000800a092        0xe 
 .rodata.zero_status
                0x000000000800a0a0        0x2 build/obj/usb.o
 *fill*         0x000000000800a0a2        0xe 
 .rodata._stm32_dma_streams
                0x000000000800a0b0       0xc0 build/obj/stm32_dma.o
                0x000000000800a0b0                _stm32_dma_streams
 .rodata.ep0config
                0x000000000800a170       0x24 build/obj/usb_lld.o
 *fill*         0x000000000800a194        0xc 
 .rodata.fsparams
                0x000000000800a1a0        0xc build/obj/usb_lld.o
 *fill*         0x000000000800a1ac        0x4 
 .rodata.usb_lld_pump.str1.4
                0x000000000800a1b0        0xd build/obj/usb_lld.o
 *fill*         0x000000000800a1bd        0x3 
 .rodata.spi_lld_serve_tx_interrupt.str1.4
                0x000000000800a1c0        0xc build/obj/spi_lld.o
 *fill*         0x000000000800a1cc        0x4 
 .rodata.default_config
                0x000000000800a1d0        0xc build/obj/serial_lld.o
 *fill*         0x000000000800a1dc        0x4 
 .rodata.pal_default_config
                0x000000000800a1e0       0xfc build/obj/board.o
                0x000000000800a1e0                pal_default_config
 *fill*         0x000000000800a2dc        0x4 
 .rodata.TestThread.str1.4
                0x000000000800a2e0      0x210 build/obj/test.o
                                        0x21c (size before relaxing)
 .rodata.patterns
                0x000000000800a4f0       0x34 build/obj/test.o
 .rodata.print_line.str1.4
                0x000000000800a524      0x210 build/obj/test.o
                                          0x3 (size before relaxing)
 *fill*         0x000000000800a524        0xc 
 .rodata.wa     0x000000000800a530       0x14 build/obj/test.o
                0x000000000800a530                wa
 *fill*         0x000000000800a544        0xc 
 .rodata.patternthd
                0x000000000800a550       0x14 build/obj/testthd.o
                0x000000000800a550                patternthd
 *fill*         0x000000000800a564        0xc 
 .rodata.str1.4
                0x000000000800a570       0x63 build/obj/testthd.o
 *fill*         0x000000000800a5d3        0xd 
 .rodata.testthd1
                0x000000000800a5e0       0x10 build/obj/testthd.o
                0x000000000800a5e0                testthd1
 .rodata.testthd2
                0x000000000800a5f0       0x10 build/obj/testthd.o
                0x000000000800a5f0                testthd2
 .rodata.testthd3
                0x000000000800a600       0x10 build/obj/testthd.o
                0x000000000800a600                testthd3
 .rodata.testthd4
                0x000000000800a610       0x10 build/obj/testthd.o
                0x000000000800a610                testthd4
 .rodata.thd1_execute.str1.4
                0x000000000800a620       0x12 build/obj/testthd.o
                                         0x1a (size before relaxing)
 *fill*         0x000000000800a632        0xe 
 .rodata.patternsem
                0x000000000800a640       0x14 build/obj/testsem.o
                0x000000000800a640                patternsem
 .rodata.sem1_execute.str1.4
                0x000000000800a654       0x1a build/obj/testsem.o
 *fill*         0x000000000800a654        0xc 
 .rodata.str1.4
                0x000000000800a660       0x6e build/obj/testsem.o
 *fill*         0x000000000800a6ce        0x2 
 .rodata.testsem1
                0x000000000800a6d0       0x10 build/obj/testsem.o
                0x000000000800a6d0                testsem1
 .rodata.testsem2
                0x000000000800a6e0       0x10 build/obj/testsem.o
                0x000000000800a6e0                testsem2
 .rodata.testsem3
                0x000000000800a6f0       0x10 build/obj/testsem.o
                0x000000000800a6f0                testsem3
 .rodata.testsem4
                0x000000000800a700       0x10 build/obj/testsem.o
                0x000000000800a700                testsem4
 .rodata.mtx1_execute.str1.4
                0x000000000800a710       0x1a build/obj/testmtx.o
 .rodata.mtx8_execute.str1.4
                0x000000000800a710        0x4 build/obj/testmtx.o
 *fill*         0x000000000800a714        0xc 
 .rodata.patternmtx
                0x000000000800a720       0x1c build/obj/testmtx.o
                0x000000000800a720                patternmtx
 *fill*         0x000000000800a73c        0x4 
 .rodata.str1.4
                0x000000000800a740       0x91 build/obj/testmtx.o
 *fill*         0x000000000800a7d1        0xf 
 .rodata.testmtx1
                0x000000000800a7e0       0x10 build/obj/testmtx.o
                0x000000000800a7e0                testmtx1
 .rodata.testmtx4
                0x000000000800a7f0       0x10 build/obj/testmtx.o
                0x000000000800a7f0                testmtx4
 .rodata.testmtx5
                0x000000000800a800       0x10 build/obj/testmtx.o
                0x000000000800a800                testmtx5
 .rodata.testmtx6
                0x000000000800a810       0x10 build/obj/testmtx.o
                0x000000000800a810                testmtx6
 .rodata.testmtx7
                0x000000000800a820       0x10 build/obj/testmtx.o
                0x000000000800a820                testmtx7
 .rodata.testmtx8
                0x000000000800a830       0x10 build/obj/testmtx.o
                0x000000000800a830                testmtx8
 .rodata.msg1_execute.str1.4
                0x000000000800a840        0x4 build/obj/testmsg.o
 .rodata.patternmsg
                0x000000000800a840        0x8 build/obj/testmsg.o
                0x000000000800a840                patternmsg
 *fill*         0x000000000800a848        0x8 
 .rodata.str1.4
                0x000000000800a850        0xf build/obj/testmsg.o
 *fill*         0x000000000800a85f        0x1 
 .rodata.testmsg1
                0x000000000800a860       0x10 build/obj/testmsg.o
                0x000000000800a860                testmsg1
 .rodata.mbox1_execute.str1.4
                0x000000000800a870        0x6 build/obj/testmbox.o
 .rodata.patternmbox
                0x000000000800a870        0x8 build/obj/testmbox.o
                0x000000000800a870                patternmbox
 *fill*         0x000000000800a878        0x8 
 .rodata.str1.4
                0x000000000800a880       0x20 build/obj/testmbox.o
 .rodata.testmbox1
                0x000000000800a8a0       0x10 build/obj/testmbox.o
                0x000000000800a8a0                testmbox1
 .rodata.evhndl
                0x000000000800a8b0        0xc build/obj/testevt.o
 .rodata.evt1_execute.str1.4
                0x000000000800a8bc        0x4 build/obj/testevt.o
 .rodata.evt2_execute.str1.4
                0x000000000800a8bc        0x2 build/obj/testevt.o
 *fill*         0x000000000800a8bc        0x4 
 .rodata.patternevt
                0x000000000800a8c0       0x10 build/obj/testevt.o
                0x000000000800a8c0                patternevt
 .rodata.str1.4
                0x000000000800a8d0       0x52 build/obj/testevt.o
 *fill*         0x000000000800a922        0xe 
 .rodata.testevt1
                0x000000000800a930       0x10 build/obj/testevt.o
                0x000000000800a930                testevt1
 .rodata.testevt2
                0x000000000800a940       0x10 build/obj/testevt.o
                0x000000000800a940                testevt2
 .rodata.testevt3
                0x000000000800a950       0x10 build/obj/testevt.o
                0x000000000800a950                testevt3
 .rodata.patternheap
                0x000000000800a960        0x8 build/obj/testheap.o
                0x000000000800a960                patternheap
 *fill*         0x000000000800a968        0x8 
 .rodata.str1.4
                0x000000000800a970       0x28 build/obj/testheap.o
 *fill*         0x000000000800a998        0x8 
 .rodata.testheap1
                0x000000000800a9a0       0x10 build/obj/testheap.o
                0x000000000800a9a0                testheap1
 .rodata.patternpools
                0x000000000800a9b0        0x8 build/obj/testpools.o
                0x000000000800a9b0                patternpools
 *fill*         0x000000000800a9b8        0x8 
 .rodata.str1.4
                0x000000000800a9c0       0x1c build/obj/testpools.o
 *fill*         0x000000000800a9dc        0x4 
 .rodata.testpools1
                0x000000000800a9e0       0x10 build/obj/testpools.o
                0x000000000800a9e0                testpools1
 .rodata.dyn1_execute.str1.4
                0x000000000800a9f0        0x3 build/obj/testdyn.o
                                          0xf (size before relaxing)
 *fill*         0x000000000800a9f3        0xd 
 .rodata.dyn2_execute.str1.4
                0x000000000800aa00        0x5 build/obj/testdyn.o
                                          0xd (size before relaxing)
 *fill*         0x000000000800aa05        0xb 
 .rodata.patterndyn
                0x000000000800aa10       0x10 build/obj/testdyn.o
                0x000000000800aa10                patterndyn
 .rodata.str1.4
                0x000000000800aa20       0x81 build/obj/testdyn.o
 *fill*         0x000000000800aaa1        0xf 
 .rodata.testdyn1
                0x000000000800aab0       0x10 build/obj/testdyn.o
                0x000000000800aab0                testdyn1
 .rodata.testdyn2
                0x000000000800aac0       0x10 build/obj/testdyn.o
                0x000000000800aac0                testdyn2
 .rodata.testdyn3
                0x000000000800aad0       0x10 build/obj/testdyn.o
                0x000000000800aad0                testdyn3
 .rodata.patternqueues
                0x000000000800aae0        0xc build/obj/testqueues.o
                0x000000000800aae0                patternqueues
 .rodata.queues1_execute.str1.4
                0x000000000800aaec        0x5 build/obj/testqueues.o
 *fill*         0x000000000800aaec        0x4 
 .rodata.str1.4
                0x000000000800aaf0       0x2d build/obj/testqueues.o
 *fill*         0x000000000800ab1d        0x3 
 .rodata.testqueues1
                0x000000000800ab20       0x10 build/obj/testqueues.o
                0x000000000800ab20                testqueues1
 .rodata.testqueues2
                0x000000000800ab30       0x10 build/obj/testqueues.o
                0x000000000800ab30                testqueues2
 .rodata.patternsys
                0x000000000800ab40       0x10 build/obj/testsys.o
                0x000000000800ab40                patternsys
 .rodata.str1.4
                0x000000000800ab50       0x47 build/obj/testsys.o
 *fill*         0x000000000800ab97        0x9 
 .rodata.testsys1
                0x000000000800aba0       0x10 build/obj/testsys.o
                0x000000000800aba0                testsys1
 .rodata.testsys2
                0x000000000800abb0       0x10 build/obj/testsys.o
                0x000000000800abb0                testsys2
 .rodata.testsys3
                0x000000000800abc0       0x10 build/obj/testsys.o
                0x000000000800abc0                testsys3
 .rodata.bmk10_execute.str1.4
                0x000000000800abd0        0xa build/obj/testbmk.o
 *fill*         0x000000000800abda        0x6 
 .rodata.bmk11_execute.str1.4
                0x000000000800abe0        0xf build/obj/testbmk.o
 *fill*         0x000000000800abef        0x1 
 .rodata.bmk12_execute.str1.4
                0x000000000800abf0        0xf build/obj/testbmk.o
 *fill*         0x000000000800abff        0x1 
 .rodata.bmk13_execute.str1.4
                0x000000000800ac00       0xa5 build/obj/testbmk.o
 *fill*         0x000000000800aca5        0xb 
 .rodata.bmk1_execute.str1.4
                0x000000000800acb0       0x16 build/obj/testbmk.o
 *fill*         0x000000000800acc6        0xa 
 .rodata.bmk6_execute.str1.4
                0x000000000800acd0       0x1b build/obj/testbmk.o
 *fill*         0x000000000800aceb        0x5 
 .rodata.bmk7_execute.str1.4
                0x000000000800acf0       0x11 build/obj/testbmk.o
 *fill*         0x000000000800ad01        0xf 
 .rodata.bmk9_execute.str1.4
                0x000000000800ad10        0x9 build/obj/testbmk.o