Archive member included to satisfy reference by file (symbol)

/usr/bin/../lib/gcc/arm-none-eabi/5.3.1/armv7e-m/libgcc.a(_arm_addsubdf3.o)
                              build/obj/chprintf.o (__aeabi_dsub)
/usr/bin/../lib/gcc/arm-none-eabi/5.3.1/armv7e-m/libgcc.a(_arm_muldivdf3.o)
                              build/obj/chprintf.o (__aeabi_dmul)
/usr/bin/../lib/gcc/arm-none-eabi/5.3.1/armv7e-m/libgcc.a(_arm_fixdfsi.o)
                              build/obj/chprintf.o (__aeabi_d2iz)
/usr/bin/../lib/gcc/arm-none-eabi/5.3.1/armv7e-m/libgcc.a(_arm_truncdfsf2.o)
                              build/obj/chprintf.o (__aeabi_d2f)
/usr/bin/../lib/gcc/arm-none-eabi/5.3.1/armv7e-m/libgcc.a(_arm_cmpsf2.o)
                              build/obj/chprintf.o (__aeabi_fcmplt)
/usr/bin/../lib/gcc/arm-none-eabi/5.3.1/armv7e-m/libgcc.a(_arm_fixsfsi.o)
                              build/obj/chprintf.o (__aeabi_f2iz)
/usr/bin/../lib/gcc/arm-none-eabi/5.3.1/../../../../arm-none-eabi/lib/armv7e-m/libg.a(lib_a-memcpy.o)
                              build/obj/memstreams.o (memcpy)
/usr/bin/../lib/gcc/arm-none-eabi/5.3.1/../../../../arm-none-eabi/lib/armv7e-m/libg.a(lib_a-strcasecmp.o)
                              build/obj/shell.o (strcasecmp)
/usr/bin/../lib/gcc/arm-none-eabi/5.3.1/../../../../arm-none-eabi/lib/armv7e-m/libg.a(lib_a-strpbrk.o)
                              build/obj/shell.o (strpbrk)
/usr/bin/../lib/gcc/arm-none-eabi/5.3.1/../../../../arm-none-eabi/lib/armv7e-m/libg.a(lib_a-strspn.o)
                              build/obj/shell.o (strspn)
/usr/bin/../lib/gcc/arm-none-eabi/5.3.1/../../../../arm-none-eabi/lib/armv7e-m/libg.a(lib_a-ctype_.o)
                              /usr/bin/../lib/gcc/arm-none-eabi/5.3.1/../../../../arm-none-eabi/lib/armv7e-m/libg.a(lib_a-strcasecmp.o) (__ctype_ptr__)

Discarded input sections

 .data          0x0000000000000000        0x0 build/obj/crt0_v7m.o
 .bss           0x0000000000000000        0x0 build/obj/crt0_v7m.o
 .data          0x0000000000000000        0x0 build/obj/chcoreasm_v7m.o
 .bss           0x0000000000000000        0x0 build/obj/chcoreasm_v7m.o
 .text          0x0000000000000000        0x0 build/obj/crt1.o
 .data          0x0000000000000000        0x0 build/obj/crt1.o
 .bss           0x0000000000000000        0x0 build/obj/crt1.o
 .text.__early_init
                0x0000000000000000        0x4 build/obj/crt1.o
 .text          0x0000000000000000        0x0 build/obj/vectors.o
 .data          0x0000000000000000        0x0 build/obj/vectors.o
 .bss           0x0000000000000000        0x0 build/obj/vectors.o
 .text          0x0000000000000000        0x0 build/obj/chsys.o
 .data          0x0000000000000000        0x0 build/obj/chsys.o
 .bss           0x0000000000000000        0x0 build/obj/chsys.o
 .text.chSysIsCounterWithinX
                0x0000000000000000       0x10 build/obj/chsys.o
 .text          0x0000000000000000        0x0 build/obj/chdebug.o
 .data          0x0000000000000000        0x0 build/obj/chdebug.o
 .bss           0x0000000000000000        0x0 build/obj/chdebug.o
 .debug_info    0x0000000000000000      0x62e build/obj/chdebug.o
 .debug_abbrev  0x0000000000000000      0x123 build/obj/chdebug.o
 .debug_aranges
                0x0000000000000000       0x18 build/obj/chdebug.o
 .debug_line    0x0000000000000000      0x1ba build/obj/chdebug.o
 .debug_str     0x0000000000000000      0x52e build/obj/chdebug.o
 .comment       0x0000000000000000       0x6f build/obj/chdebug.o
 .ARM.attributes
                0x0000000000000000       0x33 build/obj/chdebug.o
 .text          0x0000000000000000        0x0 build/obj/chvt.o
 .data          0x0000000000000000        0x0 build/obj/chvt.o
 .bss           0x0000000000000000        0x0 build/obj/chvt.o
 .text          0x0000000000000000        0x0 build/obj/chschd.o
 .data          0x0000000000000000        0x0 build/obj/chschd.o
 .bss           0x0000000000000000        0x0 build/obj/chschd.o
 .text          0x0000000000000000        0x0 build/obj/chthreads.o
 .data          0x0000000000000000        0x0 build/obj/chthreads.o
 .bss           0x0000000000000000        0x0 build/obj/chthreads.o
 .text.chThdSleepUntilWindowed
                0x0000000000000000       0x2c build/obj/chthreads.o
 .text.chThdSuspendTimeoutS
                0x0000000000000000       0x1c build/obj/chthreads.o
 .text.chThdResumeS
                0x0000000000000000       0x10 build/obj/chthreads.o
 .text.chThdResume
                0x0000000000000000       0x28 build/obj/chthreads.o
 .text          0x0000000000000000        0x0 build/obj/chtm.o
 .data          0x0000000000000000        0x0 build/obj/chtm.o
 .bss           0x0000000000000000        0x0 build/obj/chtm.o
 .text.chTMObjectInit
                0x0000000000000000       0x18 build/obj/chtm.o
 .text.chTMChainMeasurementToX
                0x0000000000000000       0x40 build/obj/chtm.o
 .text          0x0000000000000000        0x0 build/obj/chdynamic.o
[...]
Memory Configuration

Name             Origin             Length             Attributes
flash            0x0000000008000000 0x0000000000100000
ram0             0x0000000020000000 0x0000000000020000
ram1             0x0000000020000000 0x000000000001c000
ram2             0x000000002001c000 0x0000000000004000
ram3             0x0000000000000000 0x0000000000000000
ram4             0x0000000010000000 0x0000000000010000
ram5             0x0000000040024000 0x0000000000001000
ram6             0x0000000000000000 0x0000000000000000
ram7             0x0000000000000000 0x0000000000000000
*default*        0x0000000000000000 0xffffffffffffffff

Linker script and memory map

LOAD build/obj/crt0_v7m.o
LOAD build/obj/chcoreasm_v7m.o
LOAD build/obj/crt1.o
LOAD build/obj/vectors.o
LOAD build/obj/chsys.o
LOAD build/obj/chdebug.o
LOAD build/obj/chvt.o
LOAD build/obj/chschd.o
LOAD build/obj/chthreads.o
LOAD build/obj/chtm.o
LOAD build/obj/chdynamic.o
LOAD build/obj/chregistry.o
LOAD build/obj/chsem.o
LOAD build/obj/chmtx.o
LOAD build/obj/chcond.o
LOAD build/obj/chevents.o
LOAD build/obj/chmsg.o
LOAD build/obj/chmboxes.o
LOAD build/obj/chqueues.o
LOAD build/obj/chmemcore.o
LOAD build/obj/chheap.o
LOAD build/obj/chmempools.o
LOAD build/obj/chcore.o
LOAD build/obj/chcore_v7m.o
LOAD build/obj/osal.o
LOAD build/obj/hal.o
LOAD build/obj/st.o
LOAD build/obj/hal_queues.o
LOAD build/obj/hal_mmcsd.o
LOAD build/obj/adc.o
LOAD build/obj/pal.o
LOAD build/obj/pwm.o
LOAD build/obj/serial.o
LOAD build/obj/serial_usb.o
LOAD build/obj/spi.o
LOAD build/obj/usb.o
LOAD build/obj/nvic.o
LOAD build/obj/stm32_dma.o
LOAD build/obj/hal_lld.o
LOAD build/obj/st_lld.o
LOAD build/obj/adc_lld.o
LOAD build/obj/pal_lld.o
LOAD build/obj/usb_lld.o
LOAD build/obj/spi_lld.o
LOAD build/obj/pwm_lld.o
LOAD build/obj/serial_lld.o
LOAD build/obj/board.o
LOAD build/obj/test.o
LOAD build/obj/testthd.o
LOAD build/obj/testsem.o
LOAD build/obj/testmtx.o
LOAD build/obj/testmsg.o
LOAD build/obj/testmbox.o
LOAD build/obj/testevt.o
LOAD build/obj/testheap.o
LOAD build/obj/testpools.o
LOAD build/obj/testdyn.o
LOAD build/obj/testqueues.o
LOAD build/obj/testsys.o
LOAD build/obj/testbmk.o
LOAD build/obj/lis302dl.o
LOAD build/obj/shell.o
LOAD build/obj/memstreams.o
LOAD build/obj/chprintf.o
LOAD build/obj/usbcfg.o
LOAD build/obj/main.o
                0x0000000020000000                __ram0_start__ = ORIGIN (ram0)
                0x0000000000020000                __ram0_size__ = LENGTH (ram0)
                0x0000000020020000                __ram0_end__ = (__ram0_start__ + __ram0_size__)
                0x0000000020000000                __ram1_start__ = ORIGIN (ram1)
                0x000000000001c000                __ram1_size__ = LENGTH (ram1)
                0x000000002001c000                __ram1_end__ = (__ram1_start__ + __ram1_size__)
                0x000000002001c000                __ram2_start__ = ORIGIN (ram2)
                0x0000000000004000                __ram2_size__ = LENGTH (ram2)
                0x0000000020020000                __ram2_end__ = (__ram2_start__ + __ram2_size__)
                0x0000000000000000                __ram3_start__ = ORIGIN (ram3)
                0x0000000000000000                __ram3_size__ = LENGTH (ram3)
                0x0000000000000000                __ram3_end__ = (__ram3_start__ + __ram3_size__)
                0x0000000010000000                __ram4_start__ = ORIGIN (ram4)
                0x0000000000010000                __ram4_size__ = LENGTH (ram4)
                0x0000000010010000                __ram4_end__ = (__ram4_start__ + __ram4_size__)
                0x0000000040024000                __ram5_start__ = ORIGIN (ram5)
                0x0000000000001000                __ram5_size__ = LENGTH (ram5)
                0x0000000040025000                __ram5_end__ = (__ram5_start__ + __ram5_size__)
                0x0000000000000000                __ram6_start__ = ORIGIN (ram6)
                0x0000000000000000                __ram6_size__ = LENGTH (ram6)
                0x0000000000000000                __ram6_end__ = (__ram6_start__ + __ram6_size__)
                0x0000000000000000                __ram7_start__ = ORIGIN (ram7)
                0x0000000000000000                __ram7_size__ = LENGTH (ram7)
                0x0000000000000000                __ram7_end__ = (__ram7_start__ + __ram7_size__)
                0x0000000000000000                . = 0x0
                0x0000000000000000                _text = .

startup         0x0000000008000000      0x1c0
 *(.vectors)
 .vectors       0x0000000008000000      0x1c0 build/obj/vectors.o
                0x0000000008000000                _vectors

constructors    0x00000000080001c0        0x0
                0x00000000080001c0                PROVIDE (__init_array_start, .)
 *(SORT(.init_array.*))
 *(.init_array)
                0x00000000080001c0                PROVIDE (__init_array_end, .)

destructors     0x00000000080001c0        0x0
                0x00000000080001c0                PROVIDE (__fini_array_start, .)
 *(.fini_array)
 *(SORT(.fini_array.*))
                0x00000000080001c0                PROVIDE (__fini_array_end, .)

.text           0x00000000080001c0     0xb1c1
 *(.text)
 .text          0x00000000080001c0       0xbc build/obj/crt0_v7m.o
                0x00000000080001c0                Reset_Handler
 *fill*         0x000000000800027c        0x4 
 .text          0x0000000008000280       0x28 build/obj/chcoreasm_v7m.o
                0x0000000008000280                _port_switch
                0x0000000008000290                _port_thread_start
                0x00000000080002a0                _port_switch_from_isr
                0x00000000080002a4                _port_exit_from_isr
 *fill*         0x00000000080002a8        0x8 
 .text          0x00000000080002b0      0x370 /usr/bin/../lib/gcc/arm-none-eabi/5.3.1/armv7e-m/libgcc.a(_arm_addsubdf3.o)
                0x00000000080002b0                __aeabi_drsub
                0x00000000080002b8                __aeabi_dsub
                0x00000000080002b8                __subdf3
                0x00000000080002bc                __adddf3
                0x00000000080002bc                __aeabi_dadd
                0x0000000008000534                __aeabi_ui2d
                0x0000000008000534                __floatunsidf
                0x0000000008000554                __floatsidf
                0x0000000008000554                __aeabi_i2d
                0x0000000008000578                __extendsfdf2
                0x0000000008000578                __aeabi_f2d
                0x00000000080005b4                __aeabi_ul2d
                0x00000000080005b4                __floatundidf
                0x00000000080005c4                __floatdidf
                0x00000000080005c4                __aeabi_l2d
 .text          0x0000000008000620      0x424 /usr/bin/../lib/gcc/arm-none-eabi/5.3.1/armv7e-m/libgcc.a(_arm_muldivdf3.o)
                0x0000000008000620                __aeabi_dmul
                0x0000000008000620                __muldf3
                0x0000000008000874                __aeabi_ddiv
                0x0000000008000874                __divdf3
 *fill*         0x0000000008000a44        0xc 
 .text          0x0000000008000a50       0x50 /usr/bin/../lib/gcc/arm-none-eabi/5.3.1/armv7e-m/libgcc.a(_arm_fixdfsi.o)
                0x0000000008000a50                __fixdfsi
                0x0000000008000a50                __aeabi_d2iz
 .text          0x0000000008000aa0       0xa0 /usr/bin/../lib/gcc/arm-none-eabi/5.3.1/armv7e-m/libgcc.a(_arm_truncdfsf2.o)
                0x0000000008000aa0                __aeabi_d2f
                0x0000000008000aa0                __truncdfsf2
 .text          0x0000000008000b40       0xec /usr/bin/../lib/gcc/arm-none-eabi/5.3.1/armv7e-m/libgcc.a(_arm_cmpsf2.o)
                0x0000000008000b40                __gtsf2
                0x0000000008000b40                __gesf2
                0x0000000008000b48                __lesf2
                0x0000000008000b48                __ltsf2
                0x0000000008000b50                __nesf2
                0x0000000008000b50                __eqsf2
                0x0000000008000b50                __cmpsf2
                0x0000000008000bb0                __aeabi_cfrcmple
                0x0000000008000bb8                __aeabi_cfcmple
                0x0000000008000bb8                __aeabi_cfcmpeq
                0x0000000008000bc8                __aeabi_fcmpeq
                0x0000000008000bdc                __aeabi_fcmplt
                0x0000000008000bf0                __aeabi_fcmple
                0x0000000008000c04                __aeabi_fcmpge
                0x0000000008000c18                __aeabi_fcmpgt
 *fill*         0x0000000008000c2c        0x4 
 .text          0x0000000008000c30       0x4c /usr/bin/../lib/gcc/arm-none-eabi/5.3.1/armv7e-m/libgcc.a(_arm_fixsfsi.o)
                0x0000000008000c30                __fixsfsi
                0x0000000008000c30                __aeabi_f2iz
 *(.text.*)
 *fill*         0x0000000008000c7c        0x4 
 .text.__late_init
                0x0000000008000c80        0x4 build/obj/crt1.o
                0x0000000008000c80                __late_init
 *fill*         0x0000000008000c84        0xc 
 .text.__default_exit
                0x0000000008000c90        0x4 build/obj/crt1.o
                0x0000000008000c90                __default_exit
 *fill*         0x0000000008000c94        0xc 
 .text._unhandled_exception
                0x0000000008000ca0        0x4 build/obj/vectors.o
                0x0000000008000ca0                Vector58
                0x0000000008000ca0                Vector9C
                0x0000000008000ca0                VectorE8
                0x0000000008000ca0                VectorAC
                0x0000000008000ca0                DebugMon_Handler
                0x0000000008000ca0                Vector1A0
                0x0000000008000ca0                Vector5C
                0x0000000008000ca0                Vector11C
                0x0000000008000ca0                HardFault_Handler
                0x0000000008000ca0                Vector1B8
                0x0000000008000ca0                Vector19C
                0x0000000008000ca0                SysTick_Handler
                0x0000000008000ca0                Vector8C
                0x0000000008000ca0                VectorDC
                0x0000000008000ca0                PendSV_Handler
                0x0000000008000ca0                Vector168
                0x0000000008000ca0                NMI_Handler
                0x0000000008000ca0                Vector110
                0x0000000008000ca0                VectorC8
                0x0000000008000ca0                Vector94
                0x0000000008000ca0                VectorA8
                0x0000000008000ca0                VectorB4
                0x0000000008000ca0                Vector160
                0x0000000008000ca0                Vector1B0
                0x0000000008000ca0                UsageFault_Handler
                0x0000000008000ca0                VectorEC
                0x0000000008000ca0                Vector40
                0x0000000008000ca0                VectorF8
                0x0000000008000ca0                Vector108
                0x0000000008000ca0                VectorBC
                0x0000000008000ca0                Vector190
                0x0000000008000ca0                Vector148
                0x0000000008000ca0                Vector188
                0x0000000008000ca0                Vector198
                0x0000000008000ca0                Vector118
                0x0000000008000ca0                Vector64
                0x0000000008000ca0                VectorCC
                0x0000000008000ca0                Vector54
                0x0000000008000ca0                Vector98
                0x0000000008000ca0                Vector138
                0x0000000008000ca0                Vector24
                0x0000000008000ca0                Vector1AC
                0x0000000008000ca0                Vector178
                0x0000000008000ca0                Vector1A4
                0x0000000008000ca0                VectorD0
                0x0000000008000ca0                Vector1B4
                0x0000000008000ca0                Vector140
                0x0000000008000ca0                VectorE4
                0x0000000008000ca0                VectorC0
                0x0000000008000ca0                Vector134
                0x0000000008000ca0                VectorF0
                0x0000000008000ca0                Vector13C
                0x0000000008000ca0                Vector100
                0x0000000008000ca0                VectorE0
                0x0000000008000ca0                VectorF4
                0x0000000008000ca0                MemManage_Handler
                0x0000000008000ca0                VectorA0
                0x0000000008000ca0                VectorC4
                0x0000000008000ca0                Vector180
                0x0000000008000ca0                Vector90
                0x0000000008000ca0                Vector114
                0x0000000008000ca0                Vector60
                0x0000000008000ca0                Vector164
                0x0000000008000ca0                Vector1C
                0x0000000008000ca0                Vector1BC
                0x0000000008000ca0                Vector17C
                0x0000000008000ca0                Vector48
                0x0000000008000ca0                Vector1A8
                0x0000000008000ca0                Vector16C
                0x0000000008000ca0                VectorD4
                0x0000000008000ca0                Vector4C
                0x0000000008000ca0                Vector144
                0x0000000008000ca0                Vector15C
                0x0000000008000ca0                Vector68
                0x0000000008000ca0                _unhandled_exception
                0x0000000008000ca0                Vector170
                0x0000000008000ca0                Vector104
                0x0000000008000ca0                Vector184
                0x0000000008000ca0                Vector10C
                0x0000000008000ca0                BusFault_Handler
                0x0000000008000ca0                Vector50
                0x0000000008000ca0                Vector194
                0x0000000008000ca0                Vector44
                0x0000000008000ca0                Vector28
                0x0000000008000ca0                Vector34
                0x0000000008000ca0                VectorA4
                0x0000000008000ca0                Vector20
                0x0000000008000ca0                Vector18C
                0x0000000008000ca0                Vector174
 *fill*         0x0000000008000ca4        0xc 
 .text._idle_thread
                0x0000000008000cb0       0x14 build/obj/chsys.o
 *fill*         0x0000000008000cc4        0xc 
 .text.chSysInit
                0x0000000008000cd0       0x98 build/obj/chsys.o
                0x0000000008000cd0                chSysInit
 *fill*         0x0000000008000d68        0x8 
 .text.chSysHalt
                0x0000000008000d70        0xc build/obj/chsys.o
                0x0000000008000d70                chSysHalt
 *fill*         0x0000000008000d7c        0x4 
 .text.chSysIntegrityCheckI
                0x0000000008000d80       0xbc build/obj/chsys.o
                0x0000000008000d80                chSysIntegrityCheckI
 *fill*         0x0000000008000e3c        0x4 
 .text.chSysTimerHandlerI
                0x0000000008000e40       0x78 build/obj/chsys.o
                0x0000000008000e40                chSysTimerHandlerI
 *fill*         0x0000000008000eb8        0x8 
 .text.chSysGetStatusAndLockX
                0x0000000008000ec0       0x14 build/obj/chsys.o
                0x0000000008000ec0                chSysGetStatusAndLockX
 *fill*         0x0000000008000ed4        0xc 
 .text.chSysRestoreStatusX
                0x0000000008000ee0       0x20 build/obj/chsys.o
                0x0000000008000ee0                chSysRestoreStatusX
 .text.chSysPolledDelayX
                0x0000000008000f00       0x14 build/obj/chsys.o
                0x0000000008000f00                chSysPolledDelayX
 *fill*         0x0000000008000f14        0xc 
 .text._vt_init
                0x0000000008000f20       0x1c build/obj/chvt.o
                0x0000000008000f20                _vt_init
 *fill*         0x0000000008000f3c        0x4 
 .text.chVTDoSetI
                0x0000000008000f40       0x78 build/obj/chvt.o
                0x0000000008000f40                chVTDoSetI
 *fill*         0x0000000008000fb8        0x8 
 .text.chVTDoResetI
                0x0000000008000fc0       0x6c build/obj/chvt.o
                0x0000000008000fc0                chVTDoResetI
 *fill*         0x000000000800102c        0x4 
 .text.wakeup   0x0000000008001030       0x6c build/obj/chschd.o
 *fill*         0x000000000800109c        0x4 
 .text._scheduler_init
                0x00000000080010a0       0x14 build/obj/chschd.o
                0x00000000080010a0                _scheduler_init
 *fill*         0x00000000080010b4        0xc 
 .text.chSchReadyI
                0x00000000080010c0       0x28 build/obj/chschd.o
                0x00000000080010c0                chSchReadyI
 *fill*         0x00000000080010e8        0x8 
 .text.chSchGoSleepS
                0x00000000080010f0       0x24 build/obj/chschd.o
                0x00000000080010f0                chSchGoSleepS
 *fill*         0x0000000008001114        0xc 
 .text.chSchGoSleepTimeoutS
                0x0000000008001120       0x44 build/obj/chschd.o
                0x0000000008001120                chSchGoSleepTimeoutS
 *fill*         0x0000000008001164        0xc 
 .text.chSchWakeupS
                0x0000000008001170       0x58 build/obj/chschd.o
                0x0000000008001170                chSchWakeupS
 *fill*         0x00000000080011c8        0x8 
 .text.chSchIsPreemptionRequired
                0x00000000080011d0       0x18 build/obj/chschd.o
                0x00000000080011d0                chSchIsPreemptionRequired
 *fill*         0x00000000080011e8        0x8 
 .text.chSchDoRescheduleBehind
                0x00000000080011f0       0x3c build/obj/chschd.o
                0x00000000080011f0                chSchDoRescheduleBehind
 *fill*         0x000000000800122c        0x4 
 .text.chSchDoRescheduleAhead
                0x0000000008001230       0x3c build/obj/chschd.o
                0x0000000008001230                chSchDoRescheduleAhead
 *fill*         0x000000000800126c        0x4 
 .text.chSchRescheduleS
                0x0000000008001270       0x18 build/obj/chschd.o
                0x0000000008001270                chSchRescheduleS
 *fill*         0x0000000008001288        0x8 
 .text.chSchDoReschedule
                0x0000000008001290        0x4 build/obj/chschd.o
                0x0000000008001290                chSchDoReschedule
 *fill*         0x0000000008001294        0xc 
 .text._thread_init
                0x00000000080012a0       0x3c build/obj/chthreads.o
                0x00000000080012a0                _thread_init
 *fill*         0x00000000080012dc        0x4 
 .text.chThdCreateI
                0x00000000080012e0       0x58 build/obj/chthreads.o
                0x00000000080012e0                chThdCreateI
 *fill*         0x0000000008001338        0x8 
 .text.chThdCreateStatic
                0x0000000008001340       0x64 build/obj/chthreads.o
                0x0000000008001340                chThdCreateStatic
 *fill*         0x00000000080013a4        0xc 
 .text.chThdStart
                0x00000000080013b0       0x14 build/obj/chthreads.o
                0x00000000080013b0                chThdStart
 *fill*         0x00000000080013c4        0xc 
 .text.chThdSetPriority
                0x00000000080013d0       0x30 build/obj/chthreads.o
                0x00000000080013d0                chThdSetPriority
 .text.chThdTerminate
                0x0000000008001400       0x18 build/obj/chthreads.o
                0x0000000008001400                chThdTerminate
 *fill*         0x0000000008001418        0x8 
 .text.chThdSleep
                0x0000000008001420       0x18 build/obj/chthreads.o
                0x0000000008001420                chThdSleep
 *fill*         0x0000000008001438        0x8 
 .text.chThdSleepUntil
                0x0000000008001440       0x20 build/obj/chthreads.o
                0x0000000008001440                chThdSleepUntil
 .text.chThdYield
                0x0000000008001460       0x28 build/obj/chthreads.o
                0x0000000008001460                chThdYield
 *fill*         0x0000000008001488        0x8 
 .text.chThdExitS
                0x0000000008001490       0x40 build/obj/chthreads.o
                0x0000000008001490                chThdExitS
 .text.chThdExit
                0x00000000080014d0        0xc build/obj/chthreads.o
                0x00000000080014d0                chThdExit
 *fill*         0x00000000080014dc        0x4 
 .text.chThdWait
                0x00000000080014e0       0x38 build/obj/chthreads.o
                0x00000000080014e0                chThdWait
 *fill*         0x0000000008001518        0x8 
 .text.chThdSuspendS
                0x0000000008001520       0x1c build/obj/chthreads.o
                0x0000000008001520                chThdSuspendS
 *fill*         0x000000000800153c        0x4 
 .text.chThdResumeI
                0x0000000008001540       0x14 build/obj/chthreads.o
                0x0000000008001540                chThdResumeI
 *fill*         0x0000000008001554        0xc 
 .text.chThdEnqueueTimeoutS
                0x0000000008001560       0x28 build/obj/chthreads.o
                0x0000000008001560                chThdEnqueueTimeoutS
 *fill*         0x0000000008001588        0x8 
 .text.chThdDequeueNextI
                0x0000000008001590       0x1c build/obj/chthreads.o
                0x0000000008001590                chThdDequeueNextI
 *fill*         0x00000000080015ac        0x4 
 .text.chThdDequeueAllI
                0x00000000080015b0       0x24 build/obj/chthreads.o
                0x00000000080015b0                chThdDequeueAllI
 *fill*         0x00000000080015d4        0xc 
 .text.chTMStartMeasurementX
                0x00000000080015e0        0xc build/obj/chtm.o
                0x00000000080015e0                chTMStartMeasurementX
 *fill*         0x00000000080015ec        0x4 
 .text.chTMStopMeasurementX
                0x00000000080015f0       0x48 build/obj/chtm.o
                0x00000000080015f0                chTMStopMeasurementX
 *fill*         0x0000000008001638        0x8 
 .text._tm_init
                0x0000000008001640       0x38 build/obj/chtm.o
                0x0000000008001640                _tm_init
 *fill*         0x0000000008001678        0x8 
 .text.chThdAddRef
                0x0000000008001680       0x14 build/obj/chdynamic.o
                0x0000000008001680                chThdAddRef
 *fill*         0x0000000008001694        0xc 
 .text.chThdRelease
                0x00000000080016a0       0x50 build/obj/chdynamic.o
                0x00000000080016a0                chThdRelease
 .text.chThdCreateFromHeap
                0x00000000080016f0       0x3c build/obj/chdynamic.o
                0x00000000080016f0                chThdCreateFromHeap
 *fill*         0x000000000800172c        0x4 
 .text.chThdCreateFromMemoryPool
                0x0000000008001730       0x44 build/obj/chdynamic.o
                0x0000000008001730                chThdCreateFromMemoryPool
 *fill*         0x0000000008001774        0xc 
 .text.chRegFirstThread
                0x0000000008001780       0x1c build/obj/chregistry.o
                0x0000000008001780                chRegFirstThread
 *fill*         0x000000000800179c        0x4 
 .text.chRegNextThread
                0x00000000080017a0       0x2c build/obj/chregistry.o
                0x00000000080017a0                chRegNextThread
 *fill*         0x00000000080017cc        0x4 
 .text.chSemObjectInit
                0x00000000080017d0        0x8 build/obj/chsem.o
                0x00000000080017d0                chSemObjectInit
 *fill*         0x00000000080017d8        0x8 
 .text.chSemResetI
                0x00000000080017e0       0x28 build/obj/chsem.o
                0x00000000080017e0                chSemResetI
 *fill*         0x0000000008001808        0x8 
 .text.chSemReset
                0x0000000008001810       0x18 build/obj/chsem.o
                0x0000000008001810                chSemReset
 *fill*         0x0000000008001828        0x8 
 .text.chSemWait
                0x0000000008001830       0x44 build/obj/chsem.o
                0x0000000008001830                chSemWait
 *fill*         0x0000000008001874        0xc 
 .text.chSemWaitTimeout
                0x0000000008001880       0x4c build/obj/chsem.o
                0x0000000008001880                chSemWaitTimeout
 *fill*         0x00000000080018cc        0x4 
 .text.chSemWaitTimeoutS
                0x00000000080018d0       0x3c build/obj/chsem.o
                0x00000000080018d0                chSemWaitTimeoutS
 *fill*         0x000000000800190c        0x4 
 .text.chSemSignal
                0x0000000008001910       0x34 build/obj/chsem.o
                0x0000000008001910                chSemSignal
 *fill*         0x0000000008001944        0xc 
 .text.chSemSignalI
                0x0000000008001950       0x20 build/obj/chsem.o
                0x0000000008001950                chSemSignalI
 .text.chSemAddCounterI
                0x0000000008001970       0x30 build/obj/chsem.o
                0x0000000008001970                chSemAddCounterI
 .text.chSemSignalWait
                0x00000000080019a0       0x6c build/obj/chsem.o
                0x00000000080019a0                chSemSignalWait
 *fill*         0x0000000008001a0c        0x4 
 .text.chMtxObjectInit
                0x0000000008001a10        0xc build/obj/chmtx.o
                0x0000000008001a10                chMtxObjectInit
 *fill*         0x0000000008001a1c        0x4 
 .text.chMtxLockS
                0x0000000008001a20       0xc8 build/obj/chmtx.o
                0x0000000008001a20                chMtxLockS
 *fill*         0x0000000008001ae8        0x8 
 .text.chMtxLock
                0x0000000008001af0       0x14 build/obj/chmtx.o
                0x0000000008001af0                chMtxLock
 *fill*         0x0000000008001b04        0xc 
 .text.chMtxTryLock
                0x0000000008001b10       0x30 build/obj/chmtx.o
                0x0000000008001b10                chMtxTryLock
 .text.chMtxUnlock
                0x0000000008001b40       0x60 build/obj/chmtx.o
                0x0000000008001b40                chMtxUnlock
 .text.chMtxUnlockS
                0x0000000008001ba0       0x50 build/obj/chmtx.o
                0x0000000008001ba0                chMtxUnlockS
 .text.chMtxUnlockAll
                0x0000000008001bf0       0x54 build/obj/chmtx.o
                0x0000000008001bf0                chMtxUnlockAll
 *fill*         0x0000000008001c44        0xc 
 .text.chCondObjectInit
                0x0000000008001c50        0x8 build/obj/chcond.o
                0x0000000008001c50                chCondObjectInit
 *fill*         0x0000000008001c58        0x8 
 .text.chCondSignal
                0x0000000008001c60       0x28 build/obj/chcond.o
                0x0000000008001c60                chCondSignal
 *fill*         0x0000000008001c88        0x8 
 .text.chCondSignalI
                0x0000000008001c90       0x18 build/obj/chcond.o
                0x0000000008001c90                chCondSignalI
 *fill*         0x0000000008001ca8        0x8 
 .text.chCondBroadcast
                0x0000000008001cb0       0x34 build/obj/chcond.o
                0x0000000008001cb0                chCondBroadcast
 *fill*         0x0000000008001ce4        0xc 
 .text.chCondWaitS
                0x0000000008001cf0       0x44 build/obj/chcond.o
                0x0000000008001cf0                chCondWaitS
 *fill*         0x0000000008001d34        0xc 
 .text.chCondWait
                0x0000000008001d40       0x14 build/obj/chcond.o
                0x0000000008001d40                chCondWait
 *fill*         0x0000000008001d54        0xc 
 .text.chCondWaitTimeoutS
                0x0000000008001d60       0x50 build/obj/chcond.o
                0x0000000008001d60                chCondWaitTimeoutS
 .text.chCondWaitTimeout
                0x0000000008001db0       0x14 build/obj/chcond.o
                0x0000000008001db0                chCondWaitTimeout
 *fill*         0x0000000008001dc4        0xc 
 .text.chEvtRegisterMaskWithFlags
                0x0000000008001dd0       0x28 build/obj/chevents.o
                0x0000000008001dd0                chEvtRegisterMaskWithFlags
 *fill*         0x0000000008001df8        0x8 
 .text.chEvtUnregister
                0x0000000008001e00       0x2c build/obj/chevents.o
                0x0000000008001e00                chEvtUnregister
 *fill*         0x0000000008001e2c        0x4 
 .text.chEvtGetAndClearEvents
                0x0000000008001e30       0x20 build/obj/chevents.o
                0x0000000008001e30                chEvtGetAndClearEvents
 .text.chEvtAddEvents
                0x0000000008001e50       0x1c build/obj/chevents.o
                0x0000000008001e50                chEvtAddEvents
 *fill*         0x0000000008001e6c        0x4 
 .text.chEvtSignalI
                0x0000000008001e70       0x28 build/obj/chevents.o
                0x0000000008001e70                chEvtSignalI
 *fill*         0x0000000008001e98        0x8 
 .text.chEvtBroadcastFlagsI
                0x0000000008001ea0       0x2c build/obj/chevents.o
                0x0000000008001ea0                chEvtBroadcastFlagsI
 *fill*         0x0000000008001ecc        0x4 
 .text.chEvtSignal
                0x0000000008001ed0       0x18 build/obj/chevents.o
                0x0000000008001ed0                chEvtSignal
 *fill*         0x0000000008001ee8        0x8 
 .text.chEvtBroadcastFlags
                0x0000000008001ef0       0x18 build/obj/chevents.o
                0x0000000008001ef0                chEvtBroadcastFlags
 *fill*         0x0000000008001f08        0x8 
 .text.chEvtDispatch
                0x0000000008001f10       0x38 build/obj/chevents.o
                0x0000000008001f10                chEvtDispatch
 *fill*         0x0000000008001f48        0x8 
 .text.chEvtWaitOne
                0x0000000008001f50       0x3c build/obj/chevents.o
                0x0000000008001f50                chEvtWaitOne
 *fill*         0x0000000008001f8c        0x4 
 .text.chEvtWaitAny
                0x0000000008001f90       0x38 build/obj/chevents.o
                0x0000000008001f90                chEvtWaitAny
 *fill*         0x0000000008001fc8        0x8 
 .text.chEvtWaitAll
                0x0000000008001fd0       0x34 build/obj/chevents.o
                0x0000000008001fd0                chEvtWaitAll
 *fill*         0x0000000008002004        0xc 
 .text.chEvtWaitOneTimeout
                0x0000000008002010       0x50 build/obj/chevents.o
                0x0000000008002010                chEvtWaitOneTimeout
 .text.chEvtWaitAnyTimeout
                0x0000000008002060       0x50 build/obj/chevents.o
                0x0000000008002060                chEvtWaitAnyTimeout
 .text.chEvtWaitAllTimeout
                0x00000000080020b0       0x48 build/obj/chevents.o
                0x00000000080020b0                chEvtWaitAllTimeout
 *fill*         0x00000000080020f8        0x8 
 .text.chMsgSend
                0x0000000008002100       0x40 build/obj/chmsg.o
                0x0000000008002100                chMsgSend
 .text.chMsgWait
                0x0000000008002140       0x3c build/obj/chmsg.o
                0x0000000008002140                chMsgWait
 *fill*         0x000000000800217c        0x4 
 .text.chMsgRelease
                0x0000000008002180       0x14 build/obj/chmsg.o
                0x0000000008002180                chMsgRelease
 *fill*         0x0000000008002194        0xc 
 .text.chMBObjectInit
                0x00000000080021a0       0x28 build/obj/chmboxes.o
                0x00000000080021a0                chMBObjectInit
 *fill*         0x00000000080021c8        0x8 
 .text.chMBResetI
                0x00000000080021d0       0x24 build/obj/chmboxes.o
                0x00000000080021d0                chMBResetI
 *fill*         0x00000000080021f4        0xc 
 .text.chMBReset
                0x0000000008002200       0x18 build/obj/chmboxes.o
                0x0000000008002200                chMBReset
 *fill*         0x0000000008002218        0x8 
 .text.chMBPost
                0x0000000008002220       0x44 build/obj/chmboxes.o
                0x0000000008002220                chMBPost
 *fill*         0x0000000008002264        0xc 
 .text.chMBPostI
                0x0000000008002270       0x34 build/obj/chmboxes.o
                0x0000000008002270                chMBPostI
 *fill*         0x00000000080022a4        0xc 
 .text.chMBPostAhead
                0x00000000080022b0       0x4c build/obj/chmboxes.o
                0x00000000080022b0                chMBPostAhead
 *fill*         0x00000000080022fc        0x4 
 .text.chMBPostAheadI
                0x0000000008002300       0x30 build/obj/chmboxes.o
                0x0000000008002300                chMBPostAheadI
 .text.chMBFetch
                0x0000000008002330       0x44 build/obj/chmboxes.o
                0x0000000008002330                chMBFetch
 *fill*         0x0000000008002374        0xc 
 .text.chMBFetchI
                0x0000000008002380       0x38 build/obj/chmboxes.o
                0x0000000008002380                chMBFetchI
 *fill*         0x00000000080023b8        0x8 
 .text.chIQObjectInit
                0x00000000080023c0       0x20 build/obj/chqueues.o
                0x00000000080023c0                chIQObjectInit
 .text.chIQResetI
                0x00000000080023e0       0x14 build/obj/chqueues.o
                0x00000000080023e0                chIQResetI
 *fill*         0x00000000080023f4        0xc 
 .text.chIQPutI
                0x0000000008002400       0x38 build/obj/chqueues.o
                0x0000000008002400                chIQPutI
 *fill*         0x0000000008002438        0x8 
 .text.chIQGetTimeout
                0x0000000008002440       0x50 build/obj/chqueues.o
                0x0000000008002440                chIQGetTimeout
 .text.chIQReadTimeout
                0x0000000008002490       0x74 build/obj/chqueues.o
                0x0000000008002490                chIQReadTimeout
 *fill*         0x0000000008002504        0xc 
 .text.chOQObjectInit
                0x0000000008002510       0x1c build/obj/chqueues.o
                0x0000000008002510                chOQObjectInit
 *fill*         0x000000000800252c        0x4 
 .text.chOQResetI
                0x0000000008002530       0x18 build/obj/chqueues.o
                0x0000000008002530                chOQResetI
 *fill*         0x0000000008002548        0x8 
 .text.chOQPutTimeout
                0x0000000008002550       0x50 build/obj/chqueues.o
                0x0000000008002550                chOQPutTimeout
 .text.chOQGetI
                0x00000000080025a0       0x34 build/obj/chqueues.o
                0x00000000080025a0                chOQGetI
 *fill*         0x00000000080025d4        0xc 
 .text.chOQWriteTimeout
                0x00000000080025e0       0x88 build/obj/chqueues.o
                0x00000000080025e0                chOQWriteTimeout
 *fill*         0x0000000008002668        0x8 
 .text._core_init
                0x0000000008002670       0x28 build/obj/chmemcore.o
                0x0000000008002670                _core_init
 *fill*         0x0000000008002698        0x8 
 .text.chCoreAlloc
                0x00000000080026a0       0x38 build/obj/chmemcore.o
                0x00000000080026a0                chCoreAlloc
 *fill*         0x00000000080026d8        0x8 
 .text.chCoreGetStatusX
                0x00000000080026e0       0x14 build/obj/chmemcore.o
                0x00000000080026e0                chCoreGetStatusX
 *fill*         0x00000000080026f4        0xc 
 .text._heap_init
                0x0000000008002700       0x1c build/obj/chheap.o
                0x0000000008002700                _heap_init
 *fill*         0x000000000800271c        0x4 
 .text.chHeapObjectInit
                0x0000000008002720       0x14 build/obj/chheap.o
                0x0000000008002720                chHeapObjectInit
 *fill*         0x0000000008002734        0xc 
 .text.chHeapAlloc
                0x0000000008002740       0x8c build/obj/chheap.o
                0x0000000008002740                chHeapAlloc
 *fill*         0x00000000080027cc        0x4 
 .text.chHeapFree
                0x00000000080027d0       0x98 build/obj/chheap.o
                0x00000000080027d0                chHeapFree
 *fill*         0x0000000008002868        0x8 
 .text.chHeapStatus
                0x0000000008002870       0x44 build/obj/chheap.o
                0x0000000008002870                chHeapStatus
 *fill*         0x00000000080028b4        0xc 
 .text.chPoolObjectInit
                0x00000000080028c0        0xc build/obj/chmempools.o
                0x00000000080028c0                chPoolObjectInit
 *fill*         0x00000000080028cc        0x4 
 .text.chPoolLoadArray
                0x00000000080028d0       0x24 build/obj/chmempools.o
                0x00000000080028d0                chPoolLoadArray
 *fill*         0x00000000080028f4        0xc 
 .text.chPoolAlloc
                0x0000000008002900       0x2c build/obj/chmempools.o
                0x0000000008002900                chPoolAlloc
 *fill*         0x000000000800292c        0x4 
 .text.chPoolFree
                0x0000000008002930       0x14 build/obj/chmempools.o
                0x0000000008002930                chPoolFree
 *fill*         0x0000000008002944        0xc 
 .text.SVC_Handler
                0x0000000008002950       0x14 build/obj/chcore_v7m.o
                0x0000000008002950                SVC_Handler
 *fill*         0x0000000008002964        0xc 
 .text._port_irq_epilogue
                0x0000000008002970       0x50 build/obj/chcore_v7m.o
                0x0000000008002970                _port_irq_epilogue
 .text.halInit  0x00000000080029c0       0x34 build/obj/hal.o
                0x00000000080029c0                halInit
 *fill*         0x00000000080029f4        0xc 
 .text.stInit   0x0000000008002a00        0x4 build/obj/st.o
                0x0000000008002a00                stInit
 *fill*         0x0000000008002a04        0xc 
 .text.stStartAlarm
                0x0000000008002a10       0x10 build/obj/st.o
                0x0000000008002a10                stStartAlarm
 .text.stStopAlarm
                0x0000000008002a20        0xc build/obj/st.o
                0x0000000008002a20                stStopAlarm
 *fill*         0x0000000008002a2c        0x4 
 .text.stSetAlarm
                0x0000000008002a30        0x8 build/obj/st.o
                0x0000000008002a30                stSetAlarm
 *fill*         0x0000000008002a38        0x8 
 .text.adcInit  0x0000000008002a40        0x4 build/obj/adc.o
                0x0000000008002a40                adcInit
 *fill*         0x0000000008002a44        0xc 
 .text.adcObjectInit
                0x0000000008002a50       0x18 build/obj/adc.o
                0x0000000008002a50                adcObjectInit
 *fill*         0x0000000008002a68        0x8 
 .text.adcStart
                0x0000000008002a70       0x1c build/obj/adc.o
                0x0000000008002a70                adcStart
 *fill*         0x0000000008002a8c        0x4 
 .text.adcConvert
                0x0000000008002a90       0x28 build/obj/adc.o
                0x0000000008002a90                adcConvert
 *fill*         0x0000000008002ab8        0x8 
 .text.pwmInit  0x0000000008002ac0        0x4 build/obj/pwm.o
                0x0000000008002ac0                pwmInit
 *fill*         0x0000000008002ac4        0xc 
 .text.pwmObjectInit
                0x0000000008002ad0       0x10 build/obj/pwm.o
                0x0000000008002ad0                pwmObjectInit
 .text.pwmStart
                0x0000000008002ae0       0x24 build/obj/pwm.o
                0x0000000008002ae0                pwmStart
 *fill*         0x0000000008002b04        0xc 
 .text.pwmEnableChannel
                0x0000000008002b10       0x20 build/obj/pwm.o
                0x0000000008002b10                pwmEnableChannel
 .text.readt    0x0000000008002b30        0x8 build/obj/serial.o
 *fill*         0x0000000008002b38        0x8 
 .text.read     0x0000000008002b40        0xc build/obj/serial.o
 *fill*         0x0000000008002b4c        0x4 
 .text.writet   0x0000000008002b50        0x8 build/obj/serial.o
 *fill*         0x0000000008002b58        0x8 
 .text.write    0x0000000008002b60        0xc build/obj/serial.o
 *fill*         0x0000000008002b6c        0x4 
 .text.gett     0x0000000008002b70        0x8 build/obj/serial.o
 *fill*         0x0000000008002b78        0x8 
 .text.get      0x0000000008002b80        0xc build/obj/serial.o
 *fill*         0x0000000008002b8c        0x4 
 .text.putt     0x0000000008002b90        0x8 build/obj/serial.o
 *fill*         0x0000000008002b98        0x8 
 .text.put      0x0000000008002ba0        0xc build/obj/serial.o
 *fill*         0x0000000008002bac        0x4 
 .text.sdInit   0x0000000008002bb0        0x4 build/obj/serial.o
                0x0000000008002bb0                sdInit
 *fill*         0x0000000008002bb4        0xc 
 .text.sdObjectInit
                0x0000000008002bc0       0x40 build/obj/serial.o
                0x0000000008002bc0                sdObjectInit
 .text.sdStart  0x0000000008002c00       0x1c build/obj/serial.o
                0x0000000008002c00                sdStart
 *fill*         0x0000000008002c1c        0x4 
 .text.sdIncomingDataI
                0x0000000008002c20       0x3c build/obj/serial.o
                0x0000000008002c20                sdIncomingDataI
 *fill*         0x0000000008002c5c        0x4 
 .text.onotify  0x0000000008002c60       0x60 build/obj/serial_usb.o
 .text.inotify  0x0000000008002cc0       0x6c build/obj/serial_usb.o
 *fill*         0x0000000008002d2c        0x4 
 .text.readt    0x0000000008002d30        0x8 build/obj/serial_usb.o
 *fill*         0x0000000008002d38        0x8 
 .text.read     0x0000000008002d40        0xc build/obj/serial_usb.o
 *fill*         0x0000000008002d4c        0x4 
 .text.writet   0x0000000008002d50        0x8 build/obj/serial_usb.o
 *fill*         0x0000000008002d58        0x8 
 .text.write    0x0000000008002d60        0xc build/obj/serial_usb.o
 *fill*         0x0000000008002d6c        0x4 
 .text.gett     0x0000000008002d70        0x8 build/obj/serial_usb.o
 *fill*         0x0000000008002d78        0x8 
 .text.get      0x0000000008002d80        0xc build/obj/serial_usb.o
 *fill*         0x0000000008002d8c        0x4 
 .text.putt     0x0000000008002d90        0x8 build/obj/serial_usb.o
 *fill*         0x0000000008002d98        0x8 
 .text.put      0x0000000008002da0        0xc build/obj/serial_usb.o
 *fill*         0x0000000008002dac        0x4 
 .text.sduInit  0x0000000008002db0        0x4 build/obj/serial_usb.o
                0x0000000008002db0                sduInit
 *fill*         0x0000000008002db4        0xc 
 .text.sduObjectInit
                0x0000000008002dc0       0x4c build/obj/serial_usb.o
                0x0000000008002dc0                sduObjectInit
 *fill*         0x0000000008002e0c        0x4 
 .text.sduStart
                0x0000000008002e10       0x34 build/obj/serial_usb.o
                0x0000000008002e10                sduStart
 *fill*         0x0000000008002e44        0xc 
 .text.sduConfigureHookI
                0x0000000008002e50       0x4c build/obj/serial_usb.o
                0x0000000008002e50                sduConfigureHookI
 *fill*         0x0000000008002e9c        0x4 
 .text.sduRequestsHook
                0x0000000008002ea0       0x40 build/obj/serial_usb.o
                0x0000000008002ea0                sduRequestsHook
 .text.sduDataTransmitted
                0x0000000008002ee0       0x6c build/obj/serial_usb.o
                0x0000000008002ee0                sduDataTransmitted
 *fill*         0x0000000008002f4c        0x4 
 .text.sduDataReceived
                0x0000000008002f50       0x6c build/obj/serial_usb.o
                0x0000000008002f50                sduDataReceived
 *fill*         0x0000000008002fbc        0x4 
 .text.sduInterruptTransmitted
                0x0000000008002fc0        0x4 build/obj/serial_usb.o
                0x0000000008002fc0                sduInterruptTransmitted
 *fill*         0x0000000008002fc4        0xc 
 .text.spiInit  0x0000000008002fd0        0x4 build/obj/spi.o
                0x0000000008002fd0                spiInit
 *fill*         0x0000000008002fd4        0xc 
 .text.spiObjectInit
                0x0000000008002fe0       0x10 build/obj/spi.o
                0x0000000008002fe0                spiObjectInit
 .text.spiStart
                0x0000000008002ff0       0x1c build/obj/spi.o
                0x0000000008002ff0                spiStart
 *fill*         0x000000000800300c        0x4 
 .text.spiSelect
                0x0000000008003010       0x14 build/obj/spi.o
                0x0000000008003010                spiSelect
 *fill*         0x0000000008003024        0xc 
 .text.spiUnselect
                0x0000000008003030       0x14 build/obj/spi.o
                0x0000000008003030                spiUnselect
 *fill*         0x0000000008003044        0xc 
 .text.spiExchange
                0x0000000008003050       0x24 build/obj/spi.o
                0x0000000008003050                spiExchange
 *fill*         0x0000000008003074        0xc 
 .text.spiSend  0x0000000008003080       0x24 build/obj/spi.o
                0x0000000008003080                spiSend
 *fill*         0x00000000080030a4        0xc 
 .text.usbInit  0x00000000080030b0        0x4 build/obj/usb.o
                0x00000000080030b0                usbInit
 *fill*         0x00000000080030b4        0xc 
 .text.usbObjectInit
                0x00000000080030c0       0x1c build/obj/usb.o
                0x00000000080030c0                usbObjectInit
 *fill*         0x00000000080030dc        0x4 
 .text.usbStart
                0x00000000080030e0       0x24 build/obj/usb.o
                0x00000000080030e0                usbStart
 *fill*         0x0000000008003104        0xc 
 .text.usbInitEndpointI
                0x0000000008003110       0x30 build/obj/usb.o
                0x0000000008003110                usbInitEndpointI
 .text.usbPrepareQueuedReceive
                0x0000000008003140       0x1c build/obj/usb.o
                0x0000000008003140                usbPrepareQueuedReceive
 *fill*         0x000000000800315c        0x4 
 .text.usbPrepareQueuedTransmit
                0x0000000008003160       0x1c build/obj/usb.o
                0x0000000008003160                usbPrepareQueuedTransmit
 *fill*         0x000000000800317c        0x4 
 .text.usbStartReceiveI
                0x0000000008003180       0x20 build/obj/usb.o
                0x0000000008003180                usbStartReceiveI
 .text.usbStartTransmitI
                0x00000000080031a0       0x20 build/obj/usb.o
                0x00000000080031a0                usbStartTransmitI
 .text._usb_reset
                0x00000000080031c0       0x28 build/obj/usb.o
                0x00000000080031c0                _usb_reset
 *fill*         0x00000000080031e8        0x8 
 .text._usb_ep0setup
                0x00000000080031f0      0x338 build/obj/usb.o
                0x00000000080031f0                _usb_ep0setup
 *fill*         0x0000000008003528        0x8 
 .text._usb_ep0in
                0x0000000008003530       0xe4 build/obj/usb.o
                0x0000000008003530                _usb_ep0in
 *fill*         0x0000000008003614        0xc 
 .text._usb_ep0out
                0x0000000008003620       0x9c build/obj/usb.o
                0x0000000008003620                _usb_ep0out
 *fill*         0x00000000080036bc        0x4 
 .text.nvicEnableVector
                0x00000000080036c0       0x34 build/obj/nvic.o
                0x00000000080036c0                nvicEnableVector
 *fill*         0x00000000080036f4        0xc 
 .text.Vector6C
                0x0000000008003700       0x28 build/obj/stm32_dma.o
                0x0000000008003700                Vector6C
 *fill*         0x0000000008003728        0x8 
 .text.Vector70
                0x0000000008003730       0x2c build/obj/stm32_dma.o
                0x0000000008003730                Vector70
 *fill*         0x000000000800375c        0x4 
 .text.Vector74
                0x0000000008003760       0x2c build/obj/stm32_dma.o
                0x0000000008003760                Vector74
 *fill*         0x000000000800378c        0x4 
 .text.Vector78
                0x0000000008003790       0x2c build/obj/stm32_dma.o
                0x0000000008003790                Vector78
 *fill*         0x00000000080037bc        0x4 
 .text.Vector7C
                0x00000000080037c0       0x28 build/obj/stm32_dma.o
                0x00000000080037c0                Vector7C
 *fill*         0x00000000080037e8        0x8 
 .text.Vector80
                0x00000000080037f0       0x2c build/obj/stm32_dma.o
                0x00000000080037f0                Vector80
 *fill*         0x000000000800381c        0x4 
 .text.Vector84
                0x0000000008003820       0x2c build/obj/stm32_dma.o
                0x0000000008003820                Vector84
 *fill*         0x000000000800384c        0x4 
 .text.VectorFC
                0x0000000008003850       0x2c build/obj/stm32_dma.o
                0x0000000008003850                VectorFC
 *fill*         0x000000000800387c        0x4 
 .text.Vector120
                0x0000000008003880       0x28 build/obj/stm32_dma.o
                0x0000000008003880                Vector120
 *fill*         0x00000000080038a8        0x8 
 .text.Vector124
                0x00000000080038b0       0x2c build/obj/stm32_dma.o
                0x00000000080038b0                Vector124
 *fill*         0x00000000080038dc        0x4 
 .text.Vector128
                0x00000000080038e0       0x2c build/obj/stm32_dma.o
                0x00000000080038e0                Vector128
 *fill*         0x000000000800390c        0x4 
 .text.Vector12C
                0x0000000008003910       0x2c build/obj/stm32_dma.o
                0x0000000008003910                Vector12C
 *fill*         0x000000000800393c        0x4 
 .text.Vector130
                0x0000000008003940       0x28 build/obj/stm32_dma.o
                0x0000000008003940                Vector130
 *fill*         0x0000000008003968        0x8 
 .text.Vector150
                0x0000000008003970       0x2c build/obj/stm32_dma.o
                0x0000000008003970                Vector150
 *fill*         0x000000000800399c        0x4 
 .text.Vector154
                0x00000000080039a0       0x2c build/obj/stm32_dma.o
                0x00000000080039a0                Vector154
 *fill*         0x00000000080039cc        0x4 
 .text.Vector158
                0x00000000080039d0       0x2c build/obj/stm32_dma.o
                0x00000000080039d0                Vector158
 *fill*         0x00000000080039fc        0x4 
 .text.dmaInit  0x0000000008003a00       0x54 build/obj/stm32_dma.o
                0x0000000008003a00                dmaInit
 *fill*         0x0000000008003a54        0xc 
 .text.dmaStreamAllocate
                0x0000000008003a60       0x8c build/obj/stm32_dma.o
                0x0000000008003a60                dmaStreamAllocate
 *fill*         0x0000000008003aec        0x4 
 .text.hal_lld_init
                0x0000000008003af0       0x64 build/obj/hal_lld.o
                0x0000000008003af0                hal_lld_init
 *fill*         0x0000000008003b54        0xc 
 .text.stm32_clock_init
                0x0000000008003b60       0xc8 build/obj/hal_lld.o
                0x0000000008003b60                stm32_clock_init
 *fill*         0x0000000008003c28        0x8 
 .text.VectorB0
                0x0000000008003c30       0x2c build/obj/st_lld.o
                0x0000000008003c30                VectorB0
 *fill*         0x0000000008003c5c        0x4 
 .text.st_lld_init
                0x0000000008003c60       0x48 build/obj/st_lld.o
                0x0000000008003c60                st_lld_init
 *fill*         0x0000000008003ca8        0x8 
 .text.adc_lld_serve_rx_interrupt
                0x0000000008003cb0      0x118 build/obj/adc_lld.o
 *fill*         0x0000000008003dc8        0x8 
 .text.Vector88
                0x0000000008003dd0       0x88 build/obj/adc_lld.o
                0x0000000008003dd0                Vector88
 *fill*         0x0000000008003e58        0x8 
 .text.adc_lld_init
                0x0000000008003e60       0x34 build/obj/adc_lld.o
                0x0000000008003e60                adc_lld_init
 *fill*         0x0000000008003e94        0xc 
 .text.adc_lld_start
                0x0000000008003ea0       0x64 build/obj/adc_lld.o
                0x0000000008003ea0                adc_lld_start
 *fill*         0x0000000008003f04        0xc 
 .text.adc_lld_start_conversion
                0x0000000008003f10       0x94 build/obj/adc_lld.o
                0x0000000008003f10                adc_lld_start_conversion
 *fill*         0x0000000008003fa4        0xc 
 .text.adcSTM32EnableTSVREFE
                0x0000000008003fb0       0x10 build/obj/adc_lld.o
                0x0000000008003fb0                adcSTM32EnableTSVREFE
 .text._pal_lld_init
                0x0000000008003fc0      0x1ac build/obj/pal_lld.o
                0x0000000008003fc0                _pal_lld_init
 *fill*         0x000000000800416c        0x4 
 .text._pal_lld_setgroupmode
                0x0000000008004170       0xb8 build/obj/pal_lld.o
                0x0000000008004170                _pal_lld_setgroupmode
 *fill*         0x0000000008004228        0x8 
 .text.usb_lld_pump
                0x0000000008004230      0x334 build/obj/usb_lld.o
                0x0000000008004230                usb_lld_pump
 *fill*         0x0000000008004564        0xc 
 .text.otg_disable_ep.isra.0
                0x0000000008004570       0x74 build/obj/usb_lld.o
 *fill*         0x00000000080045e4        0xc 
 .text.usb_lld_init
                0x00000000080045f0       0x24 build/obj/usb_lld.o
                0x00000000080045f0                usb_lld_init
 *fill*         0x0000000008004614        0xc 
 .text.usb_lld_start
                0x0000000008004620       0xe4 build/obj/usb_lld.o
                0x0000000008004620                usb_lld_start
 *fill*         0x0000000008004704        0xc 
 .text.usb_lld_reset
                0x0000000008004710       0xc4 build/obj/usb_lld.o
                0x0000000008004710                usb_lld_reset
 *fill*         0x00000000080047d4        0xc 
 .text.usb_lld_set_address
                0x00000000080047e0       0x18 build/obj/usb_lld.o
                0x00000000080047e0                usb_lld_set_address
 *fill*         0x00000000080047f8        0x8 
 .text.usb_lld_init_endpoint
                0x0000000008004800      0x164 build/obj/usb_lld.o
                0x0000000008004800                usb_lld_init_endpoint
 *fill*         0x0000000008004964        0xc 
 .text.usb_lld_get_status_out
                0x0000000008004970       0x1c build/obj/usb_lld.o
                0x0000000008004970                usb_lld_get_status_out
 *fill*         0x000000000800498c        0x4 
 .text.usb_lld_get_status_in
                0x0000000008004990       0x1c build/obj/usb_lld.o
                0x0000000008004990                usb_lld_get_status_in
 *fill*         0x00000000080049ac        0x4 
 .text.usb_lld_read_setup
                0x00000000080049b0       0x14 build/obj/usb_lld.o
                0x00000000080049b0                usb_lld_read_setup
 *fill*         0x00000000080049c4        0xc 
 .text.usb_lld_prepare_receive
                0x00000000080049d0       0x44 build/obj/usb_lld.o
                0x00000000080049d0                usb_lld_prepare_receive
 *fill*         0x0000000008004a14        0xc 
 .text.otg_epout_handler.constprop.7
                0x0000000008004a20       0xa4 build/obj/usb_lld.o
 *fill*         0x0000000008004ac4        0xc 
 .text.usb_lld_prepare_transmit
                0x0000000008004ad0       0x4c build/obj/usb_lld.o
                0x0000000008004ad0                usb_lld_prepare_transmit
 *fill*         0x0000000008004b1c        0x4 
 .text.otg_epin_handler.constprop.8
                0x0000000008004b20       0xd4 build/obj/usb_lld.o
 *fill*         0x0000000008004bf4        0xc 
 .text.Vector14C
                0x0000000008004c00       0xf4 build/obj/usb_lld.o
                0x0000000008004c00                Vector14C
 *fill*         0x0000000008004cf4        0xc 
 .text.usb_lld_start_out
                0x0000000008004d00       0x14 build/obj/usb_lld.o
                0x0000000008004d00                usb_lld_start_out
 *fill*         0x0000000008004d14        0xc 
 .text.usb_lld_start_in
                0x0000000008004d20       0x28 build/obj/usb_lld.o
                0x0000000008004d20                usb_lld_start_in
 *fill*         0x0000000008004d48        0x8 
 .text.usb_lld_stall_out
                0x0000000008004d50       0x14 build/obj/usb_lld.o
                0x0000000008004d50                usb_lld_stall_out
 *fill*         0x0000000008004d64        0xc 
 .text.usb_lld_stall_in
                0x0000000008004d70       0x14 build/obj/usb_lld.o
                0x0000000008004d70                usb_lld_stall_in
 *fill*         0x0000000008004d84        0xc 
 .text.usb_lld_clear_out
                0x0000000008004d90       0x14 build/obj/usb_lld.o
                0x0000000008004d90                usb_lld_clear_out
 *fill*         0x0000000008004da4        0xc 
 .text.usb_lld_clear_in
                0x0000000008004db0       0x14 build/obj/usb_lld.o
                0x0000000008004db0                usb_lld_clear_in
 *fill*         0x0000000008004dc4        0xc 
 .text.spi_lld_serve_tx_interrupt
                0x0000000008004dd0       0x14 build/obj/spi_lld.o
 *fill*         0x0000000008004de4        0xc 
 .text.spi_lld_serve_rx_interrupt
                0x0000000008004df0       0x80 build/obj/spi_lld.o
 .text.spi_lld_init
                0x0000000008004e70       0x70 build/obj/spi_lld.o
                0x0000000008004e70                spi_lld_init
 .text.spi_lld_start
                0x0000000008004ee0       0xc4 build/obj/spi_lld.o
                0x0000000008004ee0                spi_lld_start
 *fill*         0x0000000008004fa4        0xc 
 .text.spi_lld_select
                0x0000000008004fb0       0x10 build/obj/spi_lld.o
                0x0000000008004fb0                spi_lld_select
 .text.spi_lld_unselect
                0x0000000008004fc0       0x10 build/obj/spi_lld.o
                0x0000000008004fc0                spi_lld_unselect
 .text.spi_lld_exchange
                0x0000000008004fd0       0x38 build/obj/spi_lld.o
                0x0000000008004fd0                spi_lld_exchange
 *fill*         0x0000000008005008        0x8 
 .text.spi_lld_send
                0x0000000008005010       0x38 build/obj/spi_lld.o
                0x0000000008005010                spi_lld_send
 *fill*         0x0000000008005048        0x8 
 .text.VectorB8
                0x0000000008005050       0x64 build/obj/pwm_lld.o
                0x0000000008005050                VectorB8
 *fill*         0x00000000080050b4        0xc 
 .text.pwm_lld_init
                0x00000000080050c0       0x1c build/obj/pwm_lld.o
                0x00000000080050c0                pwm_lld_init
 *fill*         0x00000000080050dc        0x4 
 .text.pwm_lld_start
                0x00000000080050e0       0xe4 build/obj/pwm_lld.o
                0x00000000080050e0                pwm_lld_start
 *fill*         0x00000000080051c4        0xc 
 .text.pwm_lld_enable_channel
                0x00000000080051d0        0xc build/obj/pwm_lld.o
                0x00000000080051d0                pwm_lld_enable_channel
 *fill*         0x00000000080051dc        0x4 
 .text.notify2  0x00000000080051e0       0x10 build/obj/serial_lld.o
 .text.VectorD8
                0x00000000080051f0      0x11c build/obj/serial_lld.o
                0x00000000080051f0                VectorD8
 *fill*         0x000000000800530c        0x4 
 .text.sd_lld_init
                0x0000000008005310       0x20 build/obj/serial_lld.o
                0x0000000008005310                sd_lld_init
 .text.sd_lld_start
                0x0000000008005330       0x98 build/obj/serial_lld.o
                0x0000000008005330                sd_lld_start
 *fill*         0x00000000080053c8        0x8 
 .text.__early_init
                0x00000000080053d0        0x4 build/obj/board.o
                0x00000000080053d0                __early_init
 *fill*         0x00000000080053d4        0xc 
 .text.boardInit
                0x00000000080053e0        0x4 build/obj/board.o
                0x00000000080053e0                boardInit
 *fill*         0x00000000080053e4        0xc 
 .text.tmr      0x00000000080053f0        0xc build/obj/test.o
 *fill*         0x00000000080053fc        0x4 
 .text.print_line
                0x0000000008005400       0x30 build/obj/test.o
 .text.test_printn
                0x0000000008005430       0x5c build/obj/test.o
                0x0000000008005430                test_printn
 *fill*         0x000000000800548c        0x4 
 .text.test_print
                0x0000000008005490       0x24 build/obj/test.o
                0x0000000008005490                test_print
 *fill*         0x00000000080054b4        0xc 
 .text.test_println
                0x00000000080054c0       0x38 build/obj/test.o
                0x00000000080054c0                test_println
 *fill*         0x00000000080054f8        0x8 
 .text.test_emit_token
                0x0000000008005500       0x1c build/obj/test.o
                0x0000000008005500                test_emit_token
 *fill*         0x000000000800551c        0x4 
 .text._test_assert
                0x0000000008005520       0x2c build/obj/test.o
                0x0000000008005520                _test_assert
 *fill*         0x000000000800554c        0x4 
 .text._test_assert_sequence
                0x0000000008005550       0x50 build/obj/test.o
                0x0000000008005550                _test_assert_sequence
 .text._test_assert_time_window
                0x00000000080055a0       0x3c build/obj/test.o
                0x00000000080055a0                _test_assert_time_window
 *fill*         0x00000000080055dc        0x4 
 .text.test_terminate_threads
                0x00000000080055e0       0x20 build/obj/test.o
                0x00000000080055e0                test_terminate_threads
 .text.test_wait_threads
                0x0000000008005600       0x24 build/obj/test.o
                0x0000000008005600                test_wait_threads
 *fill*         0x0000000008005624        0xc 
 .text.test_wait_tick
                0x0000000008005630       0x1c build/obj/test.o
                0x0000000008005630                test_wait_tick
 *fill*         0x000000000800564c        0x4 
 .text.test_start_timer
                0x0000000008005650       0x50 build/obj/test.o
                0x0000000008005650                test_start_timer
 .text.TestThread
                0x00000000080056a0      0x320 build/obj/test.o
                0x00000000080056a0                TestThread
 .text.thd1_execute
                0x00000000080059c0       0xc8 build/obj/testthd.o
 *fill*         0x0000000008005a88        0x8 
 .text.thread   0x0000000008005a90        0x8 build/obj/testthd.o
 *fill*         0x0000000008005a98        0x8 
 .text.thd2_execute
                0x0000000008005aa0       0xd8 build/obj/testthd.o
 *fill*         0x0000000008005b78        0x8 
 .text.thd3_execute
                0x0000000008005b80      0x12c build/obj/testthd.o
 *fill*         0x0000000008005cac        0x4 
 .text.thd4_execute
                0x0000000008005cb0       0xa0 build/obj/testthd.o
 .text.sem1_execute
                0x0000000008005d50      0x154 build/obj/testsem.o
 *fill*         0x0000000008005ea4        0xc 
 .text.thread3  0x0000000008005eb0       0x18 build/obj/testsem.o
 *fill*         0x0000000008005ec8        0x8 
 .text.thread1  0x0000000008005ed0       0x18 build/obj/testsem.o
 *fill*         0x0000000008005ee8        0x8 
 .text.sem3_setup
                0x0000000008005ef0        0xc build/obj/testsem.o
 *fill*         0x0000000008005efc        0x4 
 .text.sem2_setup
                0x0000000008005f00        0x4 build/obj/testsem.o
 *fill*         0x0000000008005f04        0xc 
 .text.sem1_setup
                0x0000000008005f10        0x4 build/obj/testsem.o
 *fill*         0x0000000008005f14        0xc 
 .text.thread2  0x0000000008005f20       0x28 build/obj/testsem.o
 *fill*         0x0000000008005f48        0x8 
 .text.sem2_execute
                0x0000000008005f50      0x154 build/obj/testsem.o
 *fill*         0x00000000080060a4        0xc 
 .text.sem3_execute
                0x00000000080060b0       0x98 build/obj/testsem.o
 *fill*         0x0000000008006148        0x8 
 .text.thread4  0x0000000008006150       0x2c build/obj/testsem.o
 *fill*         0x000000000800617c        0x4 
 .text.sem4_execute
                0x0000000008006180      0x150 build/obj/testsem.o
 .text.mtx1_execute
                0x00000000080062d0       0xdc build/obj/testmtx.o
 *fill*         0x00000000080063ac        0x4 
 .text.thread1  0x00000000080063b0       0x20 build/obj/testmtx.o
 .text.thread12
                0x00000000080063d0       0x20 build/obj/testmtx.o
 .text.mtx4_setup
                0x00000000080063f0       0x1c build/obj/testmtx.o
 *fill*         0x000000000800640c        0x4 
 .text.mtx5_setup
                0x0000000008006410        0xc build/obj/testmtx.o
 *fill*         0x000000000800641c        0x4 
 .text.mtx1_setup
                0x0000000008006420        0x4 build/obj/testmtx.o
 *fill*         0x0000000008006424        0xc 
 .text.thread4b
                0x0000000008006430       0x20 build/obj/testmtx.o
 .text.thread4a
                0x0000000008006450       0x20 build/obj/testmtx.o
 .text.mtx4_execute
                0x0000000008006470      0x26c build/obj/testmtx.o
 *fill*         0x00000000080066dc        0x4 
 .text.mtx5_execute
                0x00000000080066e0       0xb8 build/obj/testmtx.o
 *fill*         0x0000000008006798        0x8 
 .text.mtx6_execute
                0x00000000080067a0       0xec build/obj/testmtx.o
 *fill*         0x000000000800688c        0x4 
 .text.thread10
                0x0000000008006890       0x2c build/obj/testmtx.o
 *fill*         0x00000000080068bc        0x4 
 .text.mtx7_setup
                0x00000000080068c0       0x1c build/obj/testmtx.o
 *fill*         0x00000000080068dc        0x4 
 .text.mtx6_setup
                0x00000000080068e0        0x4 build/obj/testmtx.o
 *fill*         0x00000000080068e4        0xc 
 .text.mtx8_setup
                0x00000000080068f0       0x24 build/obj/testmtx.o
 *fill*         0x0000000008006914        0xc 
 .text.mtx7_execute
                0x0000000008006920       0xc0 build/obj/testmtx.o
 .text.mtx8_execute
                0x00000000080069e0       0x9c build/obj/testmtx.o
 *fill*         0x0000000008006a7c        0x4 
 .text.thread11
                0x0000000008006a80       0x40 build/obj/testmtx.o
 .text.msg1_execute
                0x0000000008006ac0       0x78 build/obj/testmsg.o
 *fill*         0x0000000008006b38        0x8 
 .text.thread   0x0000000008006b40       0x20 build/obj/testmsg.o
 .text.mbox1_execute
                0x0000000008006b60      0x5d4 build/obj/testmbox.o
 *fill*         0x0000000008007134        0xc 
 .text.mbox1_setup
                0x0000000008007140       0x14 build/obj/testmbox.o
 *fill*         0x0000000008007154        0xc 
 .text.h3       0x0000000008007160        0x8 build/obj/testevt.o
 *fill*         0x0000000008007168        0x8 
 .text.h2       0x0000000008007170        0x8 build/obj/testevt.o
 *fill*         0x0000000008007178        0x8 
 .text.h1       0x0000000008007180        0x8 build/obj/testevt.o
 *fill*         0x0000000008007188        0x8 
 .text.evt1_execute
                0x0000000008007190       0x8c build/obj/testevt.o
 *fill*         0x000000000800721c        0x4 
 .text.evt3_setup
                0x0000000008007220        0x8 build/obj/testevt.o
 *fill*         0x0000000008007228        0x8 
 .text.evt2_setup
                0x0000000008007230        0x4 build/obj/testevt.o
 *fill*         0x0000000008007234        0xc 
 .text.evt1_setup
                0x0000000008007240        0x4 build/obj/testevt.o
 *fill*         0x0000000008007244        0xc 
 .text.evt2_execute
                0x0000000008007250      0x290 build/obj/testevt.o
 .text.thread2  0x00000000080074e0       0x28 build/obj/testevt.o
 *fill*         0x0000000008007508        0x8 
 .text.thread1  0x0000000008007510       0x18 build/obj/testevt.o
 *fill*         0x0000000008007528        0x8 
 .text.evt3_execute
                0x0000000008007530       0xa0 build/obj/testevt.o
 .text.heap1_execute
                0x00000000080075d0      0x244 build/obj/testheap.o
 *fill*         0x0000000008007814        0xc 
 .text.heap1_setup
                0x0000000008007820       0x14 build/obj/testheap.o
 *fill*         0x0000000008007834        0xc 
 .text.null_provider
                0x0000000008007840        0x4 build/obj/testpools.o
 *fill*         0x0000000008007844        0xc 
 .text.pools1_setup
                0x0000000008007850       0x10 build/obj/testpools.o
 .text.pools1_execute
                0x0000000008007860       0xbc build/obj/testpools.o
 *fill*         0x000000000800791c        0x4 
 .text.dyn1_execute
                0x0000000008007920       0xf4 build/obj/testdyn.o
 *fill*         0x0000000008007a14        0xc 
 .text.thread   0x0000000008007a20        0x8 build/obj/testdyn.o
 *fill*         0x0000000008007a28        0x8 
 .text.dyn3_setup
                0x0000000008007a30       0x14 build/obj/testdyn.o
 *fill*         0x0000000008007a44        0xc 
 .text.dyn1_setup
                0x0000000008007a50        0x4 build/obj/testdyn.o
 *fill*         0x0000000008007a54        0xc 
 .text.dyn2_execute
                0x0000000008007a60       0xf4 build/obj/testdyn.o
 *fill*         0x0000000008007b54        0xc 
 .text.dyn2_setup
                0x0000000008007b60       0x10 build/obj/testdyn.o
 .text.regfind  0x0000000008007b70       0x24 build/obj/testdyn.o
 *fill*         0x0000000008007b94        0xc 
 .text.dyn3_execute
                0x0000000008007ba0      0x134 build/obj/testdyn.o
 *fill*         0x0000000008007cd4        0xc 
 .text.notify   0x0000000008007ce0        0x4 build/obj/testqueues.o
 *fill*         0x0000000008007ce4        0xc 
 .text.thread1  0x0000000008007cf0       0x10 build/obj/testqueues.o
 .text.queues1_setup
                0x0000000008007d00       0x28 build/obj/testqueues.o
 *fill*         0x0000000008007d28        0x8 
 .text.thread2  0x0000000008007d30       0x10 build/obj/testqueues.o
 .text.queues2_setup
                0x0000000008007d40       0x28 build/obj/testqueues.o
 *fill*         0x0000000008007d68        0x8 
 .text.queues1_execute
                0x0000000008007d70      0x268 build/obj/testqueues.o
 *fill*         0x0000000008007fd8        0x8 
 .text.queues2_execute
                0x0000000008007fe0      0x23c build/obj/testqueues.o
 *fill*         0x000000000800821c        0x4 
 .text.sys2_execute
                0x0000000008008220       0x1c build/obj/testsys.o
 *fill*         0x000000000800823c        0x4 
 .text.vtcb     0x0000000008008240       0x20 build/obj/testsys.o
 .text.sys3_execute
                0x0000000008008260       0x84 build/obj/testsys.o
 *fill*         0x00000000080082e4        0xc 
 .text.sys1_execute
                0x00000000080082f0       0xa8 build/obj/testsys.o
 *fill*         0x0000000008008398        0x8 
 .text.tmo      0x00000000080083a0        0x4 build/obj/testbmk.o
 *fill*         0x00000000080083a4        0xc 
 .text.bmk13_execute
                0x00000000080083b0       0xec build/obj/testbmk.o
 *fill*         0x000000000800849c        0x4 
 .text.thread2  0x00000000080084a0       0x14 build/obj/testbmk.o
 *fill*         0x00000000080084b4        0xc 
 .text.bmk6_execute
                0x00000000080084c0       0x70 build/obj/testbmk.o
 .text.msg_loop_test
                0x0000000008008530       0x34 build/obj/testbmk.o
 *fill*         0x0000000008008564        0xc 
 .text.bmk1_execute
                0x0000000008008570       0x6c build/obj/testbmk.o
 *fill*         0x00000000080085dc        0x4 
 .text.bmk2_execute
                0x00000000080085e0       0x6c build/obj/testbmk.o
 *fill*         0x000000000800864c        0x4 
 .text.bmk3_execute
                0x0000000008008650       0xd8 build/obj/testbmk.o
 *fill*         0x0000000008008728        0x8 
 .text.thread1  0x0000000008008730        0x4 build/obj/testbmk.o
 *fill*         0x0000000008008734        0xc 
 .text.bmk4_execute
                0x0000000008008740       0xbc build/obj/testbmk.o
 *fill*         0x00000000080087fc        0x4 
 .text.thread4  0x0000000008008800       0x24 build/obj/testbmk.o
 *fill*         0x0000000008008824        0xc 
 .text.bmk5_execute
                0x0000000008008830       0x74 build/obj/testbmk.o
 *fill*         0x00000000080088a4        0xc 
 .text.bmk7_execute
                0x00000000080088b0      0x10c build/obj/testbmk.o
 *fill*         0x00000000080089bc        0x4 
 .text.thread3  0x00000000080089c0       0x24 build/obj/testbmk.o
 *fill*         0x00000000080089e4        0xc 
 .text.bmk7_setup
                0x00000000080089f0        0xc build/obj/testbmk.o
 *fill*         0x00000000080089fc        0x4 
 .text.bmk11_setup
                0x0000000008008a00        0xc build/obj/testbmk.o
 *fill*         0x0000000008008a0c        0x4 
 .text.bmk8_execute
                0x0000000008008a10       0xdc build/obj/testbmk.o
 *fill*         0x0000000008008aec        0x4 
 .text.thread8  0x0000000008008af0       0x2c build/obj/testbmk.o
 *fill*         0x0000000008008b1c        0x4 
 .text.bmk9_execute
                0x0000000008008b20       0xac build/obj/testbmk.o
 *fill*         0x0000000008008bcc        0x4 
 .text.bmk10_execute
                0x0000000008008bd0       0x7c build/obj/testbmk.o
 *fill*         0x0000000008008c4c        0x4 
 .text.bmk11_execute
                0x0000000008008c50       0x70 build/obj/testbmk.o
 .text.bmk12_execute
                0x0000000008008cc0       0x70 build/obj/testbmk.o
 .text.bmk12_setup
                0x0000000008008d30        0xc build/obj/testbmk.o
 *fill*         0x0000000008008d3c        0x4 
 .text.lis302dlReadRegister
                0x0000000008008d40       0x38 build/obj/lis302dl.o
                0x0000000008008d40                lis302dlReadRegister
 *fill*         0x0000000008008d78        0x8 
 .text.lis302dlWriteRegister
                0x0000000008008d80       0x48 build/obj/lis302dl.o
                0x0000000008008d80                lis302dlWriteRegister
 *fill*         0x0000000008008dc8        0x8 
 .text.chprintf
                0x0000000008008dd0       0x1c build/obj/shell.o
 *fill*         0x0000000008008dec        0x4 
 .text.cmd_systime
                0x0000000008008df0       0x30 build/obj/shell.o
 .text.cmd_info
                0x0000000008008e20       0xbc build/obj/shell.o
 *fill*         0x0000000008008edc        0x4 
 .text._strtok.constprop.2
                0x0000000008008ee0       0x40 build/obj/shell.o
 .text.shellInit
                0x0000000008008f20        0xc build/obj/shell.o
                0x0000000008008f20                shellInit
 *fill*         0x0000000008008f2c        0x4 
 .text.shellCreate
                0x0000000008008f30       0x18 build/obj/shell.o
                0x0000000008008f30                shellCreate
 *fill*         0x0000000008008f48        0x8 
 .text.shellGetLine
                0x0000000008008f50       0xa0 build/obj/shell.o
                0x0000000008008f50                shellGetLine
 .text.shell_thread
                0x0000000008008ff0      0x1b0 build/obj/shell.o
 .text.ch_ltoa  0x00000000080091a0       0x44 build/obj/chprintf.o
 *fill*         0x00000000080091e4        0xc 
 .text.chvprintf
                0x00000000080091f0      0x4e0 build/obj/chprintf.o
                0x00000000080091f0                chvprintf
 .text.get_descriptor
                0x00000000080096d0       0x30 build/obj/usbcfg.o
 .text.usb_event
                0x0000000008009700       0x40 build/obj/usbcfg.o
 .text.adcerrorcallback
                0x0000000008009740        0x4 build/obj/main.o
 *fill*         0x0000000008009744        0xc 
 .text.chprintf
                0x0000000008009750       0x1c build/obj/main.o
 *fill*         0x000000000800976c        0x4 
 .text.Thread2  0x0000000008009770       0xa4 build/obj/main.o
 *fill*         0x0000000008009814        0xc 
 .text.Thread1  0x0000000008009820      0x158 build/obj/main.o
 *fill*         0x0000000008009978        0x8 
 .text.cmd_test
                0x0000000008009980       0x50 build/obj/main.o
 .text.cmd_threads
                0x00000000080099d0       0x5c build/obj/main.o
 *fill*         0x0000000008009a2c        0x4 
 .text.cmd_mem  0x0000000008009a30       0x54 build/obj/main.o
 *fill*         0x0000000008009a84        0xc 
 .text.startup.main
                0x0000000008009a90      0x1a8 build/obj/main.o
                0x0000000008009a90                main
 *fill*         0x0000000008009c38        0x8 
 .text.strcasecmp
                0x0000000008009c40       0x4c /usr/bin/../lib/gcc/arm-none-eabi/5.3.1/../../../../arm-none-eabi/lib/armv7e-m/libg.a(lib_a-strcasecmp.o)
                0x0000000008009c40                strcasecmp
 *fill*         0x0000000008009c8c        0x4 
 .text.strpbrk  0x0000000008009c90       0x44 /usr/bin/../lib/gcc/arm-none-eabi/5.3.1/../../../../arm-none-eabi/lib/armv7e-m/libg.a(lib_a-strpbrk.o)
                0x0000000008009c90                strpbrk
 *fill*         0x0000000008009cd4        0xc 
 .text.strspn   0x0000000008009ce0       0x34 /usr/bin/../lib/gcc/arm-none-eabi/5.3.1/../../../../arm-none-eabi/lib/armv7e-m/libg.a(lib_a-strspn.o)
                0x0000000008009ce0                strspn
 *(.rodata)
 *(.rodata.*)
 *fill*         0x0000000008009d14        0xc 
 .rodata.str1.4
                0x0000000008009d20        0x5 build/obj/chsys.o
 *fill*         0x0000000008009d25        0xb 
 .rodata.ch_debug
                0x0000000008009d30       0x16 build/obj/chregistry.o
                0x0000000008009d30                ch_debug
 *fill*         0x0000000008009d46        0xa 
 .rodata.vmt    0x0000000008009d50       0x20 build/obj/serial.o
 .rodata.vmt    0x0000000008009d70       0x20 build/obj/serial_usb.o
 .rodata.zero_status
                0x0000000008009d90        0x2 build/obj/usb.o
 *fill*         0x0000000008009d92        0xe 
 .rodata.active_status
                0x0000000008009da0        0x2 build/obj/usb.o
 *fill*         0x0000000008009da2        0xe 
 .rodata.halted_status
                0x0000000008009db0        0x2 build/obj/usb.o
 *fill*         0x0000000008009db2        0xe 
 .rodata._stm32_dma_streams
                0x0000000008009dc0       0xc0 build/obj/stm32_dma.o
                0x0000000008009dc0                _stm32_dma_streams
 .rodata.fsparams
                0x0000000008009e80        0xc build/obj/usb_lld.o
 *fill*         0x0000000008009e8c        0x4 
 .rodata.str1.4
                0x0000000008009e90        0xd build/obj/usb_lld.o
 *fill*         0x0000000008009e9d        0x3 
 .rodata.ep0config
                0x0000000008009ea0       0x24 build/obj/usb_lld.o
 *fill*         0x0000000008009ec4        0xc 
 .rodata.str1.4
                0x0000000008009ed0        0xc build/obj/spi_lld.o
 *fill*         0x0000000008009edc        0x4 
 .rodata.default_config
                0x0000000008009ee0        0xc build/obj/serial_lld.o
 *fill*         0x0000000008009eec        0x4 
 .rodata.pal_default_config
                0x0000000008009ef0       0xfc build/obj/board.o
                0x0000000008009ef0                pal_default_config
 *fill*         0x0000000008009fec        0x4 
 .rodata.wa     0x0000000008009ff0       0x14 build/obj/test.o
                0x0000000008009ff0                wa
 *fill*         0x000000000800a004        0xc 
 .rodata.patterns
                0x000000000800a010       0x34 build/obj/test.o
 *fill*         0x000000000800a044        0xc 
 .rodata.str1.4
                0x000000000800a050      0x20d build/obj/test.o
                                        0x21d (size before relaxing)
 *fill*         0x000000000800a25d        0x3 
 .rodata.testthd1
                0x000000000800a260       0x10 build/obj/testthd.o
                0x000000000800a260                testthd1
 .rodata.testthd2
                0x000000000800a270       0x10 build/obj/testthd.o
                0x000000000800a270                testthd2
 .rodata.testthd3
                0x000000000800a280       0x10 build/obj/testthd.o
                0x000000000800a280                testthd3
 .rodata.testthd4
                0x000000000800a290       0x10 build/obj/testthd.o
                0x000000000800a290                testthd4
 .rodata.patternthd
                0x000000000800a2a0       0x14 build/obj/testthd.o
                0x000000000800a2a0                patternthd
 *fill*         0x000000000800a2b4        0xc 
 .rodata.str1.4
                0x000000000800a2c0       0x77 build/obj/testthd.o
                                         0x7f (size before relaxing)
 *fill*         0x000000000800a337        0x9 
 .rodata.testsem1
                0x000000000800a340       0x10 build/obj/testsem.o
                0x000000000800a340                testsem1
 .rodata.testsem2
                0x000000000800a350       0x10 build/obj/testsem.o
                0x000000000800a350                testsem2
 .rodata.testsem3
                0x000000000800a360       0x10 build/obj/testsem.o
                0x000000000800a360                testsem3
 .rodata.testsem4
                0x000000000800a370       0x10 build/obj/testsem.o
                0x000000000800a370                testsem4
 .rodata.patternsem
                0x000000000800a380       0x14 build/obj/testsem.o
                0x000000000800a380                patternsem
 *fill*         0x000000000800a394        0xc 
 .rodata.str1.4
                0x000000000800a3a0       0x6e build/obj/testsem.o
                                         0x8a (size before relaxing)
 *fill*         0x000000000800a40e        0x2 
 .rodata.testmtx5
                0x000000000800a410       0x10 build/obj/testmtx.o
                0x000000000800a410                testmtx5
 .rodata.testmtx6
                0x000000000800a420       0x10 build/obj/testmtx.o
                0x000000000800a420                testmtx6
 .rodata.testmtx7
                0x000000000800a430       0x10 build/obj/testmtx.o
                0x000000000800a430                testmtx7
 .rodata.testmtx8
                0x000000000800a440       0x10 build/obj/testmtx.o
                0x000000000800a440                testmtx8
 .rodata.str1.4
                0x000000000800a450       0x95 build/obj/testmtx.o
                                         0xb1 (size before relaxing)
 *fill*         0x000000000800a4e5        0xb 
 .rodata.patternmtx
                0x000000000800a4f0       0x1c build/obj/testmtx.o
                0x000000000800a4f0                patternmtx
 *fill*         0x000000000800a50c        0x4 
 .rodata.testmtx1
                0x000000000800a510       0x10 build/obj/testmtx.o
                0x000000000800a510                testmtx1
 .rodata.testmtx4
                0x000000000800a520       0x10 build/obj/testmtx.o
                0x000000000800a520                testmtx4
 .rodata.testmsg1
                0x000000000800a530       0x10 build/obj/testmsg.o
                0x000000000800a530                testmsg1
 .rodata.str1.4
                0x000000000800a540        0xf build/obj/testmsg.o
                                         0x13 (size before relaxing)
 *fill*         0x000000000800a54f        0x1 
 .rodata.patternmsg
                0x000000000800a550        0x8 build/obj/testmsg.o
                0x000000000800a550                patternmsg
 *fill*         0x000000000800a558        0x8 
 .rodata.patternmbox
                0x000000000800a560        0x8 build/obj/testmbox.o
                0x000000000800a560                patternmbox
 *fill*         0x000000000800a568        0x8 
 .rodata.str1.4
                0x000000000800a570       0x20 build/obj/testmbox.o
                                         0x28 (size before relaxing)
 .rodata.testmbox1
                0x000000000800a590       0x10 build/obj/testmbox.o
                0x000000000800a590                testmbox1
 .rodata.patternevt
                0x000000000800a5a0       0x10 build/obj/testevt.o
                0x000000000800a5a0                patternevt
 .rodata.testevt2
                0x000000000800a5b0       0x10 build/obj/testevt.o
                0x000000000800a5b0                testevt2
 .rodata.str1.4
                0x000000000800a5c0       0x52 build/obj/testevt.o
                                         0x5a (size before relaxing)
 *fill*         0x000000000800a612        0xe 
 .rodata.testevt1
                0x000000000800a620       0x10 build/obj/testevt.o
                0x000000000800a620                testevt1
 .rodata.evhndl
                0x000000000800a630        0xc build/obj/testevt.o
 *fill*         0x000000000800a63c        0x4 
 .rodata.testevt3
                0x000000000800a640       0x10 build/obj/testevt.o
                0x000000000800a640                testevt3
 .rodata.patternheap
                0x000000000800a650        0x8 build/obj/testheap.o
                0x000000000800a650                patternheap
 *fill*         0x000000000800a658        0x8 
 .rodata.str1.4
                0x000000000800a660       0x28 build/obj/testheap.o
 *fill*         0x000000000800a688        0x8 
 .rodata.testheap1
                0x000000000800a690       0x10 build/obj/testheap.o
                0x000000000800a690                testheap1
 .rodata.str1.4
                0x000000000800a6a0       0x1c build/obj/testpools.o
 *fill*         0x000000000800a6bc        0x4 
 .rodata.patternpools
                0x000000000800a6c0        0x8 build/obj/testpools.o
                0x000000000800a6c0                patternpools
 *fill*         0x000000000800a6c8        0x8 
 .rodata.testpools1
                0x000000000800a6d0       0x10 build/obj/testpools.o
                0x000000000800a6d0                testpools1
 .rodata.testdyn1
                0x000000000800a6e0       0x10 build/obj/testdyn.o
                0x000000000800a6e0                testdyn1
 .rodata.testdyn2
                0x000000000800a6f0       0x10 build/obj/testdyn.o
                0x000000000800a6f0                testdyn2
 .rodata.testdyn3
                0x000000000800a700       0x10 build/obj/testdyn.o
                0x000000000800a700                testdyn3
 .rodata.str1.4
                0x000000000800a710       0x8d build/obj/testdyn.o
                                         0xa1 (size before relaxing)
 *fill*         0x000000000800a79d        0x3 
 .rodata.patterndyn
                0x000000000800a7a0       0x10 build/obj/testdyn.o
                0x000000000800a7a0                patterndyn
 .rodata.patternqueues
                0x000000000800a7b0        0xc build/obj/testqueues.o
                0x000000000800a7b0                patternqueues
 *fill*         0x000000000800a7bc        0x4 
 .rodata.testqueues2
                0x000000000800a7c0       0x10 build/obj/testqueues.o
                0x000000000800a7c0                testqueues2
 .rodata.str1.4
                0x000000000800a7d0       0x2d build/obj/testqueues.o
                                         0x35 (size before relaxing)
 *fill*         0x000000000800a7fd        0x3 
 .rodata.testqueues1
                0x000000000800a800       0x10 build/obj/testqueues.o
                0x000000000800a800                testqueues1
 .rodata.testsys1
                0x000000000800a810       0x10 build/obj/testsys.o
                0x000000000800a810                testsys1
 .rodata.testsys2
                0x000000000800a820       0x10 build/obj/testsys.o
                0x000000000800a820                testsys2
 .rodata.testsys3
                0x000000000800a830       0x10 build/obj/testsys.o
                0x000000000800a830                testsys3
 .rodata.str1.4
                0x000000000800a840       0x47 build/obj/testsys.o
 *fill*         0x000000000800a887        0x9 
 .rodata.patternsys
                0x000000000800a890       0x10 build/obj/testsys.o
                0x000000000800a890                patternsys
 .rodata.testbmk8
                0x000000000800a8a0       0x10 build/obj/testbmk.o
                0x000000000800a8a0                testbmk8
 .rodata.patternbmk
                0x000000000800a8b0       0x38 build/obj/testbmk.o
                0x000000000800a8b0                patternbmk
 *fill*         0x000000000800a8e8        0x8 
 .rodata.testbmk1
                0x000000000800a8f0       0x10 build/obj/testbmk.o
                0x000000000800a8f0                testbmk1
 .rodata.testbmk2
                0x000000000800a900       0x10 build/obj/testbmk.o
                0x000000000800a900                testbmk2
 .rodata.testbmk9
                0x000000000800a910       0x10 build/obj/testbmk.o
                0x000000000800a910                testbmk9
 .rodata.testbmk3
                0x000000000800a920       0x10 build/obj/testbmk.o
                0x000000000800a920                testbmk3
 .rodata.testbmk5
                0x000000000800a930       0x10 build/obj/testbmk.o
                0x000000000800a930                testbmk5
 .rodata.testbmk4
                0x000000000800a940       0x10 build/obj/testbmk.o
                0x000000000800a940                testbmk4
 .rodata.str1.4
                0x000000000800a950      0x2c7 build/obj/testbmk.o
 *fill*         0x000000000800ac17        0x9 
 .rodata.testbmk10
                0x000000000800ac20       0x10 build/obj/testbmk.o
                0x000000000800ac20                testbmk10
 .rodata.testbmk11
                0x000000000800ac30       0x10 build/obj/testbmk.o
                0x000000000800ac30                testbmk11
 .rodata.testbmk12
                0x000000000800ac40       0x10 build/obj/testbmk.o
                0x000000000800ac40                testbmk12
 .rodata.testbmk13
                0x000000000800ac50       0x10 build/obj/testbmk.o
                0x000000000800ac50                testbmk13
 .rodata.testbmk6
                0x000000000800ac60       0x10 build/obj/testbmk.o
                0x000000000800ac60                testbmk6
 .rodata.testbmk7
                0x000000000800ac70       0x10 build/obj/testbmk.o
                0x000000000800ac70                testbmk7
 .rodata.str1.4
                0x000000000800ac80      0x16d build/obj/shell.o
                                        0x245 (size before relaxing)
 *fill*         0x000000000800aded        0x3 
 .rodata.str1.4
                0x000000000800adf0        0x7 build/obj/chprintf.o
 *fill*         0x000000000800adf7        0x9 
 .rodata.pow10  0x000000000800ae00       0x24 build/obj/chprintf.o
 *fill*         0x000000000800ae24        0xc 
 .rodata.ep1config
                0x000000000800ae30       0x24 build/obj/usbcfg.o
 *fill*         0x000000000800ae54        0xc 
 .rodata.vcom_configuration_descriptor
                0x000000000800ae60        0x8 build/obj/usbcfg.o
 *fill*         0x000000000800ae68        0x8 
 .rodata.ep2config
                0x000000000800ae70       0x24 build/obj/usbcfg.o
 *fill*         0x000000000800ae94        0xc 
 .rodata.usbcfg
                0x000000000800aea0       0x10 build/obj/usbcfg.o
                0x000000000800aea0                usbcfg
 .rodata.vcom_configuration_descriptor_data
                0x000000000800aeb0       0x43 build/obj/usbcfg.o
 *fill*         0x000000000800aef3        0xd 
 .rodata.vcom_device_descriptor_data
                0x000000000800af00       0x12 build/obj/usbcfg.o
 *fill*         0x000000000800af12        0xe 
 .rodata.vcom_string0
                0x000000000800af20        0x4 build/obj/usbcfg.o
 *fill*         0x000000000800af24        0xc 
 .rodata.vcom_string1
                0x000000000800af30       0x26 build/obj/usbcfg.o
 *fill*         0x000000000800af56        0xa 
 .rodata.vcom_string2
                0x000000000800af60       0x38 build/obj/usbcfg.o
 *fill*         0x000000000800af98        0x8 
 .rodata.vcom_string3
                0x000000000800afa0        0x8 build/obj/usbcfg.o
 *fill*         0x000000000800afa8        0x8 
 .rodata.vcom_strings
                0x000000000800afb0       0x20 build/obj/usbcfg.o
 .rodata.serusbcfg
                0x000000000800afd0        0x8 build/obj/usbcfg.o
                0x000000000800afd0                serusbcfg
 *fill*         0x000000000800afd8        0x8 
 .rodata.vcom_device_descriptor
                0x000000000800afe0        0x8 build/obj/usbcfg.o
 *fill*         0x000000000800afe8        0x8 
 .rodata.commands
                0x000000000800aff0       0x20 build/obj/main.o
 .rodata.states.7836
                0x000000000800b010       0x40 build/obj/main.o
 .rodata.spi1cfg
                0x000000000800b050        0xc build/obj/main.o
 *fill*         0x000000000800b05c        0x4 
 .rodata.spi2cfg
                0x000000000800b060        0xc build/obj/main.o
 *fill*         0x000000000800b06c        0x4 
 .rodata.str1.4
                0x000000000800b070      0x188 build/obj/main.o
                                        0x18d (size before relaxing)
 *fill*         0x000000000800b1f8        0x8 